[0.030s] Invoking command in '/home/rm/sp_vision_tutorial_27/lecture4/build/nav_hw_interfaces': CMAKE_PREFIX_PATH=/opt/ros/humble /usr/bin/cmake /home/rm/sp_vision_tutorial_27/lecture4/homework/src/nav_hw_interfaces -DCMAKE_INSTALL_PREFIX=/home/rm/sp_vision_tutorial_27/lecture4/install/nav_hw_interfaces
[0.304s] -- The C compiler identification is GNU 11.4.0
[0.304s] -- The CXX compiler identification is GNU 11.4.0
[0.304s] -- Detecting C compiler ABI info
[0.305s] -- Detecting C compiler ABI info - done
[0.305s] -- Check for working C compiler: /usr/bin/cc - skipped
[0.305s] -- Detecting C compile features
[0.305s] -- Detecting C compile features - done
[0.305s] -- Detecting CXX compiler ABI info
[0.305s] -- Detecting CXX compiler ABI info - done
[0.305s] -- Check for working CXX compiler: /usr/bin/c++ - skipped
[0.305s] -- Detecting CXX compile features
[0.305s] -- Detecting CXX compile features - done
[0.305s] -- Found ament_cmake: 1.3.14 (/opt/ros/humble/share/ament_cmake/cmake)
[0.351s] -- Found Python3: /usr/bin/python3 (found version "3.10.12") found components: Interpreter 
[0.403s] -- Found rosidl_default_generators: 1.2.1 (/opt/ros/humble/share/rosidl_default_generators/cmake)
[0.408s] -- Using all available rosidl_typesupport_c: rosidl_typesupport_fastrtps_c;rosidl_typesupport_introspection_c
[0.408s] -- Found rosidl_adapter: 3.1.9 (/opt/ros/humble/share/rosidl_adapter/cmake)
[0.429s] -- Using all available rosidl_typesupport_cpp: rosidl_typesupport_fastrtps_cpp;rosidl_typesupport_introspection_cpp
[0.453s] -- Found std_msgs: 4.9.2 (/opt/ros/humble/share/std_msgs/cmake)
[0.686s] -- Found ament_cmake_ros: 0.10.1 (/opt/ros/humble/share/ament_cmake_ros/cmake)
[0.830s] -- Using all available rosidl_typesupport_c: rosidl_typesupport_fastrtps_c;rosidl_typesupport_introspection_c
[1.045s] -- Using all available rosidl_typesupport_cpp: rosidl_typesupport_fastrtps_cpp;rosidl_typesupport_introspection_cpp
[1.062s] -- Found PythonInterp: /usr/bin/python3 (found suitable version "3.10.12", minimum required is "3.6") 
[1.064s] -- Found python_cmake_module: 0.10.0 (/opt/ros/humble/share/python_cmake_module/cmake)
[1.082s] -- Found PythonLibs: /usr/lib/x86_64-linux-gnu/libpython3.10.so (found suitable version "3.10.12", minimum required is "3.5") 
[1.082s] -- Using PYTHON_EXECUTABLE: /usr/bin/python3
[1.082s] -- Using PYTHON_INCLUDE_DIRS: /usr/include/python3.10
[1.082s] -- Using PYTHON_LIBRARIES: /usr/lib/x86_64-linux-gnu/libpython3.10.so
[1.098s] -- Found PythonExtra: .so  
[1.185s] -- Configuring done
[1.224s] -- Generating done
[1.235s] -- Build files have been written to: /home/rm/sp_vision_tutorial_27/lecture4/build/nav_hw_interfaces
[1.240s] Invoked command in '/home/rm/sp_vision_tutorial_27/lecture4/build/nav_hw_interfaces' returned '0': CMAKE_PREFIX_PATH=/opt/ros/humble /usr/bin/cmake /home/rm/sp_vision_tutorial_27/lecture4/homework/src/nav_hw_interfaces -DCMAKE_INSTALL_PREFIX=/home/rm/sp_vision_tutorial_27/lecture4/install/nav_hw_interfaces
[1.241s] Invoking command in '/home/rm/sp_vision_tutorial_27/lecture4/build/nav_hw_interfaces': CMAKE_PREFIX_PATH=/opt/ros/humble /usr/bin/cmake --build /home/rm/sp_vision_tutorial_27/lecture4/build/nav_hw_interfaces -- -j8 -l8
[1.285s] [  3%] [34m[1mGenerating C code for ROS interfaces[0m
[1.296s] [  6%] [34m[1mGenerating Rust code for ROS interfaces[0m
[1.302s] [  9%] [34m[1mGenerating C++ code for ROS interfaces[0m
[1.312s] [  9%] Built target ament_cmake_python_copy_nav_hw_interfaces
[1.504s] [  9%] Built target nav_hw_interfaces__rs
[1.511s] running egg_info
[1.511s] creating nav_hw_interfaces.egg-info
[1.511s] writing nav_hw_interfaces.egg-info/PKG-INFO
[1.511s] writing dependency_links to nav_hw_interfaces.egg-info/dependency_links.txt
[1.511s] writing top-level names to nav_hw_interfaces.egg-info/top_level.txt
[1.511s] writing manifest file 'nav_hw_interfaces.egg-info/SOURCES.txt'
[1.511s] reading manifest file 'nav_hw_interfaces.egg-info/SOURCES.txt'
[1.511s] writing manifest file 'nav_hw_interfaces.egg-info/SOURCES.txt'
[1.535s] [  9%] Built target ament_cmake_python_build_nav_hw_interfaces_egg
[1.536s] [ 12%] [32mBuilding C object CMakeFiles/nav_hw_interfaces__rosidl_generator_c.dir/rosidl_generator_c/nav_hw_interfaces/msg/detail/sensor_data__functions.c.o[0m
[1.579s] [ 15%] [32m[1mLinking C shared library libnav_hw_interfaces__rosidl_generator_c.so[0m
[1.608s] [ 15%] Built target nav_hw_interfaces__cpp
[1.621s] [ 18%] [34m[1mGenerating C++ type support for eProsima Fast-RTPS[0m
[1.621s] [ 21%] [34m[1mGenerating C++ type support dispatch for ROS interfaces[0m
[1.627s] [ 25%] [34m[1mGenerating C++ introspection for ROS interfaces[0m
[1.645s] [ 25%] Built target nav_hw_interfaces__rosidl_generator_c
[1.670s] [ 28%] [34m[1mGenerating C type support for eProsima Fast-RTPS[0m
[1.670s] [ 31%] [34m[1mGenerating C introspection for ROS interfaces[0m
[1.674s] [ 34%] [34m[1mGenerating C type support dispatch for ROS interfaces[0m
[1.837s] [ 37%] [32mBuilding CXX object CMakeFiles/nav_hw_interfaces__rosidl_typesupport_cpp.dir/rosidl_typesupport_cpp/nav_hw_interfaces/msg/sensor_data__type_support.cpp.o[0m
[1.886s] [ 40%] [32mBuilding CXX object CMakeFiles/nav_hw_interfaces__rosidl_typesupport_c.dir/rosidl_typesupport_c/nav_hw_interfaces/msg/sensor_data__type_support.cpp.o[0m
[1.909s] [ 43%] [32mBuilding CXX object CMakeFiles/nav_hw_interfaces__rosidl_typesupport_fastrtps_cpp.dir/rosidl_typesupport_fastrtps_cpp/nav_hw_interfaces/msg/detail/dds_fastrtps/sensor_data__type_support.cpp.o[0m
[1.929s] [ 46%] [32mBuilding CXX object CMakeFiles/nav_hw_interfaces__rosidl_typesupport_introspection_cpp.dir/rosidl_typesupport_introspection_cpp/nav_hw_interfaces/msg/detail/sensor_data__type_support.cpp.o[0m
[1.939s] [ 50%] [32m[1mLinking CXX shared library libnav_hw_interfaces__rosidl_typesupport_c.so[0m
[1.955s] [ 53%] [32mBuilding CXX object CMakeFiles/nav_hw_interfaces__rosidl_typesupport_fastrtps_c.dir/rosidl_typesupport_fastrtps_c/nav_hw_interfaces/msg/detail/sensor_data__type_support_c.cpp.o[0m
[1.974s] [ 56%] [32mBuilding C object CMakeFiles/nav_hw_interfaces__rosidl_typesupport_introspection_c.dir/rosidl_typesupport_introspection_c/nav_hw_interfaces/msg/detail/sensor_data__type_support.c.o[0m
[2.027s] [ 56%] Built target nav_hw_interfaces__rosidl_typesupport_c
[2.031s] [ 59%] [32m[1mLinking C shared library libnav_hw_interfaces__rosidl_typesupport_introspection_c.so[0m
[2.070s] [ 59%] Built target nav_hw_interfaces__rosidl_typesupport_introspection_c
[2.192s] [ 62%] [32m[1mLinking CXX shared library libnav_hw_interfaces__rosidl_typesupport_cpp.so[0m
[2.212s] [ 65%] [32m[1mLinking CXX shared library libnav_hw_interfaces__rosidl_typesupport_introspection_cpp.so[0m
[2.249s] [ 65%] Built target nav_hw_interfaces__rosidl_typesupport_cpp
[2.318s] [ 68%] [32m[1mLinking CXX shared library libnav_hw_interfaces__rosidl_typesupport_fastrtps_c.so[0m
[2.357s] [ 68%] Built target nav_hw_interfaces__rosidl_typesupport_introspection_cpp
[2.361s] [ 71%] [32m[1mLinking CXX shared library libnav_hw_interfaces__rosidl_typesupport_fastrtps_cpp.so[0m
[2.452s] [ 71%] Built target nav_hw_interfaces__rosidl_typesupport_fastrtps_c
[2.467s] [ 71%] Built target nav_hw_interfaces__rosidl_typesupport_fastrtps_cpp
[2.518s] [ 71%] Built target nav_hw_interfaces
[2.562s] [ 75%] [34m[1mGenerating Python code for ROS interfaces[0m
[2.755s] [ 75%] Built target nav_hw_interfaces__py
[2.778s] [ 78%] [32mBuilding C object CMakeFiles/nav_hw_interfaces__rosidl_generator_py.dir/rosidl_generator_py/nav_hw_interfaces/msg/_sensor_data_s.c.o[0m
[2.895s] [ 81%] [32m[1mLinking C shared library rosidl_generator_py/nav_hw_interfaces/libnav_hw_interfaces__rosidl_generator_py.so[0m
[2.966s] [ 81%] Built target nav_hw_interfaces__rosidl_generator_py
[3.019s] [ 84%] [32mBuilding C object CMakeFiles/nav_hw_interfaces__rosidl_typesupport_introspection_c__pyext.dir/rosidl_generator_py/nav_hw_interfaces/_nav_hw_interfaces_s.ep.rosidl_typesupport_introspection_c.c.o[0m
[3.022s] [ 87%] [32mBuilding C object CMakeFiles/nav_hw_interfaces__rosidl_typesupport_fastrtps_c__pyext.dir/rosidl_generator_py/nav_hw_interfaces/_nav_hw_interfaces_s.ep.rosidl_typesupport_fastrtps_c.c.o[0m
[3.029s] [ 90%] [32mBuilding C object CMakeFiles/nav_hw_interfaces__rosidl_typesupport_c__pyext.dir/rosidl_generator_py/nav_hw_interfaces/_nav_hw_interfaces_s.ep.rosidl_typesupport_c.c.o[0m
[3.165s] [ 93%] [32m[1mLinking C shared library rosidl_generator_py/nav_hw_interfaces/nav_hw_interfaces_s__rosidl_typesupport_c.cpython-310-x86_64-linux-gnu.so[0m
[3.172s] [ 96%] [32m[1mLinking C shared library rosidl_generator_py/nav_hw_interfaces/nav_hw_interfaces_s__rosidl_typesupport_fastrtps_c.cpython-310-x86_64-linux-gnu.so[0m
[3.181s] [100%] [32m[1mLinking C shared library rosidl_generator_py/nav_hw_interfaces/nav_hw_interfaces_s__rosidl_typesupport_introspection_c.cpython-310-x86_64-linux-gnu.so[0m
[3.228s] [100%] Built target nav_hw_interfaces__rosidl_typesupport_c__pyext
[3.229s] [100%] Built target nav_hw_interfaces__rosidl_typesupport_introspection_c__pyext
[3.238s] [100%] Built target nav_hw_interfaces__rosidl_typesupport_fastrtps_c__pyext
[3.261s] Invoked command in '/home/rm/sp_vision_tutorial_27/lecture4/build/nav_hw_interfaces' returned '0': CMAKE_PREFIX_PATH=/opt/ros/humble /usr/bin/cmake --build /home/rm/sp_vision_tutorial_27/lecture4/build/nav_hw_interfaces -- -j8 -l8
[3.265s] Invoking command in '/home/rm/sp_vision_tutorial_27/lecture4/build/nav_hw_interfaces': CMAKE_PREFIX_PATH=/opt/ros/humble /usr/bin/cmake --install /home/rm/sp_vision_tutorial_27/lecture4/build/nav_hw_interfaces
[3.287s] -- Install configuration: ""
[3.287s] -- Installing: /home/rm/sp_vision_tutorial_27/lecture4/install/nav_hw_interfaces/share/ament_index/resource_index/rosidl_interfaces/nav_hw_interfaces
[3.287s] -- Installing: /home/rm/sp_vision_tutorial_27/lecture4/install/nav_hw_interfaces/include/nav_hw_interfaces/nav_hw_interfaces
[3.287s] -- Installing: /home/rm/sp_vision_tutorial_27/lecture4/install/nav_hw_interfaces/include/nav_hw_interfaces/nav_hw_interfaces/msg
[3.287s] -- Installing: /home/rm/sp_vision_tutorial_27/lecture4/install/nav_hw_interfaces/include/nav_hw_interfaces/nav_hw_interfaces/msg/detail
[3.287s] -- Installing: /home/rm/sp_vision_tutorial_27/lecture4/install/nav_hw_interfaces/include/nav_hw_interfaces/nav_hw_interfaces/msg/detail/sensor_data__struct.h
[3.287s] -- Installing: /home/rm/sp_vision_tutorial_27/lecture4/install/nav_hw_interfaces/include/nav_hw_interfaces/nav_hw_interfaces/msg/detail/sensor_data__functions.h
[3.287s] -- Installing: /home/rm/sp_vision_tutorial_27/lecture4/install/nav_hw_interfaces/include/nav_hw_interfaces/nav_hw_interfaces/msg/detail/sensor_data__functions.c
[3.287s] -- Installing: /home/rm/sp_vision_tutorial_27/lecture4/install/nav_hw_interfaces/include/nav_hw_interfaces/nav_hw_interfaces/msg/detail/sensor_data__type_support.h
[3.287s] -- Installing: /home/rm/sp_vision_tutorial_27/lecture4/install/nav_hw_interfaces/include/nav_hw_interfaces/nav_hw_interfaces/msg/rosidl_generator_c__visibility_control.h
[3.287s] -- Installing: /home/rm/sp_vision_tutorial_27/lecture4/install/nav_hw_interfaces/include/nav_hw_interfaces/nav_hw_interfaces/msg/sensor_data.h
[3.287s] -- Installing: /home/rm/sp_vision_tutorial_27/lecture4/install/nav_hw_interfaces/share/nav_hw_interfaces/environment/library_path.sh
[3.287s] -- Installing: /home/rm/sp_vision_tutorial_27/lecture4/install/nav_hw_interfaces/share/nav_hw_interfaces/environment/library_path.dsv
[3.287s] -- Installing: /home/rm/sp_vision_tutorial_27/lecture4/install/nav_hw_interfaces/lib/libnav_hw_interfaces__rosidl_generator_c.so
[3.287s] -- Set runtime path of "/home/rm/sp_vision_tutorial_27/lecture4/install/nav_hw_interfaces/lib/libnav_hw_interfaces__rosidl_generator_c.so" to ""
[3.287s] -- Up-to-date: /home/rm/sp_vision_tutorial_27/lecture4/install/nav_hw_interfaces/include/nav_hw_interfaces/nav_hw_interfaces
[3.287s] -- Up-to-date: /home/rm/sp_vision_tutorial_27/lecture4/install/nav_hw_interfaces/include/nav_hw_interfaces/nav_hw_interfaces/msg
[3.287s] -- Up-to-date: /home/rm/sp_vision_tutorial_27/lecture4/install/nav_hw_interfaces/include/nav_hw_interfaces/nav_hw_interfaces/msg/detail
[3.287s] -- Installing: /home/rm/sp_vision_tutorial_27/lecture4/install/nav_hw_interfaces/include/nav_hw_interfaces/nav_hw_interfaces/msg/detail/sensor_data__rosidl_typesupport_fastrtps_c.h
[3.287s] -- Installing: /home/rm/sp_vision_tutorial_27/lecture4/install/nav_hw_interfaces/include/nav_hw_interfaces/nav_hw_interfaces/msg/rosidl_typesupport_fastrtps_c__visibility_control.h
[3.287s] -- Installing: /home/rm/sp_vision_tutorial_27/lecture4/install/nav_hw_interfaces/lib/libnav_hw_interfaces__rosidl_typesupport_fastrtps_c.so
[3.287s] -- Set runtime path of "/home/rm/sp_vision_tutorial_27/lecture4/install/nav_hw_interfaces/lib/libnav_hw_interfaces__rosidl_typesupport_fastrtps_c.so" to ""
[3.287s] -- Up-to-date: /home/rm/sp_vision_tutorial_27/lecture4/install/nav_hw_interfaces/include/nav_hw_interfaces/nav_hw_interfaces
[3.287s] -- Up-to-date: /home/rm/sp_vision_tutorial_27/lecture4/install/nav_hw_interfaces/include/nav_hw_interfaces/nav_hw_interfaces/msg
[3.287s] -- Installing: /home/rm/sp_vision_tutorial_27/lecture4/install/nav_hw_interfaces/include/nav_hw_interfaces/nav_hw_interfaces/msg/rosidl_typesupport_introspection_c__visibility_control.h
[3.287s] -- Up-to-date: /home/rm/sp_vision_tutorial_27/lecture4/install/nav_hw_interfaces/include/nav_hw_interfaces/nav_hw_interfaces/msg/detail
[3.288s] -- Installing: /home/rm/sp_vision_tutorial_27/lecture4/install/nav_hw_interfaces/include/nav_hw_interfaces/nav_hw_interfaces/msg/detail/sensor_data__type_support.c
[3.288s] -- Installing: /home/rm/sp_vision_tutorial_27/lecture4/install/nav_hw_interfaces/include/nav_hw_interfaces/nav_hw_interfaces/msg/detail/sensor_data__rosidl_typesupport_introspection_c.h
[3.288s] -- Installing: /home/rm/sp_vision_tutorial_27/lecture4/install/nav_hw_interfaces/lib/libnav_hw_interfaces__rosidl_typesupport_introspection_c.so
[3.288s] -- Set runtime path of "/home/rm/sp_vision_tutorial_27/lecture4/install/nav_hw_interfaces/lib/libnav_hw_interfaces__rosidl_typesupport_introspection_c.so" to ""
[3.288s] -- Installing: /home/rm/sp_vision_tutorial_27/lecture4/install/nav_hw_interfaces/lib/libnav_hw_interfaces__rosidl_typesupport_c.so
[3.288s] -- Set runtime path of "/home/rm/sp_vision_tutorial_27/lecture4/install/nav_hw_interfaces/lib/libnav_hw_interfaces__rosidl_typesupport_c.so" to ""
[3.288s] -- Up-to-date: /home/rm/sp_vision_tutorial_27/lecture4/install/nav_hw_interfaces/include/nav_hw_interfaces/nav_hw_interfaces
[3.288s] -- Up-to-date: /home/rm/sp_vision_tutorial_27/lecture4/install/nav_hw_interfaces/include/nav_hw_interfaces/nav_hw_interfaces/msg
[3.288s] -- Installing: /home/rm/sp_vision_tutorial_27/lecture4/install/nav_hw_interfaces/include/nav_hw_interfaces/nav_hw_interfaces/msg/rosidl_generator_cpp__visibility_control.hpp
[3.288s] -- Installing: /home/rm/sp_vision_tutorial_27/lecture4/install/nav_hw_interfaces/include/nav_hw_interfaces/nav_hw_interfaces/msg/sensor_data.hpp
[3.288s] -- Up-to-date: /home/rm/sp_vision_tutorial_27/lecture4/install/nav_hw_interfaces/include/nav_hw_interfaces/nav_hw_interfaces/msg/detail
[3.288s] -- Installing: /home/rm/sp_vision_tutorial_27/lecture4/install/nav_hw_interfaces/include/nav_hw_interfaces/nav_hw_interfaces/msg/detail/sensor_data__type_support.hpp
[3.288s] -- Installing: /home/rm/sp_vision_tutorial_27/lecture4/install/nav_hw_interfaces/include/nav_hw_interfaces/nav_hw_interfaces/msg/detail/sensor_data__builder.hpp
[3.288s] -- Installing: /home/rm/sp_vision_tutorial_27/lecture4/install/nav_hw_interfaces/include/nav_hw_interfaces/nav_hw_interfaces/msg/detail/sensor_data__traits.hpp
[3.291s] -- Installing: /home/rm/sp_vision_tutorial_27/lecture4/install/nav_hw_interfaces/include/nav_hw_interfaces/nav_hw_interfaces/msg/detail/sensor_data__struct.hpp
[3.291s] -- Up-to-date: /home/rm/sp_vision_tutorial_27/lecture4/install/nav_hw_interfaces/include/nav_hw_interfaces/nav_hw_interfaces
[3.291s] -- Up-to-date: /home/rm/sp_vision_tutorial_27/lecture4/install/nav_hw_interfaces/include/nav_hw_interfaces/nav_hw_interfaces/msg
[3.291s] -- Up-to-date: /home/rm/sp_vision_tutorial_27/lecture4/install/nav_hw_interfaces/include/nav_hw_interfaces/nav_hw_interfaces/msg/detail
[3.291s] -- Installing: /home/rm/sp_vision_tutorial_27/lecture4/install/nav_hw_interfaces/include/nav_hw_interfaces/nav_hw_interfaces/msg/detail/dds_fastrtps
[3.291s] -- Installing: /home/rm/sp_vision_tutorial_27/lecture4/install/nav_hw_interfaces/include/nav_hw_interfaces/nav_hw_interfaces/msg/detail/sensor_data__rosidl_typesupport_fastrtps_cpp.hpp
[3.291s] -- Installing: /home/rm/sp_vision_tutorial_27/lecture4/install/nav_hw_interfaces/include/nav_hw_interfaces/nav_hw_interfaces/msg/rosidl_typesupport_fastrtps_cpp__visibility_control.h
[3.291s] -- Installing: /home/rm/sp_vision_tutorial_27/lecture4/install/nav_hw_interfaces/lib/libnav_hw_interfaces__rosidl_typesupport_fastrtps_cpp.so
[3.291s] -- Set runtime path of "/home/rm/sp_vision_tutorial_27/lecture4/install/nav_hw_interfaces/lib/libnav_hw_interfaces__rosidl_typesupport_fastrtps_cpp.so" to ""
[3.291s] -- Up-to-date: /home/rm/sp_vision_tutorial_27/lecture4/install/nav_hw_interfaces/include/nav_hw_interfaces/nav_hw_interfaces
[3.291s] -- Up-to-date: /home/rm/sp_vision_tutorial_27/lecture4/install/nav_hw_interfaces/include/nav_hw_interfaces/nav_hw_interfaces/msg
[3.291s] -- Up-to-date: /home/rm/sp_vision_tutorial_27/lecture4/install/nav_hw_interfaces/include/nav_hw_interfaces/nav_hw_interfaces/msg/detail
[3.291s] -- Installing: /home/rm/sp_vision_tutorial_27/lecture4/install/nav_hw_interfaces/include/nav_hw_interfaces/nav_hw_interfaces/msg/detail/sensor_data__rosidl_typesupport_introspection_cpp.hpp
[3.291s] -- Installing: /home/rm/sp_vision_tutorial_27/lecture4/install/nav_hw_interfaces/include/nav_hw_interfaces/nav_hw_interfaces/msg/detail/sensor_data__type_support.cpp
[3.291s] -- Installing: /home/rm/sp_vision_tutorial_27/lecture4/install/nav_hw_interfaces/lib/libnav_hw_interfaces__rosidl_typesupport_introspection_cpp.so
[3.291s] -- Set runtime path of "/home/rm/sp_vision_tutorial_27/lecture4/install/nav_hw_interfaces/lib/libnav_hw_interfaces__rosidl_typesupport_introspection_cpp.so" to ""
[3.291s] -- Installing: /home/rm/sp_vision_tutorial_27/lecture4/install/nav_hw_interfaces/lib/libnav_hw_interfaces__rosidl_typesupport_cpp.so
[3.291s] -- Set runtime path of "/home/rm/sp_vision_tutorial_27/lecture4/install/nav_hw_interfaces/lib/libnav_hw_interfaces__rosidl_typesupport_cpp.so" to ""
[3.291s] -- Installing: /home/rm/sp_vision_tutorial_27/lecture4/install/nav_hw_interfaces/share/nav_hw_interfaces/environment/pythonpath.sh
[3.291s] -- Installing: /home/rm/sp_vision_tutorial_27/lecture4/install/nav_hw_interfaces/share/nav_hw_interfaces/environment/pythonpath.dsv
[3.291s] -- Installing: /home/rm/sp_vision_tutorial_27/lecture4/install/nav_hw_interfaces/local/lib/python3.10/dist-packages/nav_hw_interfaces-0.0.0-py3.10.egg-info
[3.291s] -- Installing: /home/rm/sp_vision_tutorial_27/lecture4/install/nav_hw_interfaces/local/lib/python3.10/dist-packages/nav_hw_interfaces-0.0.0-py3.10.egg-info/PKG-INFO
[3.291s] -- Installing: /home/rm/sp_vision_tutorial_27/lecture4/install/nav_hw_interfaces/local/lib/python3.10/dist-packages/nav_hw_interfaces-0.0.0-py3.10.egg-info/SOURCES.txt
[3.291s] -- Installing: /home/rm/sp_vision_tutorial_27/lecture4/install/nav_hw_interfaces/local/lib/python3.10/dist-packages/nav_hw_interfaces-0.0.0-py3.10.egg-info/top_level.txt
[3.291s] -- Installing: /home/rm/sp_vision_tutorial_27/lecture4/install/nav_hw_interfaces/local/lib/python3.10/dist-packages/nav_hw_interfaces-0.0.0-py3.10.egg-info/dependency_links.txt
[3.291s] -- Installing: /home/rm/sp_vision_tutorial_27/lecture4/install/nav_hw_interfaces/local/lib/python3.10/dist-packages/nav_hw_interfaces
[3.291s] -- Installing: /home/rm/sp_vision_tutorial_27/lecture4/install/nav_hw_interfaces/local/lib/python3.10/dist-packages/nav_hw_interfaces/nav_hw_interfaces_s__rosidl_typesupport_c.cpython-310-x86_64-linux-gnu.so
[3.291s] -- Installing: /home/rm/sp_vision_tutorial_27/lecture4/install/nav_hw_interfaces/local/lib/python3.10/dist-packages/nav_hw_interfaces/__init__.py
[3.292s] -- Installing: /home/rm/sp_vision_tutorial_27/lecture4/install/nav_hw_interfaces/local/lib/python3.10/dist-packages/nav_hw_interfaces/msg
[3.292s] -- Installing: /home/rm/sp_vision_tutorial_27/lecture4/install/nav_hw_interfaces/local/lib/python3.10/dist-packages/nav_hw_interfaces/msg/__init__.py
[3.292s] -- Installing: /home/rm/sp_vision_tutorial_27/lecture4/install/nav_hw_interfaces/local/lib/python3.10/dist-packages/nav_hw_interfaces/msg/_sensor_data.py
[3.292s] -- Installing: /home/rm/sp_vision_tutorial_27/lecture4/install/nav_hw_interfaces/local/lib/python3.10/dist-packages/nav_hw_interfaces/msg/_sensor_data_s.c
[3.292s] -- Installing: /home/rm/sp_vision_tutorial_27/lecture4/install/nav_hw_interfaces/local/lib/python3.10/dist-packages/nav_hw_interfaces/nav_hw_interfaces_s__rosidl_typesupport_introspection_c.cpython-310-x86_64-linux-gnu.so
[3.292s] -- Installing: /home/rm/sp_vision_tutorial_27/lecture4/install/nav_hw_interfaces/local/lib/python3.10/dist-packages/nav_hw_interfaces/_nav_hw_interfaces_s.ep.rosidl_typesupport_fastrtps_c.c
[3.292s] -- Installing: /home/rm/sp_vision_tutorial_27/lecture4/install/nav_hw_interfaces/local/lib/python3.10/dist-packages/nav_hw_interfaces/_nav_hw_interfaces_s.ep.rosidl_typesupport_c.c
[3.292s] -- Installing: /home/rm/sp_vision_tutorial_27/lecture4/install/nav_hw_interfaces/local/lib/python3.10/dist-packages/nav_hw_interfaces/libnav_hw_interfaces__rosidl_generator_py.so
[3.292s] -- Installing: /home/rm/sp_vision_tutorial_27/lecture4/install/nav_hw_interfaces/local/lib/python3.10/dist-packages/nav_hw_interfaces/nav_hw_interfaces_s__rosidl_typesupport_fastrtps_c.cpython-310-x86_64-linux-gnu.so
[3.292s] -- Installing: /home/rm/sp_vision_tutorial_27/lecture4/install/nav_hw_interfaces/local/lib/python3.10/dist-packages/nav_hw_interfaces/_nav_hw_interfaces_s.ep.rosidl_typesupport_introspection_c.c
[3.360s] Listing '/home/rm/sp_vision_tutorial_27/lecture4/install/nav_hw_interfaces/local/lib/python3.10/dist-packages/nav_hw_interfaces'...
[3.360s] Compiling '/home/rm/sp_vision_tutorial_27/lecture4/install/nav_hw_interfaces/local/lib/python3.10/dist-packages/nav_hw_interfaces/__init__.py'...
[3.360s] Listing '/home/rm/sp_vision_tutorial_27/lecture4/install/nav_hw_interfaces/local/lib/python3.10/dist-packages/nav_hw_interfaces/msg'...
[3.360s] Compiling '/home/rm/sp_vision_tutorial_27/lecture4/install/nav_hw_interfaces/local/lib/python3.10/dist-packages/nav_hw_interfaces/msg/__init__.py'...
[3.360s] Compiling '/home/rm/sp_vision_tutorial_27/lecture4/install/nav_hw_interfaces/local/lib/python3.10/dist-packages/nav_hw_interfaces/msg/_sensor_data.py'...
[3.367s] -- Installing: /home/rm/sp_vision_tutorial_27/lecture4/install/nav_hw_interfaces/local/lib/python3.10/dist-packages/nav_hw_interfaces/nav_hw_interfaces_s__rosidl_typesupport_fastrtps_c.cpython-310-x86_64-linux-gnu.so
[3.367s] -- Set runtime path of "/home/rm/sp_vision_tutorial_27/lecture4/install/nav_hw_interfaces/local/lib/python3.10/dist-packages/nav_hw_interfaces/nav_hw_interfaces_s__rosidl_typesupport_fastrtps_c.cpython-310-x86_64-linux-gnu.so" to ""
[3.367s] -- Installing: /home/rm/sp_vision_tutorial_27/lecture4/install/nav_hw_interfaces/local/lib/python3.10/dist-packages/nav_hw_interfaces/nav_hw_interfaces_s__rosidl_typesupport_introspection_c.cpython-310-x86_64-linux-gnu.so
[3.367s] -- Set runtime path of "/home/rm/sp_vision_tutorial_27/lecture4/install/nav_hw_interfaces/local/lib/python3.10/dist-packages/nav_hw_interfaces/nav_hw_interfaces_s__rosidl_typesupport_introspection_c.cpython-310-x86_64-linux-gnu.so" to ""
[3.367s] -- Installing: /home/rm/sp_vision_tutorial_27/lecture4/install/nav_hw_interfaces/local/lib/python3.10/dist-packages/nav_hw_interfaces/nav_hw_interfaces_s__rosidl_typesupport_c.cpython-310-x86_64-linux-gnu.so
[3.368s] -- Set runtime path of "/home/rm/sp_vision_tutorial_27/lecture4/install/nav_hw_interfaces/local/lib/python3.10/dist-packages/nav_hw_interfaces/nav_hw_interfaces_s__rosidl_typesupport_c.cpython-310-x86_64-linux-gnu.so" to ""
[3.368s] -- Installing: /home/rm/sp_vision_tutorial_27/lecture4/install/nav_hw_interfaces/lib/libnav_hw_interfaces__rosidl_generator_py.so
[3.368s] -- Set runtime path of "/home/rm/sp_vision_tutorial_27/lecture4/install/nav_hw_interfaces/lib/libnav_hw_interfaces__rosidl_generator_py.so" to ""
[3.368s] -- Installing: /home/rm/sp_vision_tutorial_27/lecture4/install/nav_hw_interfaces/share/nav_hw_interfaces/rust
[3.368s] -- Installing: /home/rm/sp_vision_tutorial_27/lecture4/install/nav_hw_interfaces/share/nav_hw_interfaces/rust/src
[3.368s] -- Installing: /home/rm/sp_vision_tutorial_27/lecture4/install/nav_hw_interfaces/share/nav_hw_interfaces/rust/src/lib.rs
[3.368s] -- Installing: /home/rm/sp_vision_tutorial_27/lecture4/install/nav_hw_interfaces/share/nav_hw_interfaces/rust/src/msg
[3.368s] -- Installing: /home/rm/sp_vision_tutorial_27/lecture4/install/nav_hw_interfaces/share/nav_hw_interfaces/rust/src/msg/rmw.rs
[3.368s] -- Installing: /home/rm/sp_vision_tutorial_27/lecture4/install/nav_hw_interfaces/share/nav_hw_interfaces/rust/src/msg.rs
[3.368s] -- Installing: /home/rm/sp_vision_tutorial_27/lecture4/install/nav_hw_interfaces/share/nav_hw_interfaces/rust/build.rs
[3.368s] -- Installing: /home/rm/sp_vision_tutorial_27/lecture4/install/nav_hw_interfaces/share/nav_hw_interfaces/rust/Cargo.toml
[3.368s] -- Installing: /home/rm/sp_vision_tutorial_27/lecture4/install/nav_hw_interfaces/share/nav_hw_interfaces/msg/SensorData.idl
[3.368s] -- Installing: /home/rm/sp_vision_tutorial_27/lecture4/install/nav_hw_interfaces/share/nav_hw_interfaces/msg/SensorData.msg
[3.375s] -- Installing: /home/rm/sp_vision_tutorial_27/lecture4/install/nav_hw_interfaces/share/ament_index/resource_index/package_run_dependencies/nav_hw_interfaces
[3.375s] -- Installing: /home/rm/sp_vision_tutorial_27/lecture4/install/nav_hw_interfaces/share/ament_index/resource_index/parent_prefix_path/nav_hw_interfaces
[3.375s] -- Installing: /home/rm/sp_vision_tutorial_27/lecture4/install/nav_hw_interfaces/share/nav_hw_interfaces/environment/ament_prefix_path.sh
[3.375s] -- Installing: /home/rm/sp_vision_tutorial_27/lecture4/install/nav_hw_interfaces/share/nav_hw_interfaces/environment/ament_prefix_path.dsv
[3.375s] -- Installing: /home/rm/sp_vision_tutorial_27/lecture4/install/nav_hw_interfaces/share/nav_hw_interfaces/environment/path.sh
[3.375s] -- Installing: /home/rm/sp_vision_tutorial_27/lecture4/install/nav_hw_interfaces/share/nav_hw_interfaces/environment/path.dsv
[3.375s] -- Installing: /home/rm/sp_vision_tutorial_27/lecture4/install/nav_hw_interfaces/share/nav_hw_interfaces/local_setup.bash
[3.375s] -- Installing: /home/rm/sp_vision_tutorial_27/lecture4/install/nav_hw_interfaces/share/nav_hw_interfaces/local_setup.sh
[3.375s] -- Installing: /home/rm/sp_vision_tutorial_27/lecture4/install/nav_hw_interfaces/share/nav_hw_interfaces/local_setup.zsh
[3.375s] -- Installing: /home/rm/sp_vision_tutorial_27/lecture4/install/nav_hw_interfaces/share/nav_hw_interfaces/local_setup.dsv
[3.375s] -- Installing: /home/rm/sp_vision_tutorial_27/lecture4/install/nav_hw_interfaces/share/nav_hw_interfaces/package.dsv
[3.375s] -- Installing: /home/rm/sp_vision_tutorial_27/lecture4/install/nav_hw_interfaces/share/ament_index/resource_index/packages/nav_hw_interfaces
[3.375s] -- Installing: /home/rm/sp_vision_tutorial_27/lecture4/install/nav_hw_interfaces/share/nav_hw_interfaces/cmake/export_nav_hw_interfaces__rosidl_generator_cExport.cmake
[3.375s] -- Installing: /home/rm/sp_vision_tutorial_27/lecture4/install/nav_hw_interfaces/share/nav_hw_interfaces/cmake/export_nav_hw_interfaces__rosidl_generator_cExport-noconfig.cmake
[3.375s] -- Installing: /home/rm/sp_vision_tutorial_27/lecture4/install/nav_hw_interfaces/share/nav_hw_interfaces/cmake/export_nav_hw_interfaces__rosidl_typesupport_fastrtps_cExport.cmake
[3.375s] -- Installing: /home/rm/sp_vision_tutorial_27/lecture4/install/nav_hw_interfaces/share/nav_hw_interfaces/cmake/export_nav_hw_interfaces__rosidl_typesupport_fastrtps_cExport-noconfig.cmake
[3.375s] -- Installing: /home/rm/sp_vision_tutorial_27/lecture4/install/nav_hw_interfaces/share/nav_hw_interfaces/cmake/nav_hw_interfaces__rosidl_typesupport_introspection_cExport.cmake
[3.375s] -- Installing: /home/rm/sp_vision_tutorial_27/lecture4/install/nav_hw_interfaces/share/nav_hw_interfaces/cmake/nav_hw_interfaces__rosidl_typesupport_introspection_cExport-noconfig.cmake
[3.375s] -- Installing: /home/rm/sp_vision_tutorial_27/lecture4/install/nav_hw_interfaces/share/nav_hw_interfaces/cmake/nav_hw_interfaces__rosidl_typesupport_cExport.cmake
[3.375s] -- Installing: /home/rm/sp_vision_tutorial_27/lecture4/install/nav_hw_interfaces/share/nav_hw_interfaces/cmake/nav_hw_interfaces__rosidl_typesupport_cExport-noconfig.cmake
[3.375s] -- Installing: /home/rm/sp_vision_tutorial_27/lecture4/install/nav_hw_interfaces/share/nav_hw_interfaces/cmake/export_nav_hw_interfaces__rosidl_generator_cppExport.cmake
[3.376s] -- Installing: /home/rm/sp_vision_tutorial_27/lecture4/install/nav_hw_interfaces/share/nav_hw_interfaces/cmake/export_nav_hw_interfaces__rosidl_typesupport_fastrtps_cppExport.cmake
[3.376s] -- Installing: /home/rm/sp_vision_tutorial_27/lecture4/install/nav_hw_interfaces/share/nav_hw_interfaces/cmake/export_nav_hw_interfaces__rosidl_typesupport_fastrtps_cppExport-noconfig.cmake
[3.376s] -- Installing: /home/rm/sp_vision_tutorial_27/lecture4/install/nav_hw_interfaces/share/nav_hw_interfaces/cmake/nav_hw_interfaces__rosidl_typesupport_introspection_cppExport.cmake
[3.376s] -- Installing: /home/rm/sp_vision_tutorial_27/lecture4/install/nav_hw_interfaces/share/nav_hw_interfaces/cmake/nav_hw_interfaces__rosidl_typesupport_introspection_cppExport-noconfig.cmake
[3.376s] -- Installing: /home/rm/sp_vision_tutorial_27/lecture4/install/nav_hw_interfaces/share/nav_hw_interfaces/cmake/nav_hw_interfaces__rosidl_typesupport_cppExport.cmake
[3.376s] -- Installing: /home/rm/sp_vision_tutorial_27/lecture4/install/nav_hw_interfaces/share/nav_hw_interfaces/cmake/nav_hw_interfaces__rosidl_typesupport_cppExport-noconfig.cmake
[3.376s] -- Installing: /home/rm/sp_vision_tutorial_27/lecture4/install/nav_hw_interfaces/share/nav_hw_interfaces/cmake/export_nav_hw_interfaces__rosidl_generator_pyExport.cmake
[3.376s] -- Installing: /home/rm/sp_vision_tutorial_27/lecture4/install/nav_hw_interfaces/share/nav_hw_interfaces/cmake/export_nav_hw_interfaces__rosidl_generator_pyExport-noconfig.cmake
[3.387s] -- Installing: /home/rm/sp_vision_tutorial_27/lecture4/install/nav_hw_interfaces/share/nav_hw_interfaces/cmake/rosidl_cmake-extras.cmake
[3.387s] -- Installing: /home/rm/sp_vision_tutorial_27/lecture4/install/nav_hw_interfaces/share/nav_hw_interfaces/cmake/ament_cmake_export_dependencies-extras.cmake
[3.387s] -- Installing: /home/rm/sp_vision_tutorial_27/lecture4/install/nav_hw_interfaces/share/nav_hw_interfaces/cmake/ament_cmake_export_include_directories-extras.cmake
[3.387s] -- Installing: /home/rm/sp_vision_tutorial_27/lecture4/install/nav_hw_interfaces/share/nav_hw_interfaces/cmake/ament_cmake_export_libraries-extras.cmake
[3.387s] -- Installing: /home/rm/sp_vision_tutorial_27/lecture4/install/nav_hw_interfaces/share/nav_hw_interfaces/cmake/ament_cmake_export_targets-extras.cmake
[3.387s] -- Installing: /home/rm/sp_vision_tutorial_27/lecture4/install/nav_hw_interfaces/share/nav_hw_interfaces/cmake/rosidl_cmake_export_typesupport_targets-extras.cmake
[3.387s] -- Installing: /home/rm/sp_vision_tutorial_27/lecture4/install/nav_hw_interfaces/share/nav_hw_interfaces/cmake/rosidl_cmake_export_typesupport_libraries-extras.cmake
[3.387s] -- Installing: /home/rm/sp_vision_tutorial_27/lecture4/install/nav_hw_interfaces/share/nav_hw_interfaces/cmake/rosidl_cmake_aggregate_target-extras.cmake
[3.387s] -- Installing: /home/rm/sp_vision_tutorial_27/lecture4/install/nav_hw_interfaces/share/nav_hw_interfaces/cmake/nav_hw_interfacesConfig.cmake
[3.387s] -- Installing: /home/rm/sp_vision_tutorial_27/lecture4/install/nav_hw_interfaces/share/nav_hw_interfaces/cmake/nav_hw_interfacesConfig-version.cmake
[3.387s] -- Installing: /home/rm/sp_vision_tutorial_27/lecture4/install/nav_hw_interfaces/share/nav_hw_interfaces/package.xml
[3.387s] Invoked command in '/home/rm/sp_vision_tutorial_27/lecture4/build/nav_hw_interfaces' returned '0': CMAKE_PREFIX_PATH=/opt/ros/humble /usr/bin/cmake --install /home/rm/sp_vision_tutorial_27/lecture4/build/nav_hw_interfaces
