[0.173s] Invoking command in '/home/rm/sp_vision_tutorial_27/lecture4/build/learning_node': CMAKE_PREFIX_PATH=${CMAKE_PREFIX_PATH}:/home/rm/sp_vision_tutorial_27/lecture4/install/topic_learning_sub:/home/rm/sp_vision_tutorial_27/lecture4/install/learning_pkg_python:/opt/ros/humble /usr/bin/cmake --build /home/rm/sp_vision_tutorial_27/lecture4/build/learning_node -- -j8 -l8
[0.347s] [35m[1mConsolidate compiler generated dependencies of target helloworld_node[0m
[0.347s] [100%] Built target helloworld_node
[0.359s] Invoked command in '/home/rm/sp_vision_tutorial_27/lecture4/build/learning_node' returned '0': CMAKE_PREFIX_PATH=${CMAKE_PREFIX_PATH}:/home/rm/sp_vision_tutorial_27/lecture4/install/topic_learning_sub:/home/rm/sp_vision_tutorial_27/lecture4/install/learning_pkg_python:/opt/ros/humble /usr/bin/cmake --build /home/rm/sp_vision_tutorial_27/lecture4/build/learning_node -- -j8 -l8
[0.360s] Invoking command in '/home/rm/sp_vision_tutorial_27/lecture4/build/learning_node': CMAKE_PREFIX_PATH=${CMAKE_PREFIX_PATH}:/home/rm/sp_vision_tutorial_27/lecture4/install/topic_learning_sub:/home/rm/sp_vision_tutorial_27/lecture4/install/learning_pkg_python:/opt/ros/humble /usr/bin/cmake --install /home/rm/sp_vision_tutorial_27/lecture4/build/learning_node
[0.381s] -- Install configuration: ""
[0.381s] -- Up-to-date: /home/rm/sp_vision_tutorial_27/lecture4/install/learning_node/lib/learning_node/helloworld_node
[0.381s] -- Up-to-date: /home/rm/sp_vision_tutorial_27/lecture4/install/learning_node/share/ament_index/resource_index/package_run_dependencies/learning_node
[0.381s] -- Up-to-date: /home/rm/sp_vision_tutorial_27/lecture4/install/learning_node/share/ament_index/resource_index/parent_prefix_path/learning_node
[0.382s] -- Up-to-date: /home/rm/sp_vision_tutorial_27/lecture4/install/learning_node/share/learning_node/environment/ament_prefix_path.sh
[0.382s] -- Up-to-date: /home/rm/sp_vision_tutorial_27/lecture4/install/learning_node/share/learning_node/environment/ament_prefix_path.dsv
[0.382s] -- Up-to-date: /home/rm/sp_vision_tutorial_27/lecture4/install/learning_node/share/learning_node/environment/path.sh
[0.382s] -- Up-to-date: /home/rm/sp_vision_tutorial_27/lecture4/install/learning_node/share/learning_node/environment/path.dsv
[0.382s] -- Up-to-date: /home/rm/sp_vision_tutorial_27/lecture4/install/learning_node/share/learning_node/local_setup.bash
[0.382s] -- Up-to-date: /home/rm/sp_vision_tutorial_27/lecture4/install/learning_node/share/learning_node/local_setup.sh
[0.382s] -- Up-to-date: /home/rm/sp_vision_tutorial_27/lecture4/install/learning_node/share/learning_node/local_setup.zsh
[0.382s] -- Up-to-date: /home/rm/sp_vision_tutorial_27/lecture4/install/learning_node/share/learning_node/local_setup.dsv
[0.382s] -- Installing: /home/rm/sp_vision_tutorial_27/lecture4/install/learning_node/share/learning_node/package.dsv
[0.382s] -- Up-to-date: /home/rm/sp_vision_tutorial_27/lecture4/install/learning_node/share/ament_index/resource_index/packages/learning_node
[0.382s] -- Up-to-date: /home/rm/sp_vision_tutorial_27/lecture4/install/learning_node/share/learning_node/cmake/learning_nodeConfig.cmake
[0.382s] -- Up-to-date: /home/rm/sp_vision_tutorial_27/lecture4/install/learning_node/share/learning_node/cmake/learning_nodeConfig-version.cmake
[0.382s] -- Up-to-date: /home/rm/sp_vision_tutorial_27/lecture4/install/learning_node/share/learning_node/package.xml
[0.418s] Invoked command in '/home/rm/sp_vision_tutorial_27/lecture4/build/learning_node' returned '0': CMAKE_PREFIX_PATH=${CMAKE_PREFIX_PATH}:/home/rm/sp_vision_tutorial_27/lecture4/install/topic_learning_sub:/home/rm/sp_vision_tutorial_27/lecture4/install/learning_pkg_python:/opt/ros/humble /usr/bin/cmake --install /home/rm/sp_vision_tutorial_27/lecture4/build/learning_node
