running egg_info
creating ../../build/topic_learning_sub/topic_learning_sub.egg-info
writing ../../build/topic_learning_sub/topic_learning_sub.egg-info/PKG-INFO
writing dependency_links to ../../build/topic_learning_sub/topic_learning_sub.egg-info/dependency_links.txt
writing entry points to ../../build/topic_learning_sub/topic_learning_sub.egg-info/entry_points.txt
writing requirements to ../../build/topic_learning_sub/topic_learning_sub.egg-info/requires.txt
writing top-level names to ../../build/topic_learning_sub/topic_learning_sub.egg-info/top_level.txt
writing manifest file '../../build/topic_learning_sub/topic_learning_sub.egg-info/SOURCES.txt'
reading manifest file '../../build/topic_learning_sub/topic_learning_sub.egg-info/SOURCES.txt'
writing manifest file '../../build/topic_learning_sub/topic_learning_sub.egg-info/SOURCES.txt'
running build
running build_py
creating /home/rm/sp_vision_tutorial_27/lecture4/src/build/topic_learning_sub/build
creating /home/rm/sp_vision_tutorial_27/lecture4/src/build/topic_learning_sub/build/lib
creating /home/rm/sp_vision_tutorial_27/lecture4/src/build/topic_learning_sub/build/lib/topic_learning_sub
copying topic_learning_sub/subscriber_node.py -> /home/rm/sp_vision_tutorial_27/lecture4/src/build/topic_learning_sub/build/lib/topic_learning_sub
copying topic_learning_sub/__init__.py -> /home/rm/sp_vision_tutorial_27/lecture4/src/build/topic_learning_sub/build/lib/topic_learning_sub
copying topic_learning_sub/qos_subscriber.py -> /home/rm/sp_vision_tutorial_27/lecture4/src/build/topic_learning_sub/build/lib/topic_learning_sub
running install
running install_lib
creating /home/rm/sp_vision_tutorial_27/lecture4/src/install/topic_learning_sub/lib/python3.10/site-packages/topic_learning_sub
copying /home/rm/sp_vision_tutorial_27/lecture4/src/build/topic_learning_sub/build/lib/topic_learning_sub/subscriber_node.py -> /home/rm/sp_vision_tutorial_27/lecture4/src/install/topic_learning_sub/lib/python3.10/site-packages/topic_learning_sub
copying /home/rm/sp_vision_tutorial_27/lecture4/src/build/topic_learning_sub/build/lib/topic_learning_sub/__init__.py -> /home/rm/sp_vision_tutorial_27/lecture4/src/install/topic_learning_sub/lib/python3.10/site-packages/topic_learning_sub
copying /home/rm/sp_vision_tutorial_27/lecture4/src/build/topic_learning_sub/build/lib/topic_learning_sub/qos_subscriber.py -> /home/rm/sp_vision_tutorial_27/lecture4/src/install/topic_learning_sub/lib/python3.10/site-packages/topic_learning_sub
byte-compiling /home/rm/sp_vision_tutorial_27/lecture4/src/install/topic_learning_sub/lib/python3.10/site-packages/topic_learning_sub/subscriber_node.py to subscriber_node.cpython-310.pyc
byte-compiling /home/rm/sp_vision_tutorial_27/lecture4/src/install/topic_learning_sub/lib/python3.10/site-packages/topic_learning_sub/__init__.py to __init__.cpython-310.pyc
byte-compiling /home/rm/sp_vision_tutorial_27/lecture4/src/install/topic_learning_sub/lib/python3.10/site-packages/topic_learning_sub/qos_subscriber.py to qos_subscriber.cpython-310.pyc
running install_data
creating /home/rm/sp_vision_tutorial_27/lecture4/src/install/topic_learning_sub/share/ament_index
creating /home/rm/sp_vision_tutorial_27/lecture4/src/install/topic_learning_sub/share/ament_index/resource_index
creating /home/rm/sp_vision_tutorial_27/lecture4/src/install/topic_learning_sub/share/ament_index/resource_index/packages
copying resource/topic_learning_sub -> /home/rm/sp_vision_tutorial_27/lecture4/src/install/topic_learning_sub/share/ament_index/resource_index/packages
copying package.xml -> /home/rm/sp_vision_tutorial_27/lecture4/src/install/topic_learning_sub/share/topic_learning_sub
running install_egg_info
Copying ../../build/topic_learning_sub/topic_learning_sub.egg-info to /home/rm/sp_vision_tutorial_27/lecture4/src/install/topic_learning_sub/lib/python3.10/site-packages/topic_learning_sub-0.0.0-py3.10.egg-info
running install_scripts
Installing qos_subscriber script to /home/rm/sp_vision_tutorial_27/lecture4/src/install/topic_learning_sub/lib/topic_learning_sub
Installing subscriber_node script to /home/rm/sp_vision_tutorial_27/lecture4/src/install/topic_learning_sub/lib/topic_learning_sub
writing list of installed files to '/home/rm/sp_vision_tutorial_27/lecture4/src/build/topic_learning_sub/install.log'
