[0.029s] Invoking command in '/home/rm/sp_vision_tutorial_27/lecture4/src/build/topic_learning_pub': CMAKE_PREFIX_PATH=/opt/ros/humble /usr/bin/cmake /home/rm/sp_vision_tutorial_27/lecture4/src/ep2/topic_learning_pub -DCMAKE_INSTALL_PREFIX=/home/rm/sp_vision_tutorial_27/lecture4/src/install/topic_learning_pub
[0.309s] -- The C compiler identification is GNU 11.4.0
[0.309s] -- The CXX compiler identification is GNU 11.4.0
[0.309s] -- Detecting C compiler ABI info
[0.361s] -- Detecting C compiler ABI info - done
[0.365s] -- Check for working C compiler: /usr/bin/cc - skipped
[0.366s] -- Detecting C compile features
[0.366s] -- Detecting C compile features - done
[0.371s] -- Detecting CXX compiler ABI info
[0.464s] -- Detecting CXX compiler ABI info - done
[0.469s] -- Check for working CXX compiler: /usr/bin/c++ - skipped
[0.469s] -- Detecting CXX compile features
[0.470s] -- Detecting CXX compile features - done
[0.471s] -- Found ament_cmake: 1.3.14 (/opt/ros/humble/share/ament_cmake/cmake)
[0.570s] -- Found Python3: /usr/bin/python3 (found version "3.10.12") found components: Interpreter 
[0.655s] -- Found rclcpp: 16.0.21 (/opt/ros/humble/share/rclcpp/cmake)
[0.704s] -- Found rosidl_generator_c: 3.1.9 (/opt/ros/humble/share/rosidl_generator_c/cmake)
[0.710s] -- Found rosidl_adapter: 3.1.9 (/opt/ros/humble/share/rosidl_adapter/cmake)
[0.726s] -- Found rosidl_generator_cpp: 3.1.9 (/opt/ros/humble/share/rosidl_generator_cpp/cmake)
[0.753s] -- Using all available rosidl_typesupport_c: rosidl_typesupport_fastrtps_c;rosidl_typesupport_introspection_c
[0.775s] -- Using all available rosidl_typesupport_cpp: rosidl_typesupport_fastrtps_cpp;rosidl_typesupport_introspection_cpp
[0.827s] -- Found rmw_implementation_cmake: 6.1.4 (/opt/ros/humble/share/rmw_implementation_cmake/cmake)
[0.830s] -- Found rmw_fastrtps_cpp: 6.2.10 (/opt/ros/humble/share/rmw_fastrtps_cpp/cmake)
[0.914s] -- Found OpenSSL: /usr/lib/x86_64-linux-gnu/libcrypto.so (found version "3.0.2")  
[0.930s] -- Found FastRTPS: /opt/ros/humble/include  
[0.953s] -- Using RMW implementation 'rmw_fastrtps_cpp' as default
[0.962s] -- Looking for pthread.h
[1.041s] -- Looking for pthread.h - found
[1.041s] -- Performing Test CMAKE_HAVE_LIBC_PTHREAD
[1.100s] -- Performing Test CMAKE_HAVE_LIBC_PTHREAD - Success
[1.101s] -- Found Threads: TRUE  
[1.144s] -- Found ament_lint_auto: 0.12.15 (/opt/ros/humble/share/ament_lint_auto/cmake)
[1.191s] -- Added test 'cppcheck' to perform static code analysis on C / C++ code
[1.191s] -- Configured cppcheck include dirs: 
[1.191s] -- Configured cppcheck exclude dirs and/or files: 
[1.191s] -- Added test 'lint_cmake' to check CMake code style
[1.191s] -- Added test 'uncrustify' to check C / C++ code style
[1.192s] -- Configured uncrustify additional arguments: 
[1.192s] -- Added test 'xmllint' to check XML markup files
[1.192s] -- Configuring done
[1.200s] -- Generating done
[1.203s] -- Build files have been written to: /home/rm/sp_vision_tutorial_27/lecture4/src/build/topic_learning_pub
[1.213s] Invoked command in '/home/rm/sp_vision_tutorial_27/lecture4/src/build/topic_learning_pub' returned '0': CMAKE_PREFIX_PATH=/opt/ros/humble /usr/bin/cmake /home/rm/sp_vision_tutorial_27/lecture4/src/ep2/topic_learning_pub -DCMAKE_INSTALL_PREFIX=/home/rm/sp_vision_tutorial_27/lecture4/src/install/topic_learning_pub
[1.214s] Invoking command in '/home/rm/sp_vision_tutorial_27/lecture4/src/build/topic_learning_pub': CMAKE_PREFIX_PATH=/opt/ros/humble /usr/bin/cmake --build /home/rm/sp_vision_tutorial_27/lecture4/src/build/topic_learning_pub -- -j8 -l8
[1.258s] [ 25%] [32mBuilding CXX object CMakeFiles/qos_publisher.dir/src/qos_publisher.cpp.o[0m
[1.259s] [ 50%] [32mBuilding CXX object CMakeFiles/publisher_node.dir/src/publisher_node.cpp.o[0m
[7.450s] [ 75%] [32m[1mLinking CXX executable qos_publisher[0m
[7.500s] [100%] [32m[1mLinking CXX executable publisher_node[0m
[7.606s] [100%] Built target qos_publisher
[7.701s] [100%] Built target publisher_node
[7.725s] Invoked command in '/home/rm/sp_vision_tutorial_27/lecture4/src/build/topic_learning_pub' returned '0': CMAKE_PREFIX_PATH=/opt/ros/humble /usr/bin/cmake --build /home/rm/sp_vision_tutorial_27/lecture4/src/build/topic_learning_pub -- -j8 -l8
[7.728s] Invoking command in '/home/rm/sp_vision_tutorial_27/lecture4/src/build/topic_learning_pub': CMAKE_PREFIX_PATH=/opt/ros/humble /usr/bin/cmake --install /home/rm/sp_vision_tutorial_27/lecture4/src/build/topic_learning_pub
[7.738s] -- Install configuration: ""
[7.739s] -- Installing: /home/rm/sp_vision_tutorial_27/lecture4/src/install/topic_learning_pub/lib/topic_learning_pub/publisher_node
[7.739s] -- Set runtime path of "/home/rm/sp_vision_tutorial_27/lecture4/src/install/topic_learning_pub/lib/topic_learning_pub/publisher_node" to ""
[7.739s] -- Installing: /home/rm/sp_vision_tutorial_27/lecture4/src/install/topic_learning_pub/lib/topic_learning_pub/qos_publisher
[7.739s] -- Set runtime path of "/home/rm/sp_vision_tutorial_27/lecture4/src/install/topic_learning_pub/lib/topic_learning_pub/qos_publisher" to ""
[7.739s] -- Installing: /home/rm/sp_vision_tutorial_27/lecture4/src/install/topic_learning_pub/share/ament_index/resource_index/package_run_dependencies/topic_learning_pub
[7.739s] -- Installing: /home/rm/sp_vision_tutorial_27/lecture4/src/install/topic_learning_pub/share/ament_index/resource_index/parent_prefix_path/topic_learning_pub
[7.739s] -- Installing: /home/rm/sp_vision_tutorial_27/lecture4/src/install/topic_learning_pub/share/topic_learning_pub/environment/ament_prefix_path.sh
[7.739s] -- Installing: /home/rm/sp_vision_tutorial_27/lecture4/src/install/topic_learning_pub/share/topic_learning_pub/environment/ament_prefix_path.dsv
[7.739s] -- Installing: /home/rm/sp_vision_tutorial_27/lecture4/src/install/topic_learning_pub/share/topic_learning_pub/environment/path.sh
[7.739s] -- Installing: /home/rm/sp_vision_tutorial_27/lecture4/src/install/topic_learning_pub/share/topic_learning_pub/environment/path.dsv
[7.739s] -- Installing: /home/rm/sp_vision_tutorial_27/lecture4/src/install/topic_learning_pub/share/topic_learning_pub/local_setup.bash
[7.739s] -- Installing: /home/rm/sp_vision_tutorial_27/lecture4/src/install/topic_learning_pub/share/topic_learning_pub/local_setup.sh
[7.739s] -- Installing: /home/rm/sp_vision_tutorial_27/lecture4/src/install/topic_learning_pub/share/topic_learning_pub/local_setup.zsh
[7.739s] -- Installing: /home/rm/sp_vision_tutorial_27/lecture4/src/install/topic_learning_pub/share/topic_learning_pub/local_setup.dsv
[7.739s] -- Installing: /home/rm/sp_vision_tutorial_27/lecture4/src/install/topic_learning_pub/share/topic_learning_pub/package.dsv
[7.739s] -- Installing: /home/rm/sp_vision_tutorial_27/lecture4/src/install/topic_learning_pub/share/ament_index/resource_index/packages/topic_learning_pub
[7.739s] -- Installing: /home/rm/sp_vision_tutorial_27/lecture4/src/install/topic_learning_pub/share/topic_learning_pub/cmake/topic_learning_pubConfig.cmake
[7.739s] -- Installing: /home/rm/sp_vision_tutorial_27/lecture4/src/install/topic_learning_pub/share/topic_learning_pub/cmake/topic_learning_pubConfig-version.cmake
[7.739s] -- Installing: /home/rm/sp_vision_tutorial_27/lecture4/src/install/topic_learning_pub/share/topic_learning_pub/package.xml
[7.741s] Invoked command in '/home/rm/sp_vision_tutorial_27/lecture4/src/build/topic_learning_pub' returned '0': CMAKE_PREFIX_PATH=/opt/ros/humble /usr/bin/cmake --install /home/rm/sp_vision_tutorial_27/lecture4/src/build/topic_learning_pub
