[0.550s] Invoking command in '/home/rm/sp_vision_tutorial_27/lecture4/src/learning_pkg_python': PYTHONPATH=/home/rm/sp_vision_tutorial_27/build/learning_pkg_python/prefix_override:/usr/lib/python3/dist-packages/colcon_core/task/python/colcon_distutils_commands:/home/rm/sp_vision_tutorial_27/install/learning_pkg_python/lib/python3.10/site-packages:${PYTHONPATH} /usr/bin/python3 -W ignore:setup.py install is deprecated -W ignore:easy_install command is deprecated setup.py egg_info --egg-base ../../../build/learning_pkg_python build --build-base /home/rm/sp_vision_tutorial_27/build/learning_pkg_python/build install --record /home/rm/sp_vision_tutorial_27/build/learning_pkg_python/install.log --install-scripts $base/lib/learning_pkg_python --single-version-externally-managed install_data
[0.770s] running egg_info
[0.770s] creating ../../../build/learning_pkg_python/learning_pkg_python.egg-info
[0.770s] writing ../../../build/learning_pkg_python/learning_pkg_python.egg-info/PKG-INFO
[0.771s] writing dependency_links to ../../../build/learning_pkg_python/learning_pkg_python.egg-info/dependency_links.txt
[0.771s] writing entry points to ../../../build/learning_pkg_python/learning_pkg_python.egg-info/entry_points.txt
[0.771s] writing requirements to ../../../build/learning_pkg_python/learning_pkg_python.egg-info/requires.txt
[0.771s] writing top-level names to ../../../build/learning_pkg_python/learning_pkg_python.egg-info/top_level.txt
[0.771s] writing manifest file '../../../build/learning_pkg_python/learning_pkg_python.egg-info/SOURCES.txt'
[0.771s] reading manifest file '../../../build/learning_pkg_python/learning_pkg_python.egg-info/SOURCES.txt'
[0.771s] writing manifest file '../../../build/learning_pkg_python/learning_pkg_python.egg-info/SOURCES.txt'
[0.771s] running build
[0.771s] running build_py
[0.771s] creating /home/rm/sp_vision_tutorial_27/build/learning_pkg_python/build
[0.771s] creating /home/rm/sp_vision_tutorial_27/build/learning_pkg_python/build/lib
[0.771s] creating /home/rm/sp_vision_tutorial_27/build/learning_pkg_python/build/lib/learning_pkg_python
[0.771s] copying learning_pkg_python/__init__.py -> /home/rm/sp_vision_tutorial_27/build/learning_pkg_python/build/lib/learning_pkg_python
[0.771s] running install
[0.771s] running install_lib
[0.771s] creating /home/rm/sp_vision_tutorial_27/install/learning_pkg_python/lib/python3.10/site-packages/learning_pkg_python
[0.771s] copying /home/rm/sp_vision_tutorial_27/build/learning_pkg_python/build/lib/learning_pkg_python/__init__.py -> /home/rm/sp_vision_tutorial_27/install/learning_pkg_python/lib/python3.10/site-packages/learning_pkg_python
[0.771s] byte-compiling /home/rm/sp_vision_tutorial_27/install/learning_pkg_python/lib/python3.10/site-packages/learning_pkg_python/__init__.py to __init__.cpython-310.pyc
[0.771s] running install_data
[0.771s] creating /home/rm/sp_vision_tutorial_27/install/learning_pkg_python/share/ament_index
[0.771s] creating /home/rm/sp_vision_tutorial_27/install/learning_pkg_python/share/ament_index/resource_index
[0.771s] creating /home/rm/sp_vision_tutorial_27/install/learning_pkg_python/share/ament_index/resource_index/packages
[0.773s] copying resource/learning_pkg_python -> /home/rm/sp_vision_tutorial_27/install/learning_pkg_python/share/ament_index/resource_index/packages
[0.773s] copying package.xml -> /home/rm/sp_vision_tutorial_27/install/learning_pkg_python/share/learning_pkg_python
[0.773s] running install_egg_info
[0.773s] Copying ../../../build/learning_pkg_python/learning_pkg_python.egg-info to /home/rm/sp_vision_tutorial_27/install/learning_pkg_python/lib/python3.10/site-packages/learning_pkg_python-0.0.0-py3.10.egg-info
[0.773s] running install_scripts
[0.773s] writing list of installed files to '/home/rm/sp_vision_tutorial_27/build/learning_pkg_python/install.log'
[0.773s] Invoked command in '/home/rm/sp_vision_tutorial_27/lecture4/src/learning_pkg_python' returned '0': PYTHONPATH=/home/rm/sp_vision_tutorial_27/build/learning_pkg_python/prefix_override:/usr/lib/python3/dist-packages/colcon_core/task/python/colcon_distutils_commands:/home/rm/sp_vision_tutorial_27/install/learning_pkg_python/lib/python3.10/site-packages:${PYTHONPATH} /usr/bin/python3 -W ignore:setup.py install is deprecated -W ignore:easy_install command is deprecated setup.py egg_info --egg-base ../../../build/learning_pkg_python build --build-base /home/rm/sp_vision_tutorial_27/build/learning_pkg_python/build install --record /home/rm/sp_vision_tutorial_27/build/learning_pkg_python/install.log --install-scripts $base/lib/learning_pkg_python --single-version-externally-managed install_data
