[0.286s] Invoking command in '/home/rm/sp_vision_tutorial_27/lecture4/src/build/srv_learning': CMAKE_PREFIX_PATH=/opt/ros/humble /usr/bin/cmake /home/rm/sp_vision_tutorial_27/lecture4/src/ep2/srv_learning -DCMAKE_INSTALL_PREFIX=/home/rm/sp_vision_tutorial_27/lecture4/src/install/srv_learning
[0.345s] -- The C compiler identification is GNU 11.4.0
[0.392s] -- The CXX compiler identification is GNU 11.4.0
[0.402s] -- Detecting C compiler ABI info
[0.469s] -- Detecting C compiler ABI info - done
[0.478s] -- Check for working C compiler: /usr/bin/cc - skipped
[0.478s] -- Detecting C compile features
[0.478s] -- Detecting C compile features - done
[0.478s] -- Detecting CXX compiler ABI info
[0.559s] -- Detecting CXX compiler ABI info - done
[0.563s] -- Check for working CXX compiler: /usr/bin/c++ - skipped
[0.563s] -- Detecting CXX compile features
[0.564s] -- Detecting CXX compile features - done
[0.567s] -- Found ament_cmake: 1.3.14 (/opt/ros/humble/share/ament_cmake/cmake)
[0.680s] -- Found Python3: /usr/bin/python3 (found version "3.10.12") found components: Interpreter 
[0.769s] -- Found rclcpp: 16.0.21 (/opt/ros/humble/share/rclcpp/cmake)
[0.789s] -- Found rosidl_generator_c: 3.1.9 (/opt/ros/humble/share/rosidl_generator_c/cmake)
[0.791s] -- Found rosidl_adapter: 3.1.9 (/opt/ros/humble/share/rosidl_adapter/cmake)
[0.795s] -- Found rosidl_generator_cpp: 3.1.9 (/opt/ros/humble/share/rosidl_generator_cpp/cmake)
[0.801s] -- Using all available rosidl_typesupport_c: rosidl_typesupport_fastrtps_c;rosidl_typesupport_introspection_c
[0.809s] -- Using all available rosidl_typesupport_cpp: rosidl_typesupport_fastrtps_cpp;rosidl_typesupport_introspection_cpp
[0.830s] -- Found rmw_implementation_cmake: 6.1.4 (/opt/ros/humble/share/rmw_implementation_cmake/cmake)
[0.831s] -- Found rmw_fastrtps_cpp: 6.2.10 (/opt/ros/humble/share/rmw_fastrtps_cpp/cmake)
[0.891s] -- Found OpenSSL: /usr/lib/x86_64-linux-gnu/libcrypto.so (found version "3.0.2")  
[0.908s] -- Found FastRTPS: /opt/ros/humble/include  
[0.931s] -- Using RMW implementation 'rmw_fastrtps_cpp' as default
[0.939s] -- Looking for pthread.h
[1.023s] -- Looking for pthread.h - found
[1.024s] -- Performing Test CMAKE_HAVE_LIBC_PTHREAD
[1.078s] -- Performing Test CMAKE_HAVE_LIBC_PTHREAD - Success
[1.078s] -- Found Threads: TRUE  
[1.122s] -- Found example_interfaces: 0.9.3 (/opt/ros/humble/share/example_interfaces/cmake)
[1.160s] -- Found ament_lint_auto: 0.12.15 (/opt/ros/humble/share/ament_lint_auto/cmake)
[1.205s] -- Added test 'cppcheck' to perform static code analysis on C / C++ code
[1.205s] -- Configured cppcheck include dirs: 
[1.205s] -- Configured cppcheck exclude dirs and/or files: 
[1.205s] -- Added test 'lint_cmake' to check CMake code style
[1.205s] -- Added test 'uncrustify' to check C / C++ code style
[1.205s] -- Configured uncrustify additional arguments: 
[1.206s] -- Added test 'xmllint' to check XML markup files
[1.206s] -- Configuring done
[1.214s] -- Generating done
[1.218s] -- Build files have been written to: /home/rm/sp_vision_tutorial_27/lecture4/src/build/srv_learning
[1.225s] Invoked command in '/home/rm/sp_vision_tutorial_27/lecture4/src/build/srv_learning' returned '0': CMAKE_PREFIX_PATH=/opt/ros/humble /usr/bin/cmake /home/rm/sp_vision_tutorial_27/lecture4/src/ep2/srv_learning -DCMAKE_INSTALL_PREFIX=/home/rm/sp_vision_tutorial_27/lecture4/src/install/srv_learning
[1.227s] Invoking command in '/home/rm/sp_vision_tutorial_27/lecture4/src/build/srv_learning': CMAKE_PREFIX_PATH=/opt/ros/humble /usr/bin/cmake --build /home/rm/sp_vision_tutorial_27/lecture4/src/build/srv_learning -- -j8 -l8
[1.276s] [ 25%] [32mBuilding CXX object CMakeFiles/add_two_ints_service.dir/src/AddTwoInts_service.cpp.o[0m
[1.276s] [ 50%] [32mBuilding CXX object CMakeFiles/add_two_ints_client.dir/src/AddTwoInts_client.cpp.o[0m
[6.023s] [ 75%] [32m[1mLinking CXX executable add_two_ints_service[0m
[6.107s] [100%] [32m[1mLinking CXX executable add_two_ints_client[0m
[6.243s] [100%] Built target add_two_ints_service
[6.309s] [100%] Built target add_two_ints_client
[6.325s] Invoked command in '/home/rm/sp_vision_tutorial_27/lecture4/src/build/srv_learning' returned '0': CMAKE_PREFIX_PATH=/opt/ros/humble /usr/bin/cmake --build /home/rm/sp_vision_tutorial_27/lecture4/src/build/srv_learning -- -j8 -l8
[6.329s] Invoking command in '/home/rm/sp_vision_tutorial_27/lecture4/src/build/srv_learning': CMAKE_PREFIX_PATH=/opt/ros/humble /usr/bin/cmake --install /home/rm/sp_vision_tutorial_27/lecture4/src/build/srv_learning
[6.339s] -- Install configuration: ""
[6.339s] -- Installing: /home/rm/sp_vision_tutorial_27/lecture4/src/install/srv_learning/lib/srv_learning/add_two_ints_service
[6.339s] -- Set runtime path of "/home/rm/sp_vision_tutorial_27/lecture4/src/install/srv_learning/lib/srv_learning/add_two_ints_service" to ""
[6.339s] -- Installing: /home/rm/sp_vision_tutorial_27/lecture4/src/install/srv_learning/lib/srv_learning/add_two_ints_client
[6.340s] -- Set runtime path of "/home/rm/sp_vision_tutorial_27/lecture4/src/install/srv_learning/lib/srv_learning/add_two_ints_client" to ""
[6.340s] -- Installing: /home/rm/sp_vision_tutorial_27/lecture4/src/install/srv_learning/share/ament_index/resource_index/package_run_dependencies/srv_learning
[6.340s] -- Installing: /home/rm/sp_vision_tutorial_27/lecture4/src/install/srv_learning/share/ament_index/resource_index/parent_prefix_path/srv_learning
[6.340s] -- Installing: /home/rm/sp_vision_tutorial_27/lecture4/src/install/srv_learning/share/srv_learning/environment/ament_prefix_path.sh
[6.344s] -- Installing: /home/rm/sp_vision_tutorial_27/lecture4/src/install/srv_learning/share/srv_learning/environment/ament_prefix_path.dsv
[6.344s] -- Installing: /home/rm/sp_vision_tutorial_27/lecture4/src/install/srv_learning/share/srv_learning/environment/path.sh
[6.344s] -- Installing: /home/rm/sp_vision_tutorial_27/lecture4/src/install/srv_learning/share/srv_learning/environment/path.dsv
[6.344s] -- Installing: /home/rm/sp_vision_tutorial_27/lecture4/src/install/srv_learning/share/srv_learning/local_setup.bash
[6.344s] -- Installing: /home/rm/sp_vision_tutorial_27/lecture4/src/install/srv_learning/share/srv_learning/local_setup.sh
[6.344s] -- Installing: /home/rm/sp_vision_tutorial_27/lecture4/src/install/srv_learning/share/srv_learning/local_setup.zsh
[6.344s] -- Installing: /home/rm/sp_vision_tutorial_27/lecture4/src/install/srv_learning/share/srv_learning/local_setup.dsv
[6.344s] -- Installing: /home/rm/sp_vision_tutorial_27/lecture4/src/install/srv_learning/share/srv_learning/package.dsv
[6.344s] -- Installing: /home/rm/sp_vision_tutorial_27/lecture4/src/install/srv_learning/share/ament_index/resource_index/packages/srv_learning
[6.344s] -- Installing: /home/rm/sp_vision_tutorial_27/lecture4/src/install/srv_learning/share/srv_learning/cmake/srv_learningConfig.cmake
[6.344s] -- Installing: /home/rm/sp_vision_tutorial_27/lecture4/src/install/srv_learning/share/srv_learning/cmake/srv_learningConfig-version.cmake
[6.344s] -- Installing: /home/rm/sp_vision_tutorial_27/lecture4/src/install/srv_learning/share/srv_learning/package.xml
[6.345s] Invoked command in '/home/rm/sp_vision_tutorial_27/lecture4/src/build/srv_learning' returned '0': CMAKE_PREFIX_PATH=/opt/ros/humble /usr/bin/cmake --install /home/rm/sp_vision_tutorial_27/lecture4/src/build/srv_learning
