[0.291s] Invoking command in '/home/rm/sp_vision_tutorial_27/lecture4/build/turtlesim': CMAKE_PREFIX_PATH=/opt/ros/humble /usr/bin/cmake /home/rm/sp_vision_tutorial_27/lecture4/src/ep2/ros_tutorials/turtlesim -DCMAKE_INSTALL_PREFIX=/home/rm/sp_vision_tutorial_27/lecture4/install/turtlesim
[0.346s] -- The C compiler identification is GNU 11.4.0
[0.391s] -- The CXX compiler identification is GNU 11.4.0
[0.396s] -- Detecting C compiler ABI info
[0.506s] -- Detecting C compiler ABI info - done
[0.511s] -- Check for working C compiler: /usr/bin/cc - skipped
[0.515s] -- Detecting C compile features
[0.517s] -- Detecting C compile features - done
[0.520s] -- Detecting CXX compiler ABI info
[0.602s] -- Detecting CXX compiler ABI info - done
[0.612s] -- Check for working CXX compiler: /usr/bin/c++ - skipped
[0.612s] -- Detecting CXX compile features
[0.612s] -- Detecting CXX compile features - done
[0.619s] -- Found ament_cmake: 1.3.14 (/opt/ros/humble/share/ament_cmake/cmake)
[0.715s] -- Found Python3: /usr/bin/python3 (found version "3.10.12") found components: Interpreter 
[0.771s] -- Found ament_index_cpp: 1.4.1 (/opt/ros/humble/share/ament_index_cpp/cmake)
[0.772s] -- Found geometry_msgs: 4.9.2 (/opt/ros/humble/share/geometry_msgs/cmake)
[0.790s] -- Found rosidl_generator_c: 3.1.9 (/opt/ros/humble/share/rosidl_generator_c/cmake)
[0.792s] -- Found rosidl_adapter: 3.1.9 (/opt/ros/humble/share/rosidl_adapter/cmake)
[0.796s] -- Found rosidl_generator_cpp: 3.1.9 (/opt/ros/humble/share/rosidl_generator_cpp/cmake)
[0.804s] -- Using all available rosidl_typesupport_c: rosidl_typesupport_fastrtps_c;rosidl_typesupport_introspection_c
[0.811s] -- Using all available rosidl_typesupport_cpp: rosidl_typesupport_fastrtps_cpp;rosidl_typesupport_introspection_cpp
[0.836s] -- Found rclcpp: 16.0.21 (/opt/ros/humble/share/rclcpp/cmake)
[0.853s] -- Found rmw_implementation_cmake: 6.1.4 (/opt/ros/humble/share/rmw_implementation_cmake/cmake)
[0.855s] -- Found rmw_fastrtps_cpp: 6.2.10 (/opt/ros/humble/share/rmw_fastrtps_cpp/cmake)
[0.918s] -- Found OpenSSL: /usr/lib/x86_64-linux-gnu/libcrypto.so (found version "3.0.2")  
[0.932s] -- Found FastRTPS: /opt/ros/humble/include  
[0.955s] -- Using RMW implementation 'rmw_fastrtps_cpp' as default
[0.959s] -- Looking for pthread.h
[1.039s] -- Looking for pthread.h - found
[1.040s] -- Performing Test CMAKE_HAVE_LIBC_PTHREAD
[1.112s] -- Performing Test CMAKE_HAVE_LIBC_PTHREAD - Success
[1.113s] -- Found Threads: TRUE  
[1.139s] -- Found rclcpp_action: 16.0.21 (/opt/ros/humble/share/rclcpp_action/cmake)
[1.155s] -- Found rosidl_default_generators: 1.2.1 (/opt/ros/humble/share/rosidl_default_generators/cmake)
[1.164s] -- Found std_srvs: 4.9.2 (/opt/ros/humble/share/std_srvs/cmake)
[1.443s] -- Found ament_cmake_ros: 0.10.1 (/opt/ros/humble/share/ament_cmake_ros/cmake)
[1.820s] -- Using all available rosidl_typesupport_c: rosidl_typesupport_fastrtps_c;rosidl_typesupport_introspection_c
[1.961s] -- Using all available rosidl_typesupport_cpp: rosidl_typesupport_fastrtps_cpp;rosidl_typesupport_introspection_cpp
[2.002s] -- Found PythonInterp: /usr/bin/python3 (found suitable version "3.10.12", minimum required is "3.6") 
[2.002s] -- Found python_cmake_module: 0.10.0 (/opt/ros/humble/share/python_cmake_module/cmake)
[2.038s] -- Found PythonLibs: /usr/lib/x86_64-linux-gnu/libpython3.10.so (found suitable version "3.10.12", minimum required is "3.5") 
[2.038s] -- Using PYTHON_EXECUTABLE: /usr/bin/python3
[2.038s] -- Using PYTHON_INCLUDE_DIRS: /usr/include/python3.10
[2.038s] -- Using PYTHON_LIBRARIES: /usr/lib/x86_64-linux-gnu/libpython3.10.so
[2.052s] -- Found PythonExtra: .so  
[2.140s] -- Configuring done
[2.186s] -- Generating done
[2.200s] -- Build files have been written to: /home/rm/sp_vision_tutorial_27/lecture4/build/turtlesim
[2.217s] Invoked command in '/home/rm/sp_vision_tutorial_27/lecture4/build/turtlesim' returned '0': CMAKE_PREFIX_PATH=/opt/ros/humble /usr/bin/cmake /home/rm/sp_vision_tutorial_27/lecture4/src/ep2/ros_tutorials/turtlesim -DCMAKE_INSTALL_PREFIX=/home/rm/sp_vision_tutorial_27/lecture4/install/turtlesim
[2.218s] Invoking command in '/home/rm/sp_vision_tutorial_27/lecture4/build/turtlesim': CMAKE_PREFIX_PATH=/opt/ros/humble /usr/bin/cmake --build /home/rm/sp_vision_tutorial_27/lecture4/build/turtlesim -- -j8 -l8
[2.271s] [  1%] [34m[1mGenerating C code for ROS interfaces[0m
[2.298s] [  2%] [34m[1mGenerating Rust code for ROS interfaces[0m
[2.310s] [  3%] [34m[1mGenerating C++ code for ROS interfaces[0m
[2.313s] [  3%] Built target ament_cmake_python_copy_turtlesim
[2.490s] running egg_info
[2.490s] creating turtlesim.egg-info
[2.491s] writing turtlesim.egg-info/PKG-INFO
[2.491s] writing dependency_links to turtlesim.egg-info/dependency_links.txt
[2.491s] writing top-level names to turtlesim.egg-info/top_level.txt
[2.491s] writing manifest file 'turtlesim.egg-info/SOURCES.txt'
[2.492s] reading manifest file 'turtlesim.egg-info/SOURCES.txt'
[2.493s] writing manifest file 'turtlesim.egg-info/SOURCES.txt'
[2.517s] [  3%] Built target ament_cmake_python_build_turtlesim_egg
[2.576s] [  3%] Built target turtlesim__rs
[2.998s] [  4%] [32mBuilding C object CMakeFiles/turtlesim__rosidl_generator_c.dir/rosidl_generator_c/turtlesim/action/detail/rotate_absolute__functions.c.o[0m
[3.004s] [  5%] [32mBuilding C object CMakeFiles/turtlesim__rosidl_generator_c.dir/rosidl_generator_c/turtlesim/msg/detail/color__functions.c.o[0m
[3.005s] [  6%] [32mBuilding C object CMakeFiles/turtlesim__rosidl_generator_c.dir/rosidl_generator_c/turtlesim/srv/detail/kill__functions.c.o[0m
[3.005s] [  7%] [32mBuilding C object CMakeFiles/turtlesim__rosidl_generator_c.dir/rosidl_generator_c/turtlesim/msg/detail/pose__functions.c.o[0m
[3.009s] [  8%] Built target turtlesim__cpp
[3.009s] [  8%] [32mBuilding C object CMakeFiles/turtlesim__rosidl_generator_c.dir/rosidl_generator_c/turtlesim/srv/detail/set_pen__functions.c.o[0m
[3.010s] [  9%] [32mBuilding C object CMakeFiles/turtlesim__rosidl_generator_c.dir/rosidl_generator_c/turtlesim/srv/detail/spawn__functions.c.o[0m
[3.014s] [ 10%] [32mBuilding C object CMakeFiles/turtlesim__rosidl_generator_c.dir/rosidl_generator_c/turtlesim/srv/detail/teleport_absolute__functions.c.o[0m
[3.050s] [ 11%] [34m[1mGenerating C++ type support for eProsima Fast-RTPS[0m
[3.094s] [ 12%] [32mBuilding C object CMakeFiles/turtlesim__rosidl_generator_c.dir/rosidl_generator_c/turtlesim/srv/detail/teleport_relative__functions.c.o[0m
[3.110s] [ 13%] [34m[1mGenerating C++ introspection for ROS interfaces[0m
[3.116s] [ 14%] [34m[1mGenerating C++ type support dispatch for ROS interfaces[0m
[3.165s] [ 15%] [32m[1mLinking C shared library libturtlesim__rosidl_generator_c.so[0m
[3.214s] [ 15%] Built target turtlesim__rosidl_generator_c
[3.231s] [ 16%] [34m[1mGenerating C introspection for ROS interfaces[0m
[3.236s] [ 17%] [34m[1mGenerating C type support dispatch for ROS interfaces[0m
[3.237s] [ 18%] [34m[1mGenerating C type support for eProsima Fast-RTPS[0m
[3.555s] [ 19%] [32mBuilding CXX object CMakeFiles/turtlesim__rosidl_typesupport_cpp.dir/rosidl_typesupport_cpp/turtlesim/action/rotate_absolute__type_support.cpp.o[0m
[3.569s] [ 20%] [32mBuilding CXX object CMakeFiles/turtlesim__rosidl_typesupport_cpp.dir/rosidl_typesupport_cpp/turtlesim/msg/pose__type_support.cpp.o[0m
[3.576s] [ 21%] [32mBuilding CXX object CMakeFiles/turtlesim__rosidl_typesupport_cpp.dir/rosidl_typesupport_cpp/turtlesim/msg/color__type_support.cpp.o[0m
[3.617s] [ 22%] [32mBuilding CXX object CMakeFiles/turtlesim__rosidl_typesupport_c.dir/rosidl_typesupport_c/turtlesim/action/rotate_absolute__type_support.cpp.o[0m
[3.693s] [ 23%] [32mBuilding CXX object CMakeFiles/turtlesim__rosidl_typesupport_c.dir/rosidl_typesupport_c/turtlesim/msg/color__type_support.cpp.o[0m
[3.739s] [ 24%] [32mBuilding CXX object CMakeFiles/turtlesim__rosidl_typesupport_c.dir/rosidl_typesupport_c/turtlesim/msg/pose__type_support.cpp.o[0m
[3.786s] [ 25%] [32mBuilding CXX object CMakeFiles/turtlesim__rosidl_typesupport_c.dir/rosidl_typesupport_c/turtlesim/srv/kill__type_support.cpp.o[0m
[3.828s] [ 26%] [32mBuilding CXX object CMakeFiles/turtlesim__rosidl_typesupport_c.dir/rosidl_typesupport_c/turtlesim/srv/set_pen__type_support.cpp.o[0m
[3.855s] [ 27%] [32mBuilding CXX object CMakeFiles/turtlesim__rosidl_typesupport_c.dir/rosidl_typesupport_c/turtlesim/srv/spawn__type_support.cpp.o[0m
[3.874s] [ 28%] [32mBuilding CXX object CMakeFiles/turtlesim__rosidl_typesupport_c.dir/rosidl_typesupport_c/turtlesim/srv/teleport_absolute__type_support.cpp.o[0m
[3.875s] [ 29%] [32mBuilding CXX object CMakeFiles/turtlesim__rosidl_typesupport_introspection_cpp.dir/rosidl_typesupport_introspection_cpp/turtlesim/action/detail/rotate_absolute__type_support.cpp.o[0m
[3.883s] [ 30%] [32mBuilding CXX object CMakeFiles/turtlesim__rosidl_typesupport_c.dir/rosidl_typesupport_c/turtlesim/srv/teleport_relative__type_support.cpp.o[0m
[3.941s] [ 31%] [32mBuilding CXX object CMakeFiles/turtlesim__rosidl_typesupport_fastrtps_cpp.dir/rosidl_typesupport_fastrtps_cpp/turtlesim/msg/detail/dds_fastrtps/color__type_support.cpp.o[0m
[3.946s] [ 33%] [32mBuilding CXX object CMakeFiles/turtlesim__rosidl_typesupport_fastrtps_cpp.dir/rosidl_typesupport_fastrtps_cpp/turtlesim/action/detail/dds_fastrtps/rotate_absolute__type_support.cpp.o[0m
[3.949s] [ 32%] [32m[1mLinking CXX shared library libturtlesim__rosidl_typesupport_c.so[0m
[3.954s] [ 34%] [32mBuilding CXX object CMakeFiles/turtlesim__rosidl_typesupport_introspection_cpp.dir/rosidl_typesupport_introspection_cpp/turtlesim/msg/detail/color__type_support.cpp.o[0m
[3.969s] [ 35%] [32mBuilding CXX object CMakeFiles/turtlesim__rosidl_typesupport_fastrtps_c.dir/rosidl_typesupport_fastrtps_c/turtlesim/action/detail/rotate_absolute__type_support_c.cpp.o[0m
[4.028s] [ 35%] Built target turtlesim__rosidl_typesupport_c
[4.040s] [ 36%] [32mBuilding CXX object CMakeFiles/turtlesim__rosidl_typesupport_fastrtps_cpp.dir/rosidl_typesupport_fastrtps_cpp/turtlesim/msg/detail/dds_fastrtps/pose__type_support.cpp.o[0m
[4.053s] [ 37%] [32mBuilding C object CMakeFiles/turtlesim__rosidl_typesupport_introspection_c.dir/rosidl_typesupport_introspection_c/turtlesim/action/detail/rotate_absolute__type_support.c.o[0m
[4.083s] [ 38%] [32mBuilding CXX object CMakeFiles/turtlesim__rosidl_typesupport_cpp.dir/rosidl_typesupport_cpp/turtlesim/srv/kill__type_support.cpp.o[0m
[4.112s] [ 39%] [32mBuilding C object CMakeFiles/turtlesim__rosidl_typesupport_introspection_c.dir/rosidl_typesupport_introspection_c/turtlesim/msg/detail/color__type_support.c.o[0m
[4.175s] [ 40%] [32mBuilding C object CMakeFiles/turtlesim__rosidl_typesupport_introspection_c.dir/rosidl_typesupport_introspection_c/turtlesim/msg/detail/pose__type_support.c.o[0m
[4.242s] [ 41%] [32mBuilding C object CMakeFiles/turtlesim__rosidl_typesupport_introspection_c.dir/rosidl_typesupport_introspection_c/turtlesim/srv/detail/kill__type_support.c.o[0m
[4.300s] [ 42%] [32mBuilding CXX object CMakeFiles/turtlesim__rosidl_typesupport_introspection_cpp.dir/rosidl_typesupport_introspection_cpp/turtlesim/msg/detail/pose__type_support.cpp.o[0m
[4.313s] [ 43%] [32mBuilding C object CMakeFiles/turtlesim__rosidl_typesupport_introspection_c.dir/rosidl_typesupport_introspection_c/turtlesim/srv/detail/set_pen__type_support.c.o[0m
[4.329s] [ 44%] [32mBuilding CXX object CMakeFiles/turtlesim__rosidl_typesupport_cpp.dir/rosidl_typesupport_cpp/turtlesim/srv/set_pen__type_support.cpp.o[0m
[4.379s] [ 45%] [32mBuilding C object CMakeFiles/turtlesim__rosidl_typesupport_introspection_c.dir/rosidl_typesupport_introspection_c/turtlesim/srv/detail/spawn__type_support.c.o[0m
[4.446s] [ 46%] [32mBuilding C object CMakeFiles/turtlesim__rosidl_typesupport_introspection_c.dir/rosidl_typesupport_introspection_c/turtlesim/srv/detail/teleport_absolute__type_support.c.o[0m
[4.487s] [ 47%] [32mBuilding CXX object CMakeFiles/turtlesim__rosidl_typesupport_fastrtps_cpp.dir/rosidl_typesupport_fastrtps_cpp/turtlesim/srv/detail/dds_fastrtps/kill__type_support.cpp.o[0m
[4.520s] [ 48%] [32mBuilding C object CMakeFiles/turtlesim__rosidl_typesupport_introspection_c.dir/rosidl_typesupport_introspection_c/turtlesim/srv/detail/teleport_relative__type_support.c.o[0m
[4.521s] [ 49%] [32mBuilding CXX object CMakeFiles/turtlesim__rosidl_typesupport_fastrtps_c.dir/rosidl_typesupport_fastrtps_c/turtlesim/msg/detail/color__type_support_c.cpp.o[0m
[4.546s] [ 50%] [32mBuilding CXX object CMakeFiles/turtlesim__rosidl_typesupport_cpp.dir/rosidl_typesupport_cpp/turtlesim/srv/spawn__type_support.cpp.o[0m
[4.588s] [ 51%] [32m[1mLinking C shared library libturtlesim__rosidl_typesupport_introspection_c.so[0m
[4.607s] [ 52%] [32mBuilding CXX object CMakeFiles/turtlesim__rosidl_typesupport_fastrtps_c.dir/rosidl_typesupport_fastrtps_c/turtlesim/msg/detail/pose__type_support_c.cpp.o[0m
[4.645s] [ 52%] Built target turtlesim__rosidl_typesupport_introspection_c
[4.649s] [ 53%] [32mBuilding CXX object CMakeFiles/turtlesim__rosidl_typesupport_cpp.dir/rosidl_typesupport_cpp/turtlesim/srv/teleport_absolute__type_support.cpp.o[0m
[4.655s] [ 54%] [32mBuilding CXX object CMakeFiles/turtlesim__rosidl_typesupport_introspection_cpp.dir/rosidl_typesupport_introspection_cpp/turtlesim/srv/detail/kill__type_support.cpp.o[0m
[4.667s] [ 55%] [32mBuilding CXX object CMakeFiles/turtlesim__rosidl_typesupport_introspection_cpp.dir/rosidl_typesupport_introspection_cpp/turtlesim/srv/detail/set_pen__type_support.cpp.o[0m
[4.804s] [ 56%] [32mBuilding CXX object CMakeFiles/turtlesim__rosidl_typesupport_introspection_cpp.dir/rosidl_typesupport_introspection_cpp/turtlesim/srv/detail/spawn__type_support.cpp.o[0m
[4.837s] [ 57%] [32mBuilding CXX object CMakeFiles/turtlesim__rosidl_typesupport_fastrtps_cpp.dir/rosidl_typesupport_fastrtps_cpp/turtlesim/srv/detail/dds_fastrtps/set_pen__type_support.cpp.o[0m
[4.889s] [ 58%] [32mBuilding CXX object CMakeFiles/turtlesim__rosidl_typesupport_fastrtps_cpp.dir/rosidl_typesupport_fastrtps_cpp/turtlesim/srv/detail/dds_fastrtps/spawn__type_support.cpp.o[0m
[4.905s] [ 59%] [32mBuilding CXX object CMakeFiles/turtlesim__rosidl_typesupport_introspection_cpp.dir/rosidl_typesupport_introspection_cpp/turtlesim/srv/detail/teleport_absolute__type_support.cpp.o[0m
[4.906s] [ 60%] [32mBuilding CXX object CMakeFiles/turtlesim__rosidl_typesupport_fastrtps_c.dir/rosidl_typesupport_fastrtps_c/turtlesim/srv/detail/kill__type_support_c.cpp.o[0m
[4.974s] [ 61%] [32mBuilding CXX object CMakeFiles/turtlesim__rosidl_typesupport_fastrtps_cpp.dir/rosidl_typesupport_fastrtps_cpp/turtlesim/srv/detail/dds_fastrtps/teleport_absolute__type_support.cpp.o[0m
[5.040s] [ 62%] [32mBuilding CXX object CMakeFiles/turtlesim__rosidl_typesupport_cpp.dir/rosidl_typesupport_cpp/turtlesim/srv/teleport_relative__type_support.cpp.o[0m
[5.165s] [ 63%] [32mBuilding CXX object CMakeFiles/turtlesim__rosidl_typesupport_fastrtps_cpp.dir/rosidl_typesupport_fastrtps_cpp/turtlesim/srv/detail/dds_fastrtps/teleport_relative__type_support.cpp.o[0m
[5.175s] [ 64%] [32mBuilding CXX object CMakeFiles/turtlesim__rosidl_typesupport_introspection_cpp.dir/rosidl_typesupport_introspection_cpp/turtlesim/srv/detail/teleport_relative__type_support.cpp.o[0m
[5.182s] [ 65%] [32mBuilding CXX object CMakeFiles/turtlesim__rosidl_typesupport_fastrtps_c.dir/rosidl_typesupport_fastrtps_c/turtlesim/srv/detail/set_pen__type_support_c.cpp.o[0m
[5.208s] [ 66%] [32mBuilding CXX object CMakeFiles/turtlesim__rosidl_typesupport_fastrtps_c.dir/rosidl_typesupport_fastrtps_c/turtlesim/srv/detail/spawn__type_support_c.cpp.o[0m
[5.227s] [ 67%] [32mBuilding CXX object CMakeFiles/turtlesim__rosidl_typesupport_fastrtps_c.dir/rosidl_typesupport_fastrtps_c/turtlesim/srv/detail/teleport_absolute__type_support_c.cpp.o[0m
[5.363s] [ 68%] [32mBuilding CXX object CMakeFiles/turtlesim__rosidl_typesupport_fastrtps_c.dir/rosidl_typesupport_fastrtps_c/turtlesim/srv/detail/teleport_relative__type_support_c.cpp.o[0m
[5.368s] [ 69%] [32m[1mLinking CXX shared library libturtlesim__rosidl_typesupport_cpp.so[0m
[5.414s] [ 69%] Built target turtlesim__rosidl_typesupport_cpp
[5.435s] [ 70%] [34m[1mGenerating include/turtlesim/moc_turtle_frame.cpp[0m
[5.461s] [ 71%] [32mBuilding CXX object CMakeFiles/turtle_teleop_key.dir/tutorials/teleop_turtle_key.cpp.o[0m
[5.515s] [ 72%] [32mBuilding CXX object CMakeFiles/turtlesim_node.dir/src/turtlesim.cpp.o[0m
[5.553s] [ 73%] [32mBuilding CXX object CMakeFiles/turtlesim_node.dir/src/turtle.cpp.o[0m
[5.580s] [ 74%] [32m[1mLinking CXX shared library libturtlesim__rosidl_typesupport_fastrtps_cpp.so[0m
[5.607s] [ 75%] [32m[1mLinking CXX shared library libturtlesim__rosidl_typesupport_introspection_cpp.so[0m
[5.664s] [ 76%] [32mBuilding CXX object CMakeFiles/turtlesim_node.dir/src/turtle_frame.cpp.o[0m
[5.701s] [ 77%] [32m[1mLinking CXX shared library libturtlesim__rosidl_typesupport_fastrtps_c.so[0m
[5.712s] [ 78%] [32mBuilding CXX object CMakeFiles/draw_square.dir/tutorials/draw_square.cpp.o[0m
[5.717s] [ 78%] Built target turtlesim__rosidl_typesupport_fastrtps_cpp
[5.721s] [ 78%] Built target turtlesim__rosidl_typesupport_introspection_cpp
[5.749s] [ 79%] [32mBuilding CXX object CMakeFiles/turtlesim_node.dir/include/turtlesim/moc_turtle_frame.cpp.o[0m
[5.755s] [ 80%] [32mBuilding CXX object CMakeFiles/mimic.dir/tutorials/mimic.cpp.o[0m
[5.859s] [ 80%] Built target turtlesim__rosidl_typesupport_fastrtps_c
[5.905s] [ 80%] Built target turtlesim
[5.949s] [ 81%] [34m[1mGenerating Python code for ROS interfaces[0m
[7.658s] [ 81%] Built target turtlesim__py
[7.706s] [ 82%] [32mBuilding C object CMakeFiles/turtlesim__rosidl_generator_py.dir/rosidl_generator_py/turtlesim/action/_rotate_absolute_s.c.o[0m
[7.912s] [ 83%] [32mBuilding C object CMakeFiles/turtlesim__rosidl_generator_py.dir/rosidl_generator_py/turtlesim/msg/_color_s.c.o[0m
[8.077s] [ 84%] [32mBuilding C object CMakeFiles/turtlesim__rosidl_generator_py.dir/rosidl_generator_py/turtlesim/msg/_pose_s.c.o[0m
[8.208s] [ 85%] [32mBuilding C object CMakeFiles/turtlesim__rosidl_generator_py.dir/rosidl_generator_py/turtlesim/srv/_kill_s.c.o[0m
[8.357s] [ 86%] [32mBuilding C object CMakeFiles/turtlesim__rosidl_generator_py.dir/rosidl_generator_py/turtlesim/srv/_set_pen_s.c.o[0m
[8.544s] [ 87%] [32mBuilding C object CMakeFiles/turtlesim__rosidl_generator_py.dir/rosidl_generator_py/turtlesim/srv/_spawn_s.c.o[0m
[8.879s] [ 88%] [32mBuilding C object CMakeFiles/turtlesim__rosidl_generator_py.dir/rosidl_generator_py/turtlesim/srv/_teleport_absolute_s.c.o[0m
[9.094s] [ 89%] [32mBuilding C object CMakeFiles/turtlesim__rosidl_generator_py.dir/rosidl_generator_py/turtlesim/srv/_teleport_relative_s.c.o[0m
[9.399s] [ 90%] [32m[1mLinking C shared library rosidl_generator_py/turtlesim/libturtlesim__rosidl_generator_py.so[0m
[9.489s] [ 90%] Built target turtlesim__rosidl_generator_py
[9.553s] [ 91%] [32mBuilding C object CMakeFiles/turtlesim__rosidl_typesupport_fastrtps_c__pyext.dir/rosidl_generator_py/turtlesim/_turtlesim_s.ep.rosidl_typesupport_fastrtps_c.c.o[0m
[9.824s] [ 92%] [32m[1mLinking C shared library rosidl_generator_py/turtlesim/turtlesim_s__rosidl_typesupport_fastrtps_c.cpython-310-x86_64-linux-gnu.so[0m
[9.909s] [ 92%] Built target turtlesim__rosidl_typesupport_fastrtps_c__pyext
[9.953s] [ 93%] [32mBuilding C object CMakeFiles/turtlesim__rosidl_typesupport_introspection_c__pyext.dir/rosidl_generator_py/turtlesim/_turtlesim_s.ep.rosidl_typesupport_introspection_c.c.o[0m
[10.113s] [ 94%] [32mBuilding C object CMakeFiles/turtlesim__rosidl_typesupport_c__pyext.dir/rosidl_generator_py/turtlesim/_turtlesim_s.ep.rosidl_typesupport_c.c.o[0m
[10.134s] [ 95%] [32m[1mLinking C shared library rosidl_generator_py/turtlesim/turtlesim_s__rosidl_typesupport_introspection_c.cpython-310-x86_64-linux-gnu.so[0m
[10.212s] [ 95%] Built target turtlesim__rosidl_typesupport_introspection_c__pyext
[10.223s] [ 96%] [32m[1mLinking C shared library rosidl_generator_py/turtlesim/turtlesim_s__rosidl_typesupport_c.cpython-310-x86_64-linux-gnu.so[0m
[10.270s] [ 96%] Built target turtlesim__rosidl_typesupport_c__pyext
[10.679s] [ 97%] [32m[1mLinking CXX executable turtle_teleop_key[0m
[10.845s] [ 97%] Built target turtle_teleop_key
[12.494s] [ 98%] [32m[1mLinking CXX executable mimic[0m
[12.783s] [ 98%] Built target mimic
[13.068s] [ 99%] [32m[1mLinking CXX executable draw_square[0m
[13.359s] [ 99%] Built target draw_square
[15.804s] [100%] [32m[1mLinking CXX executable turtlesim_node[0m
[17.200s] [100%] Built target turtlesim_node
[17.210s] Invoked command in '/home/rm/sp_vision_tutorial_27/lecture4/build/turtlesim' returned '0': CMAKE_PREFIX_PATH=/opt/ros/humble /usr/bin/cmake --build /home/rm/sp_vision_tutorial_27/lecture4/build/turtlesim -- -j8 -l8
[17.212s] Invoking command in '/home/rm/sp_vision_tutorial_27/lecture4/build/turtlesim': CMAKE_PREFIX_PATH=/opt/ros/humble /usr/bin/cmake --install /home/rm/sp_vision_tutorial_27/lecture4/build/turtlesim
[17.219s] -- Install configuration: ""
[17.219s] -- Installing: /home/rm/sp_vision_tutorial_27/lecture4/install/turtlesim/share/ament_index/resource_index/rosidl_interfaces/turtlesim
[17.219s] -- Installing: /home/rm/sp_vision_tutorial_27/lecture4/install/turtlesim/include/turtlesim/turtlesim
[17.219s] -- Installing: /home/rm/sp_vision_tutorial_27/lecture4/install/turtlesim/include/turtlesim/turtlesim/msg
[17.219s] -- Installing: /home/rm/sp_vision_tutorial_27/lecture4/install/turtlesim/include/turtlesim/turtlesim/msg/color.h
[17.219s] -- Installing: /home/rm/sp_vision_tutorial_27/lecture4/install/turtlesim/include/turtlesim/turtlesim/msg/pose.h
[17.219s] -- Installing: /home/rm/sp_vision_tutorial_27/lecture4/install/turtlesim/include/turtlesim/turtlesim/msg/detail
[17.219s] -- Installing: /home/rm/sp_vision_tutorial_27/lecture4/install/turtlesim/include/turtlesim/turtlesim/msg/detail/pose__struct.h
[17.219s] -- Installing: /home/rm/sp_vision_tutorial_27/lecture4/install/turtlesim/include/turtlesim/turtlesim/msg/detail/color__struct.h
[17.219s] -- Installing: /home/rm/sp_vision_tutorial_27/lecture4/install/turtlesim/include/turtlesim/turtlesim/msg/detail/pose__functions.h
[17.219s] -- Installing: /home/rm/sp_vision_tutorial_27/lecture4/install/turtlesim/include/turtlesim/turtlesim/msg/detail/pose__type_support.h
[17.219s] -- Installing: /home/rm/sp_vision_tutorial_27/lecture4/install/turtlesim/include/turtlesim/turtlesim/msg/detail/pose__functions.c
[17.219s] -- Installing: /home/rm/sp_vision_tutorial_27/lecture4/install/turtlesim/include/turtlesim/turtlesim/msg/detail/color__functions.h
[17.220s] -- Installing: /home/rm/sp_vision_tutorial_27/lecture4/install/turtlesim/include/turtlesim/turtlesim/msg/detail/color__type_support.h
[17.220s] -- Installing: /home/rm/sp_vision_tutorial_27/lecture4/install/turtlesim/include/turtlesim/turtlesim/msg/detail/color__functions.c
[17.220s] -- Installing: /home/rm/sp_vision_tutorial_27/lecture4/install/turtlesim/include/turtlesim/turtlesim/msg/rosidl_generator_c__visibility_control.h
[17.220s] -- Installing: /home/rm/sp_vision_tutorial_27/lecture4/install/turtlesim/include/turtlesim/turtlesim/action
[17.220s] -- Installing: /home/rm/sp_vision_tutorial_27/lecture4/install/turtlesim/include/turtlesim/turtlesim/action/detail
[17.220s] -- Installing: /home/rm/sp_vision_tutorial_27/lecture4/install/turtlesim/include/turtlesim/turtlesim/action/detail/rotate_absolute__functions.h
[17.220s] -- Installing: /home/rm/sp_vision_tutorial_27/lecture4/install/turtlesim/include/turtlesim/turtlesim/action/detail/rotate_absolute__struct.h
[17.220s] -- Installing: /home/rm/sp_vision_tutorial_27/lecture4/install/turtlesim/include/turtlesim/turtlesim/action/detail/rotate_absolute__type_support.h
[17.220s] -- Installing: /home/rm/sp_vision_tutorial_27/lecture4/install/turtlesim/include/turtlesim/turtlesim/action/detail/rotate_absolute__functions.c
[17.220s] -- Installing: /home/rm/sp_vision_tutorial_27/lecture4/install/turtlesim/include/turtlesim/turtlesim/action/rotate_absolute.h
[17.220s] -- Installing: /home/rm/sp_vision_tutorial_27/lecture4/install/turtlesim/include/turtlesim/turtlesim/srv
[17.220s] -- Installing: /home/rm/sp_vision_tutorial_27/lecture4/install/turtlesim/include/turtlesim/turtlesim/srv/spawn.h
[17.220s] -- Installing: /home/rm/sp_vision_tutorial_27/lecture4/install/turtlesim/include/turtlesim/turtlesim/srv/set_pen.h
[17.220s] -- Installing: /home/rm/sp_vision_tutorial_27/lecture4/install/turtlesim/include/turtlesim/turtlesim/srv/detail
[17.220s] -- Installing: /home/rm/sp_vision_tutorial_27/lecture4/install/turtlesim/include/turtlesim/turtlesim/srv/detail/teleport_absolute__functions.c
[17.220s] -- Installing: /home/rm/sp_vision_tutorial_27/lecture4/install/turtlesim/include/turtlesim/turtlesim/srv/detail/kill__functions.c
[17.220s] -- Installing: /home/rm/sp_vision_tutorial_27/lecture4/install/turtlesim/include/turtlesim/turtlesim/srv/detail/teleport_relative__struct.h
[17.220s] -- Installing: /home/rm/sp_vision_tutorial_27/lecture4/install/turtlesim/include/turtlesim/turtlesim/srv/detail/teleport_absolute__functions.h
[17.221s] -- Installing: /home/rm/sp_vision_tutorial_27/lecture4/install/turtlesim/include/turtlesim/turtlesim/srv/detail/spawn__functions.h
[17.221s] -- Installing: /home/rm/sp_vision_tutorial_27/lecture4/install/turtlesim/include/turtlesim/turtlesim/srv/detail/set_pen__type_support.h
[17.221s] -- Installing: /home/rm/sp_vision_tutorial_27/lecture4/install/turtlesim/include/turtlesim/turtlesim/srv/detail/spawn__functions.c
[17.221s] -- Installing: /home/rm/sp_vision_tutorial_27/lecture4/install/turtlesim/include/turtlesim/turtlesim/srv/detail/set_pen__functions.h
[17.221s] -- Installing: /home/rm/sp_vision_tutorial_27/lecture4/install/turtlesim/include/turtlesim/turtlesim/srv/detail/spawn__struct.h
[17.221s] -- Installing: /home/rm/sp_vision_tutorial_27/lecture4/install/turtlesim/include/turtlesim/turtlesim/srv/detail/kill__type_support.h
[17.221s] -- Installing: /home/rm/sp_vision_tutorial_27/lecture4/install/turtlesim/include/turtlesim/turtlesim/srv/detail/set_pen__struct.h
[17.221s] -- Installing: /home/rm/sp_vision_tutorial_27/lecture4/install/turtlesim/include/turtlesim/turtlesim/srv/detail/teleport_relative__functions.c
[17.221s] -- Installing: /home/rm/sp_vision_tutorial_27/lecture4/install/turtlesim/include/turtlesim/turtlesim/srv/detail/set_pen__functions.c
[17.221s] -- Installing: /home/rm/sp_vision_tutorial_27/lecture4/install/turtlesim/include/turtlesim/turtlesim/srv/detail/teleport_absolute__type_support.h
[17.221s] -- Installing: /home/rm/sp_vision_tutorial_27/lecture4/install/turtlesim/include/turtlesim/turtlesim/srv/detail/spawn__type_support.h
[17.221s] -- Installing: /home/rm/sp_vision_tutorial_27/lecture4/install/turtlesim/include/turtlesim/turtlesim/srv/detail/teleport_absolute__struct.h
[17.221s] -- Installing: /home/rm/sp_vision_tutorial_27/lecture4/install/turtlesim/include/turtlesim/turtlesim/srv/detail/kill__functions.h
[17.221s] -- Installing: /home/rm/sp_vision_tutorial_27/lecture4/install/turtlesim/include/turtlesim/turtlesim/srv/detail/teleport_relative__type_support.h
[17.221s] -- Installing: /home/rm/sp_vision_tutorial_27/lecture4/install/turtlesim/include/turtlesim/turtlesim/srv/detail/kill__struct.h
[17.221s] -- Installing: /home/rm/sp_vision_tutorial_27/lecture4/install/turtlesim/include/turtlesim/turtlesim/srv/detail/teleport_relative__functions.h
[17.221s] -- Installing: /home/rm/sp_vision_tutorial_27/lecture4/install/turtlesim/include/turtlesim/turtlesim/srv/teleport_absolute.h
[17.222s] -- Installing: /home/rm/sp_vision_tutorial_27/lecture4/install/turtlesim/include/turtlesim/turtlesim/srv/kill.h
[17.222s] -- Installing: /home/rm/sp_vision_tutorial_27/lecture4/install/turtlesim/include/turtlesim/turtlesim/srv/teleport_relative.h
[17.222s] -- Installing: /home/rm/sp_vision_tutorial_27/lecture4/install/turtlesim/share/turtlesim/environment/library_path.sh
[17.222s] -- Installing: /home/rm/sp_vision_tutorial_27/lecture4/install/turtlesim/share/turtlesim/environment/library_path.dsv
[17.222s] -- Installing: /home/rm/sp_vision_tutorial_27/lecture4/install/turtlesim/lib/libturtlesim__rosidl_generator_c.so
[17.222s] -- Set runtime path of "/home/rm/sp_vision_tutorial_27/lecture4/install/turtlesim/lib/libturtlesim__rosidl_generator_c.so" to ""
[17.222s] -- Up-to-date: /home/rm/sp_vision_tutorial_27/lecture4/install/turtlesim/include/turtlesim/turtlesim
[17.222s] -- Up-to-date: /home/rm/sp_vision_tutorial_27/lecture4/install/turtlesim/include/turtlesim/turtlesim/msg
[17.222s] -- Up-to-date: /home/rm/sp_vision_tutorial_27/lecture4/install/turtlesim/include/turtlesim/turtlesim/msg/detail
[17.222s] -- Installing: /home/rm/sp_vision_tutorial_27/lecture4/install/turtlesim/include/turtlesim/turtlesim/msg/detail/pose__rosidl_typesupport_fastrtps_c.h
[17.222s] -- Installing: /home/rm/sp_vision_tutorial_27/lecture4/install/turtlesim/include/turtlesim/turtlesim/msg/detail/color__rosidl_typesupport_fastrtps_c.h
[17.222s] -- Installing: /home/rm/sp_vision_tutorial_27/lecture4/install/turtlesim/include/turtlesim/turtlesim/msg/rosidl_typesupport_fastrtps_c__visibility_control.h
[17.223s] -- Up-to-date: /home/rm/sp_vision_tutorial_27/lecture4/install/turtlesim/include/turtlesim/turtlesim/action
[17.223s] -- Up-to-date: /home/rm/sp_vision_tutorial_27/lecture4/install/turtlesim/include/turtlesim/turtlesim/action/detail
[17.223s] -- Installing: /home/rm/sp_vision_tutorial_27/lecture4/install/turtlesim/include/turtlesim/turtlesim/action/detail/rotate_absolute__rosidl_typesupport_fastrtps_c.h
[17.223s] -- Up-to-date: /home/rm/sp_vision_tutorial_27/lecture4/install/turtlesim/include/turtlesim/turtlesim/srv
[17.223s] -- Up-to-date: /home/rm/sp_vision_tutorial_27/lecture4/install/turtlesim/include/turtlesim/turtlesim/srv/detail
[17.223s] -- Installing: /home/rm/sp_vision_tutorial_27/lecture4/install/turtlesim/include/turtlesim/turtlesim/srv/detail/teleport_relative__rosidl_typesupport_fastrtps_c.h
[17.223s] -- Installing: /home/rm/sp_vision_tutorial_27/lecture4/install/turtlesim/include/turtlesim/turtlesim/srv/detail/spawn__rosidl_typesupport_fastrtps_c.h
[17.223s] -- Installing: /home/rm/sp_vision_tutorial_27/lecture4/install/turtlesim/include/turtlesim/turtlesim/srv/detail/kill__rosidl_typesupport_fastrtps_c.h
[17.223s] -- Installing: /home/rm/sp_vision_tutorial_27/lecture4/install/turtlesim/include/turtlesim/turtlesim/srv/detail/teleport_absolute__rosidl_typesupport_fastrtps_c.h
[17.223s] -- Installing: /home/rm/sp_vision_tutorial_27/lecture4/install/turtlesim/include/turtlesim/turtlesim/srv/detail/set_pen__rosidl_typesupport_fastrtps_c.h
[17.223s] -- Installing: /home/rm/sp_vision_tutorial_27/lecture4/install/turtlesim/lib/libturtlesim__rosidl_typesupport_fastrtps_c.so
[17.224s] -- Set runtime path of "/home/rm/sp_vision_tutorial_27/lecture4/install/turtlesim/lib/libturtlesim__rosidl_typesupport_fastrtps_c.so" to ""
[17.224s] -- Up-to-date: /home/rm/sp_vision_tutorial_27/lecture4/install/turtlesim/include/turtlesim/turtlesim
[17.224s] -- Up-to-date: /home/rm/sp_vision_tutorial_27/lecture4/install/turtlesim/include/turtlesim/turtlesim/msg
[17.224s] -- Installing: /home/rm/sp_vision_tutorial_27/lecture4/install/turtlesim/include/turtlesim/turtlesim/msg/rosidl_generator_cpp__visibility_control.hpp
[17.224s] -- Installing: /home/rm/sp_vision_tutorial_27/lecture4/install/turtlesim/include/turtlesim/turtlesim/msg/color.hpp
[17.224s] -- Installing: /home/rm/sp_vision_tutorial_27/lecture4/install/turtlesim/include/turtlesim/turtlesim/msg/pose.hpp
[17.224s] -- Up-to-date: /home/rm/sp_vision_tutorial_27/lecture4/install/turtlesim/include/turtlesim/turtlesim/msg/detail
[17.224s] -- Installing: /home/rm/sp_vision_tutorial_27/lecture4/install/turtlesim/include/turtlesim/turtlesim/msg/detail/pose__struct.hpp
[17.224s] -- Installing: /home/rm/sp_vision_tutorial_27/lecture4/install/turtlesim/include/turtlesim/turtlesim/msg/detail/color__type_support.hpp
[17.224s] -- Installing: /home/rm/sp_vision_tutorial_27/lecture4/install/turtlesim/include/turtlesim/turtlesim/msg/detail/color__struct.hpp
[17.224s] -- Installing: /home/rm/sp_vision_tutorial_27/lecture4/install/turtlesim/include/turtlesim/turtlesim/msg/detail/color__traits.hpp
[17.224s] -- Installing: /home/rm/sp_vision_tutorial_27/lecture4/install/turtlesim/include/turtlesim/turtlesim/msg/detail/pose__builder.hpp
[17.224s] -- Installing: /home/rm/sp_vision_tutorial_27/lecture4/install/turtlesim/include/turtlesim/turtlesim/msg/detail/pose__traits.hpp
[17.224s] -- Installing: /home/rm/sp_vision_tutorial_27/lecture4/install/turtlesim/include/turtlesim/turtlesim/msg/detail/color__builder.hpp
[17.224s] -- Installing: /home/rm/sp_vision_tutorial_27/lecture4/install/turtlesim/include/turtlesim/turtlesim/msg/detail/pose__type_support.hpp
[17.224s] -- Up-to-date: /home/rm/sp_vision_tutorial_27/lecture4/install/turtlesim/include/turtlesim/turtlesim/action
[17.224s] -- Installing: /home/rm/sp_vision_tutorial_27/lecture4/install/turtlesim/include/turtlesim/turtlesim/action/rotate_absolute.hpp
[17.224s] -- Up-to-date: /home/rm/sp_vision_tutorial_27/lecture4/install/turtlesim/include/turtlesim/turtlesim/action/detail
[17.224s] -- Installing: /home/rm/sp_vision_tutorial_27/lecture4/install/turtlesim/include/turtlesim/turtlesim/action/detail/rotate_absolute__struct.hpp
[17.224s] -- Installing: /home/rm/sp_vision_tutorial_27/lecture4/install/turtlesim/include/turtlesim/turtlesim/action/detail/rotate_absolute__traits.hpp
[17.224s] -- Installing: /home/rm/sp_vision_tutorial_27/lecture4/install/turtlesim/include/turtlesim/turtlesim/action/detail/rotate_absolute__type_support.hpp
[17.224s] -- Installing: /home/rm/sp_vision_tutorial_27/lecture4/install/turtlesim/include/turtlesim/turtlesim/action/detail/rotate_absolute__builder.hpp
[17.224s] -- Up-to-date: /home/rm/sp_vision_tutorial_27/lecture4/install/turtlesim/include/turtlesim/turtlesim/srv
[17.224s] -- Installing: /home/rm/sp_vision_tutorial_27/lecture4/install/turtlesim/include/turtlesim/turtlesim/srv/kill.hpp
[17.224s] -- Installing: /home/rm/sp_vision_tutorial_27/lecture4/install/turtlesim/include/turtlesim/turtlesim/srv/set_pen.hpp
[17.224s] -- Installing: /home/rm/sp_vision_tutorial_27/lecture4/install/turtlesim/include/turtlesim/turtlesim/srv/teleport_absolute.hpp
[17.224s] -- Up-to-date: /home/rm/sp_vision_tutorial_27/lecture4/install/turtlesim/include/turtlesim/turtlesim/srv/detail
[17.224s] -- Installing: /home/rm/sp_vision_tutorial_27/lecture4/install/turtlesim/include/turtlesim/turtlesim/srv/detail/teleport_relative__builder.hpp
[17.225s] -- Installing: /home/rm/sp_vision_tutorial_27/lecture4/install/turtlesim/include/turtlesim/turtlesim/srv/detail/set_pen__builder.hpp
[17.225s] -- Installing: /home/rm/sp_vision_tutorial_27/lecture4/install/turtlesim/include/turtlesim/turtlesim/srv/detail/teleport_relative__traits.hpp
[17.225s] -- Installing: /home/rm/sp_vision_tutorial_27/lecture4/install/turtlesim/include/turtlesim/turtlesim/srv/detail/teleport_relative__type_support.hpp
[17.225s] -- Installing: /home/rm/sp_vision_tutorial_27/lecture4/install/turtlesim/include/turtlesim/turtlesim/srv/detail/spawn__traits.hpp
[17.225s] -- Installing: /home/rm/sp_vision_tutorial_27/lecture4/install/turtlesim/include/turtlesim/turtlesim/srv/detail/teleport_relative__struct.hpp
[17.225s] -- Installing: /home/rm/sp_vision_tutorial_27/lecture4/install/turtlesim/include/turtlesim/turtlesim/srv/detail/kill__type_support.hpp
[17.225s] -- Installing: /home/rm/sp_vision_tutorial_27/lecture4/install/turtlesim/include/turtlesim/turtlesim/srv/detail/kill__struct.hpp
[17.225s] -- Installing: /home/rm/sp_vision_tutorial_27/lecture4/install/turtlesim/include/turtlesim/turtlesim/srv/detail/set_pen__traits.hpp
[17.225s] -- Installing: /home/rm/sp_vision_tutorial_27/lecture4/install/turtlesim/include/turtlesim/turtlesim/srv/detail/spawn__builder.hpp
[17.225s] -- Installing: /home/rm/sp_vision_tutorial_27/lecture4/install/turtlesim/include/turtlesim/turtlesim/srv/detail/set_pen__type_support.hpp
[17.225s] -- Installing: /home/rm/sp_vision_tutorial_27/lecture4/install/turtlesim/include/turtlesim/turtlesim/srv/detail/kill__traits.hpp
[17.225s] -- Installing: /home/rm/sp_vision_tutorial_27/lecture4/install/turtlesim/include/turtlesim/turtlesim/srv/detail/set_pen__struct.hpp
[17.225s] -- Installing: /home/rm/sp_vision_tutorial_27/lecture4/install/turtlesim/include/turtlesim/turtlesim/srv/detail/teleport_absolute__type_support.hpp
[17.225s] -- Installing: /home/rm/sp_vision_tutorial_27/lecture4/install/turtlesim/include/turtlesim/turtlesim/srv/detail/teleport_absolute__struct.hpp
[17.225s] -- Installing: /home/rm/sp_vision_tutorial_27/lecture4/install/turtlesim/include/turtlesim/turtlesim/srv/detail/spawn__struct.hpp
[17.225s] -- Installing: /home/rm/sp_vision_tutorial_27/lecture4/install/turtlesim/include/turtlesim/turtlesim/srv/detail/spawn__type_support.hpp
[17.225s] -- Installing: /home/rm/sp_vision_tutorial_27/lecture4/install/turtlesim/include/turtlesim/turtlesim/srv/detail/kill__builder.hpp
[17.226s] -- Installing: /home/rm/sp_vision_tutorial_27/lecture4/install/turtlesim/include/turtlesim/turtlesim/srv/detail/teleport_absolute__traits.hpp
[17.226s] -- Installing: /home/rm/sp_vision_tutorial_27/lecture4/install/turtlesim/include/turtlesim/turtlesim/srv/detail/teleport_absolute__builder.hpp
[17.226s] -- Installing: /home/rm/sp_vision_tutorial_27/lecture4/install/turtlesim/include/turtlesim/turtlesim/srv/teleport_relative.hpp
[17.226s] -- Installing: /home/rm/sp_vision_tutorial_27/lecture4/install/turtlesim/include/turtlesim/turtlesim/srv/spawn.hpp
[17.226s] -- Up-to-date: /home/rm/sp_vision_tutorial_27/lecture4/install/turtlesim/include/turtlesim/turtlesim
[17.226s] -- Up-to-date: /home/rm/sp_vision_tutorial_27/lecture4/install/turtlesim/include/turtlesim/turtlesim/msg
[17.226s] -- Up-to-date: /home/rm/sp_vision_tutorial_27/lecture4/install/turtlesim/include/turtlesim/turtlesim/msg/detail
[17.226s] -- Installing: /home/rm/sp_vision_tutorial_27/lecture4/install/turtlesim/include/turtlesim/turtlesim/msg/detail/color__rosidl_typesupport_fastrtps_cpp.hpp
[17.226s] -- Installing: /home/rm/sp_vision_tutorial_27/lecture4/install/turtlesim/include/turtlesim/turtlesim/msg/detail/dds_fastrtps
[17.226s] -- Installing: /home/rm/sp_vision_tutorial_27/lecture4/install/turtlesim/include/turtlesim/turtlesim/msg/detail/pose__rosidl_typesupport_fastrtps_cpp.hpp
[17.226s] -- Installing: /home/rm/sp_vision_tutorial_27/lecture4/install/turtlesim/include/turtlesim/turtlesim/msg/rosidl_typesupport_fastrtps_cpp__visibility_control.h
[17.226s] -- Up-to-date: /home/rm/sp_vision_tutorial_27/lecture4/install/turtlesim/include/turtlesim/turtlesim/action
[17.226s] -- Up-to-date: /home/rm/sp_vision_tutorial_27/lecture4/install/turtlesim/include/turtlesim/turtlesim/action/detail
[17.226s] -- Installing: /home/rm/sp_vision_tutorial_27/lecture4/install/turtlesim/include/turtlesim/turtlesim/action/detail/rotate_absolute__rosidl_typesupport_fastrtps_cpp.hpp
[17.226s] -- Installing: /home/rm/sp_vision_tutorial_27/lecture4/install/turtlesim/include/turtlesim/turtlesim/action/detail/dds_fastrtps
[17.226s] -- Up-to-date: /home/rm/sp_vision_tutorial_27/lecture4/install/turtlesim/include/turtlesim/turtlesim/srv
[17.226s] -- Up-to-date: /home/rm/sp_vision_tutorial_27/lecture4/install/turtlesim/include/turtlesim/turtlesim/srv/detail
[17.226s] -- Installing: /home/rm/sp_vision_tutorial_27/lecture4/install/turtlesim/include/turtlesim/turtlesim/srv/detail/kill__rosidl_typesupport_fastrtps_cpp.hpp
[17.226s] -- Installing: /home/rm/sp_vision_tutorial_27/lecture4/install/turtlesim/include/turtlesim/turtlesim/srv/detail/teleport_absolute__rosidl_typesupport_fastrtps_cpp.hpp
[17.226s] -- Installing: /home/rm/sp_vision_tutorial_27/lecture4/install/turtlesim/include/turtlesim/turtlesim/srv/detail/teleport_relative__rosidl_typesupport_fastrtps_cpp.hpp
[17.226s] -- Installing: /home/rm/sp_vision_tutorial_27/lecture4/install/turtlesim/include/turtlesim/turtlesim/srv/detail/spawn__rosidl_typesupport_fastrtps_cpp.hpp
[17.226s] -- Installing: /home/rm/sp_vision_tutorial_27/lecture4/install/turtlesim/include/turtlesim/turtlesim/srv/detail/dds_fastrtps
[17.227s] -- Installing: /home/rm/sp_vision_tutorial_27/lecture4/install/turtlesim/include/turtlesim/turtlesim/srv/detail/set_pen__rosidl_typesupport_fastrtps_cpp.hpp
[17.227s] -- Installing: /home/rm/sp_vision_tutorial_27/lecture4/install/turtlesim/lib/libturtlesim__rosidl_typesupport_fastrtps_cpp.so
[17.227s] -- Set runtime path of "/home/rm/sp_vision_tutorial_27/lecture4/install/turtlesim/lib/libturtlesim__rosidl_typesupport_fastrtps_cpp.so" to ""
[17.227s] -- Up-to-date: /home/rm/sp_vision_tutorial_27/lecture4/install/turtlesim/include/turtlesim/turtlesim
[17.227s] -- Up-to-date: /home/rm/sp_vision_tutorial_27/lecture4/install/turtlesim/include/turtlesim/turtlesim/msg
[17.227s] -- Installing: /home/rm/sp_vision_tutorial_27/lecture4/install/turtlesim/include/turtlesim/turtlesim/msg/rosidl_typesupport_introspection_c__visibility_control.h
[17.227s] -- Up-to-date: /home/rm/sp_vision_tutorial_27/lecture4/install/turtlesim/include/turtlesim/turtlesim/msg/detail
[17.227s] -- Installing: /home/rm/sp_vision_tutorial_27/lecture4/install/turtlesim/include/turtlesim/turtlesim/msg/detail/pose__type_support.c
[17.227s] -- Installing: /home/rm/sp_vision_tutorial_27/lecture4/install/turtlesim/include/turtlesim/turtlesim/msg/detail/color__type_support.c
[17.227s] -- Installing: /home/rm/sp_vision_tutorial_27/lecture4/install/turtlesim/include/turtlesim/turtlesim/msg/detail/pose__rosidl_typesupport_introspection_c.h
[17.227s] -- Installing: /home/rm/sp_vision_tutorial_27/lecture4/install/turtlesim/include/turtlesim/turtlesim/msg/detail/color__rosidl_typesupport_introspection_c.h
[17.227s] -- Up-to-date: /home/rm/sp_vision_tutorial_27/lecture4/install/turtlesim/include/turtlesim/turtlesim/action
[17.227s] -- Up-to-date: /home/rm/sp_vision_tutorial_27/lecture4/install/turtlesim/include/turtlesim/turtlesim/action/detail
[17.227s] -- Installing: /home/rm/sp_vision_tutorial_27/lecture4/install/turtlesim/include/turtlesim/turtlesim/action/detail/rotate_absolute__type_support.c
[17.227s] -- Installing: /home/rm/sp_vision_tutorial_27/lecture4/install/turtlesim/include/turtlesim/turtlesim/action/detail/rotate_absolute__rosidl_typesupport_introspection_c.h
[17.228s] -- Up-to-date: /home/rm/sp_vision_tutorial_27/lecture4/install/turtlesim/include/turtlesim/turtlesim/srv
[17.228s] -- Up-to-date: /home/rm/sp_vision_tutorial_27/lecture4/install/turtlesim/include/turtlesim/turtlesim/srv/detail
[17.228s] -- Installing: /home/rm/sp_vision_tutorial_27/lecture4/install/turtlesim/include/turtlesim/turtlesim/srv/detail/teleport_absolute__type_support.c
[17.228s] -- Installing: /home/rm/sp_vision_tutorial_27/lecture4/install/turtlesim/include/turtlesim/turtlesim/srv/detail/set_pen__rosidl_typesupport_introspection_c.h
[17.228s] -- Installing: /home/rm/sp_vision_tutorial_27/lecture4/install/turtlesim/include/turtlesim/turtlesim/srv/detail/spawn__rosidl_typesupport_introspection_c.h
[17.228s] -- Installing: /home/rm/sp_vision_tutorial_27/lecture4/install/turtlesim/include/turtlesim/turtlesim/srv/detail/spawn__type_support.c
[17.228s] -- Installing: /home/rm/sp_vision_tutorial_27/lecture4/install/turtlesim/include/turtlesim/turtlesim/srv/detail/teleport_relative__rosidl_typesupport_introspection_c.h
[17.228s] -- Installing: /home/rm/sp_vision_tutorial_27/lecture4/install/turtlesim/include/turtlesim/turtlesim/srv/detail/kill__rosidl_typesupport_introspection_c.h
[17.228s] -- Installing: /home/rm/sp_vision_tutorial_27/lecture4/install/turtlesim/include/turtlesim/turtlesim/srv/detail/kill__type_support.c
[17.228s] -- Installing: /home/rm/sp_vision_tutorial_27/lecture4/install/turtlesim/include/turtlesim/turtlesim/srv/detail/teleport_relative__type_support.c
[17.228s] -- Installing: /home/rm/sp_vision_tutorial_27/lecture4/install/turtlesim/include/turtlesim/turtlesim/srv/detail/teleport_absolute__rosidl_typesupport_introspection_c.h
[17.228s] -- Installing: /home/rm/sp_vision_tutorial_27/lecture4/install/turtlesim/include/turtlesim/turtlesim/srv/detail/set_pen__type_support.c
[17.228s] -- Installing: /home/rm/sp_vision_tutorial_27/lecture4/install/turtlesim/lib/libturtlesim__rosidl_typesupport_introspection_c.so
[17.228s] -- Set runtime path of "/home/rm/sp_vision_tutorial_27/lecture4/install/turtlesim/lib/libturtlesim__rosidl_typesupport_introspection_c.so" to ""
[17.229s] -- Installing: /home/rm/sp_vision_tutorial_27/lecture4/install/turtlesim/lib/libturtlesim__rosidl_typesupport_c.so
[17.229s] -- Set runtime path of "/home/rm/sp_vision_tutorial_27/lecture4/install/turtlesim/lib/libturtlesim__rosidl_typesupport_c.so" to ""
[17.229s] -- Up-to-date: /home/rm/sp_vision_tutorial_27/lecture4/install/turtlesim/include/turtlesim/turtlesim
[17.229s] -- Up-to-date: /home/rm/sp_vision_tutorial_27/lecture4/install/turtlesim/include/turtlesim/turtlesim/msg
[17.229s] -- Up-to-date: /home/rm/sp_vision_tutorial_27/lecture4/install/turtlesim/include/turtlesim/turtlesim/msg/detail
[17.229s] -- Installing: /home/rm/sp_vision_tutorial_27/lecture4/install/turtlesim/include/turtlesim/turtlesim/msg/detail/color__type_support.cpp
[17.229s] -- Installing: /home/rm/sp_vision_tutorial_27/lecture4/install/turtlesim/include/turtlesim/turtlesim/msg/detail/color__rosidl_typesupport_introspection_cpp.hpp
[17.229s] -- Installing: /home/rm/sp_vision_tutorial_27/lecture4/install/turtlesim/include/turtlesim/turtlesim/msg/detail/pose__type_support.cpp
[17.229s] -- Installing: /home/rm/sp_vision_tutorial_27/lecture4/install/turtlesim/include/turtlesim/turtlesim/msg/detail/pose__rosidl_typesupport_introspection_cpp.hpp
[17.229s] -- Up-to-date: /home/rm/sp_vision_tutorial_27/lecture4/install/turtlesim/include/turtlesim/turtlesim/action
[17.229s] -- Up-to-date: /home/rm/sp_vision_tutorial_27/lecture4/install/turtlesim/include/turtlesim/turtlesim/action/detail
[17.229s] -- Installing: /home/rm/sp_vision_tutorial_27/lecture4/install/turtlesim/include/turtlesim/turtlesim/action/detail/rotate_absolute__rosidl_typesupport_introspection_cpp.hpp
[17.229s] -- Installing: /home/rm/sp_vision_tutorial_27/lecture4/install/turtlesim/include/turtlesim/turtlesim/action/detail/rotate_absolute__type_support.cpp
[17.229s] -- Up-to-date: /home/rm/sp_vision_tutorial_27/lecture4/install/turtlesim/include/turtlesim/turtlesim/srv
[17.229s] -- Up-to-date: /home/rm/sp_vision_tutorial_27/lecture4/install/turtlesim/include/turtlesim/turtlesim/srv/detail
[17.229s] -- Installing: /home/rm/sp_vision_tutorial_27/lecture4/install/turtlesim/include/turtlesim/turtlesim/srv/detail/teleport_absolute__rosidl_typesupport_introspection_cpp.hpp
[17.229s] -- Installing: /home/rm/sp_vision_tutorial_27/lecture4/install/turtlesim/include/turtlesim/turtlesim/srv/detail/spawn__rosidl_typesupport_introspection_cpp.hpp
[17.229s] -- Installing: /home/rm/sp_vision_tutorial_27/lecture4/install/turtlesim/include/turtlesim/turtlesim/srv/detail/spawn__type_support.cpp
[17.230s] -- Installing: /home/rm/sp_vision_tutorial_27/lecture4/install/turtlesim/include/turtlesim/turtlesim/srv/detail/kill__type_support.cpp
[17.230s] -- Installing: /home/rm/sp_vision_tutorial_27/lecture4/install/turtlesim/include/turtlesim/turtlesim/srv/detail/kill__rosidl_typesupport_introspection_cpp.hpp
[17.230s] -- Installing: /home/rm/sp_vision_tutorial_27/lecture4/install/turtlesim/include/turtlesim/turtlesim/srv/detail/set_pen__rosidl_typesupport_introspection_cpp.hpp
[17.230s] -- Installing: /home/rm/sp_vision_tutorial_27/lecture4/install/turtlesim/include/turtlesim/turtlesim/srv/detail/set_pen__type_support.cpp
[17.230s] -- Installing: /home/rm/sp_vision_tutorial_27/lecture4/install/turtlesim/include/turtlesim/turtlesim/srv/detail/teleport_relative__rosidl_typesupport_introspection_cpp.hpp
[17.230s] -- Installing: /home/rm/sp_vision_tutorial_27/lecture4/install/turtlesim/include/turtlesim/turtlesim/srv/detail/teleport_absolute__type_support.cpp
[17.230s] -- Installing: /home/rm/sp_vision_tutorial_27/lecture4/install/turtlesim/include/turtlesim/turtlesim/srv/detail/teleport_relative__type_support.cpp
[17.230s] -- Installing: /home/rm/sp_vision_tutorial_27/lecture4/install/turtlesim/lib/libturtlesim__rosidl_typesupport_introspection_cpp.so
[17.230s] -- Set runtime path of "/home/rm/sp_vision_tutorial_27/lecture4/install/turtlesim/lib/libturtlesim__rosidl_typesupport_introspection_cpp.so" to ""
[17.230s] -- Installing: /home/rm/sp_vision_tutorial_27/lecture4/install/turtlesim/lib/libturtlesim__rosidl_typesupport_cpp.so
[17.231s] -- Set runtime path of "/home/rm/sp_vision_tutorial_27/lecture4/install/turtlesim/lib/libturtlesim__rosidl_typesupport_cpp.so" to ""
[17.231s] -- Installing: /home/rm/sp_vision_tutorial_27/lecture4/install/turtlesim/share/turtlesim/environment/pythonpath.sh
[17.231s] -- Installing: /home/rm/sp_vision_tutorial_27/lecture4/install/turtlesim/share/turtlesim/environment/pythonpath.dsv
[17.231s] -- Installing: /home/rm/sp_vision_tutorial_27/lecture4/install/turtlesim/local/lib/python3.10/dist-packages/turtlesim-1.4.3-py3.10.egg-info
[17.231s] -- Installing: /home/rm/sp_vision_tutorial_27/lecture4/install/turtlesim/local/lib/python3.10/dist-packages/turtlesim-1.4.3-py3.10.egg-info/PKG-INFO
[17.231s] -- Installing: /home/rm/sp_vision_tutorial_27/lecture4/install/turtlesim/local/lib/python3.10/dist-packages/turtlesim-1.4.3-py3.10.egg-info/SOURCES.txt
[17.231s] -- Installing: /home/rm/sp_vision_tutorial_27/lecture4/install/turtlesim/local/lib/python3.10/dist-packages/turtlesim-1.4.3-py3.10.egg-info/top_level.txt
[17.231s] -- Installing: /home/rm/sp_vision_tutorial_27/lecture4/install/turtlesim/local/lib/python3.10/dist-packages/turtlesim-1.4.3-py3.10.egg-info/dependency_links.txt
[17.231s] -- Installing: /home/rm/sp_vision_tutorial_27/lecture4/install/turtlesim/local/lib/python3.10/dist-packages/turtlesim
[17.231s] -- Installing: /home/rm/sp_vision_tutorial_27/lecture4/install/turtlesim/local/lib/python3.10/dist-packages/turtlesim/_turtlesim_s.ep.rosidl_typesupport_introspection_c.c
[17.231s] -- Installing: /home/rm/sp_vision_tutorial_27/lecture4/install/turtlesim/local/lib/python3.10/dist-packages/turtlesim/__init__.py
[17.231s] -- Installing: /home/rm/sp_vision_tutorial_27/lecture4/install/turtlesim/local/lib/python3.10/dist-packages/turtlesim/turtlesim_s__rosidl_typesupport_fastrtps_c.cpython-310-x86_64-linux-gnu.so
[17.231s] -- Installing: /home/rm/sp_vision_tutorial_27/lecture4/install/turtlesim/local/lib/python3.10/dist-packages/turtlesim/turtlesim_s__rosidl_typesupport_c.cpython-310-x86_64-linux-gnu.so
[17.231s] -- Installing: /home/rm/sp_vision_tutorial_27/lecture4/install/turtlesim/local/lib/python3.10/dist-packages/turtlesim/msg
[17.232s] -- Installing: /home/rm/sp_vision_tutorial_27/lecture4/install/turtlesim/local/lib/python3.10/dist-packages/turtlesim/msg/__init__.py
[17.232s] -- Installing: /home/rm/sp_vision_tutorial_27/lecture4/install/turtlesim/local/lib/python3.10/dist-packages/turtlesim/msg/_pose_s.c
[17.232s] -- Installing: /home/rm/sp_vision_tutorial_27/lecture4/install/turtlesim/local/lib/python3.10/dist-packages/turtlesim/msg/_color_s.c
[17.232s] -- Installing: /home/rm/sp_vision_tutorial_27/lecture4/install/turtlesim/local/lib/python3.10/dist-packages/turtlesim/msg/_pose.py
[17.232s] -- Installing: /home/rm/sp_vision_tutorial_27/lecture4/install/turtlesim/local/lib/python3.10/dist-packages/turtlesim/msg/_color.py
[17.232s] -- Installing: /home/rm/sp_vision_tutorial_27/lecture4/install/turtlesim/local/lib/python3.10/dist-packages/turtlesim/_turtlesim_s.ep.rosidl_typesupport_c.c
[17.232s] -- Installing: /home/rm/sp_vision_tutorial_27/lecture4/install/turtlesim/local/lib/python3.10/dist-packages/turtlesim/turtlesim_s__rosidl_typesupport_introspection_c.cpython-310-x86_64-linux-gnu.so
[17.232s] -- Installing: /home/rm/sp_vision_tutorial_27/lecture4/install/turtlesim/local/lib/python3.10/dist-packages/turtlesim/action
[17.232s] -- Installing: /home/rm/sp_vision_tutorial_27/lecture4/install/turtlesim/local/lib/python3.10/dist-packages/turtlesim/action/_rotate_absolute.py
[17.232s] -- Installing: /home/rm/sp_vision_tutorial_27/lecture4/install/turtlesim/local/lib/python3.10/dist-packages/turtlesim/action/__init__.py
[17.232s] -- Installing: /home/rm/sp_vision_tutorial_27/lecture4/install/turtlesim/local/lib/python3.10/dist-packages/turtlesim/action/_rotate_absolute_s.c
[17.232s] -- Installing: /home/rm/sp_vision_tutorial_27/lecture4/install/turtlesim/local/lib/python3.10/dist-packages/turtlesim/_turtlesim_s.ep.rosidl_typesupport_fastrtps_c.c
[17.233s] -- Installing: /home/rm/sp_vision_tutorial_27/lecture4/install/turtlesim/local/lib/python3.10/dist-packages/turtlesim/libturtlesim__rosidl_generator_py.so
[17.233s] -- Installing: /home/rm/sp_vision_tutorial_27/lecture4/install/turtlesim/local/lib/python3.10/dist-packages/turtlesim/srv
[17.233s] -- Installing: /home/rm/sp_vision_tutorial_27/lecture4/install/turtlesim/local/lib/python3.10/dist-packages/turtlesim/srv/_spawn.py
[17.233s] -- Installing: /home/rm/sp_vision_tutorial_27/lecture4/install/turtlesim/local/lib/python3.10/dist-packages/turtlesim/srv/_teleport_relative.py
[17.233s] -- Installing: /home/rm/sp_vision_tutorial_27/lecture4/install/turtlesim/local/lib/python3.10/dist-packages/turtlesim/srv/_kill.py
[17.233s] -- Installing: /home/rm/sp_vision_tutorial_27/lecture4/install/turtlesim/local/lib/python3.10/dist-packages/turtlesim/srv/__init__.py
[17.233s] -- Installing: /home/rm/sp_vision_tutorial_27/lecture4/install/turtlesim/local/lib/python3.10/dist-packages/turtlesim/srv/_teleport_relative_s.c
[17.233s] -- Installing: /home/rm/sp_vision_tutorial_27/lecture4/install/turtlesim/local/lib/python3.10/dist-packages/turtlesim/srv/_set_pen.py
[17.233s] -- Installing: /home/rm/sp_vision_tutorial_27/lecture4/install/turtlesim/local/lib/python3.10/dist-packages/turtlesim/srv/_kill_s.c
[17.233s] -- Installing: /home/rm/sp_vision_tutorial_27/lecture4/install/turtlesim/local/lib/python3.10/dist-packages/turtlesim/srv/_set_pen_s.c
[17.233s] -- Installing: /home/rm/sp_vision_tutorial_27/lecture4/install/turtlesim/local/lib/python3.10/dist-packages/turtlesim/srv/_teleport_absolute.py
[17.233s] -- Installing: /home/rm/sp_vision_tutorial_27/lecture4/install/turtlesim/local/lib/python3.10/dist-packages/turtlesim/srv/_spawn_s.c
[17.233s] -- Installing: /home/rm/sp_vision_tutorial_27/lecture4/install/turtlesim/local/lib/python3.10/dist-packages/turtlesim/srv/_teleport_absolute_s.c
[17.265s] Listing '/home/rm/sp_vision_tutorial_27/lecture4/install/turtlesim/local/lib/python3.10/dist-packages/turtlesim'...
[17.265s] Compiling '/home/rm/sp_vision_tutorial_27/lecture4/install/turtlesim/local/lib/python3.10/dist-packages/turtlesim/__init__.py'...
[17.265s] Listing '/home/rm/sp_vision_tutorial_27/lecture4/install/turtlesim/local/lib/python3.10/dist-packages/turtlesim/action'...
[17.265s] Compiling '/home/rm/sp_vision_tutorial_27/lecture4/install/turtlesim/local/lib/python3.10/dist-packages/turtlesim/action/__init__.py'...
[17.265s] Compiling '/home/rm/sp_vision_tutorial_27/lecture4/install/turtlesim/local/lib/python3.10/dist-packages/turtlesim/action/_rotate_absolute.py'...
[17.265s] Listing '/home/rm/sp_vision_tutorial_27/lecture4/install/turtlesim/local/lib/python3.10/dist-packages/turtlesim/msg'...
[17.265s] Compiling '/home/rm/sp_vision_tutorial_27/lecture4/install/turtlesim/local/lib/python3.10/dist-packages/turtlesim/msg/__init__.py'...
[17.265s] Compiling '/home/rm/sp_vision_tutorial_27/lecture4/install/turtlesim/local/lib/python3.10/dist-packages/turtlesim/msg/_color.py'...
[17.265s] Compiling '/home/rm/sp_vision_tutorial_27/lecture4/install/turtlesim/local/lib/python3.10/dist-packages/turtlesim/msg/_pose.py'...
[17.265s] Listing '/home/rm/sp_vision_tutorial_27/lecture4/install/turtlesim/local/lib/python3.10/dist-packages/turtlesim/srv'...
[17.265s] Compiling '/home/rm/sp_vision_tutorial_27/lecture4/install/turtlesim/local/lib/python3.10/dist-packages/turtlesim/srv/__init__.py'...
[17.265s] Compiling '/home/rm/sp_vision_tutorial_27/lecture4/install/turtlesim/local/lib/python3.10/dist-packages/turtlesim/srv/_kill.py'...
[17.265s] Compiling '/home/rm/sp_vision_tutorial_27/lecture4/install/turtlesim/local/lib/python3.10/dist-packages/turtlesim/srv/_set_pen.py'...
[17.265s] Compiling '/home/rm/sp_vision_tutorial_27/lecture4/install/turtlesim/local/lib/python3.10/dist-packages/turtlesim/srv/_spawn.py'...
[17.265s] Compiling '/home/rm/sp_vision_tutorial_27/lecture4/install/turtlesim/local/lib/python3.10/dist-packages/turtlesim/srv/_teleport_absolute.py'...
[17.265s] Compiling '/home/rm/sp_vision_tutorial_27/lecture4/install/turtlesim/local/lib/python3.10/dist-packages/turtlesim/srv/_teleport_relative.py'...
[17.268s] -- Installing: /home/rm/sp_vision_tutorial_27/lecture4/install/turtlesim/local/lib/python3.10/dist-packages/turtlesim/turtlesim_s__rosidl_typesupport_fastrtps_c.cpython-310-x86_64-linux-gnu.so
[17.268s] -- Set runtime path of "/home/rm/sp_vision_tutorial_27/lecture4/install/turtlesim/local/lib/python3.10/dist-packages/turtlesim/turtlesim_s__rosidl_typesupport_fastrtps_c.cpython-310-x86_64-linux-gnu.so" to ""
[17.269s] -- Installing: /home/rm/sp_vision_tutorial_27/lecture4/install/turtlesim/local/lib/python3.10/dist-packages/turtlesim/turtlesim_s__rosidl_typesupport_introspection_c.cpython-310-x86_64-linux-gnu.so
[17.269s] -- Set runtime path of "/home/rm/sp_vision_tutorial_27/lecture4/install/turtlesim/local/lib/python3.10/dist-packages/turtlesim/turtlesim_s__rosidl_typesupport_introspection_c.cpython-310-x86_64-linux-gnu.so" to ""
[17.269s] -- Installing: /home/rm/sp_vision_tutorial_27/lecture4/install/turtlesim/local/lib/python3.10/dist-packages/turtlesim/turtlesim_s__rosidl_typesupport_c.cpython-310-x86_64-linux-gnu.so
[17.269s] -- Set runtime path of "/home/rm/sp_vision_tutorial_27/lecture4/install/turtlesim/local/lib/python3.10/dist-packages/turtlesim/turtlesim_s__rosidl_typesupport_c.cpython-310-x86_64-linux-gnu.so" to ""
[17.269s] -- Installing: /home/rm/sp_vision_tutorial_27/lecture4/install/turtlesim/lib/libturtlesim__rosidl_generator_py.so
[17.270s] -- Set runtime path of "/home/rm/sp_vision_tutorial_27/lecture4/install/turtlesim/lib/libturtlesim__rosidl_generator_py.so" to ""
[17.270s] -- Installing: /home/rm/sp_vision_tutorial_27/lecture4/install/turtlesim/share/turtlesim/rust
[17.270s] -- Installing: /home/rm/sp_vision_tutorial_27/lecture4/install/turtlesim/share/turtlesim/rust/src
[17.270s] -- Installing: /home/rm/sp_vision_tutorial_27/lecture4/install/turtlesim/share/turtlesim/rust/src/lib.rs
[17.270s] -- Installing: /home/rm/sp_vision_tutorial_27/lecture4/install/turtlesim/share/turtlesim/rust/src/srv.rs
[17.270s] -- Installing: /home/rm/sp_vision_tutorial_27/lecture4/install/turtlesim/share/turtlesim/rust/src/msg
[17.270s] -- Installing: /home/rm/sp_vision_tutorial_27/lecture4/install/turtlesim/share/turtlesim/rust/src/msg/rmw.rs
[17.270s] -- Installing: /home/rm/sp_vision_tutorial_27/lecture4/install/turtlesim/share/turtlesim/rust/src/msg.rs
[17.270s] -- Installing: /home/rm/sp_vision_tutorial_27/lecture4/install/turtlesim/share/turtlesim/rust/src/action.rs
[17.270s] -- Installing: /home/rm/sp_vision_tutorial_27/lecture4/install/turtlesim/share/turtlesim/rust/src/action
[17.270s] -- Installing: /home/rm/sp_vision_tutorial_27/lecture4/install/turtlesim/share/turtlesim/rust/src/action/rmw.rs
[17.271s] -- Installing: /home/rm/sp_vision_tutorial_27/lecture4/install/turtlesim/share/turtlesim/rust/src/srv
[17.271s] -- Installing: /home/rm/sp_vision_tutorial_27/lecture4/install/turtlesim/share/turtlesim/rust/src/srv/rmw.rs
[17.271s] -- Installing: /home/rm/sp_vision_tutorial_27/lecture4/install/turtlesim/share/turtlesim/rust/build.rs
[17.271s] -- Installing: /home/rm/sp_vision_tutorial_27/lecture4/install/turtlesim/share/turtlesim/rust/Cargo.toml
[17.271s] -- Installing: /home/rm/sp_vision_tutorial_27/lecture4/install/turtlesim/share/turtlesim/action/RotateAbsolute.idl
[17.271s] -- Installing: /home/rm/sp_vision_tutorial_27/lecture4/install/turtlesim/share/turtlesim/msg/Color.idl
[17.271s] -- Installing: /home/rm/sp_vision_tutorial_27/lecture4/install/turtlesim/share/turtlesim/msg/Pose.idl
[17.271s] -- Installing: /home/rm/sp_vision_tutorial_27/lecture4/install/turtlesim/share/turtlesim/srv/Kill.idl
[17.271s] -- Installing: /home/rm/sp_vision_tutorial_27/lecture4/install/turtlesim/share/turtlesim/srv/SetPen.idl
[17.271s] -- Installing: /home/rm/sp_vision_tutorial_27/lecture4/install/turtlesim/share/turtlesim/srv/Spawn.idl
[17.271s] -- Installing: /home/rm/sp_vision_tutorial_27/lecture4/install/turtlesim/share/turtlesim/srv/TeleportAbsolute.idl
[17.271s] -- Installing: /home/rm/sp_vision_tutorial_27/lecture4/install/turtlesim/share/turtlesim/srv/TeleportRelative.idl
[17.271s] -- Installing: /home/rm/sp_vision_tutorial_27/lecture4/install/turtlesim/share/turtlesim/action/RotateAbsolute.action
[17.271s] -- Installing: /home/rm/sp_vision_tutorial_27/lecture4/install/turtlesim/share/turtlesim/msg/Color.msg
[17.272s] -- Installing: /home/rm/sp_vision_tutorial_27/lecture4/install/turtlesim/share/turtlesim/msg/Pose.msg
[17.272s] -- Installing: /home/rm/sp_vision_tutorial_27/lecture4/install/turtlesim/share/turtlesim/srv/Kill.srv
[17.272s] -- Installing: /home/rm/sp_vision_tutorial_27/lecture4/install/turtlesim/share/turtlesim/srv/Kill_Request.msg
[17.272s] -- Installing: /home/rm/sp_vision_tutorial_27/lecture4/install/turtlesim/share/turtlesim/srv/Kill_Response.msg
[17.272s] -- Installing: /home/rm/sp_vision_tutorial_27/lecture4/install/turtlesim/share/turtlesim/srv/SetPen.srv
[17.272s] -- Installing: /home/rm/sp_vision_tutorial_27/lecture4/install/turtlesim/share/turtlesim/srv/SetPen_Request.msg
[17.272s] -- Installing: /home/rm/sp_vision_tutorial_27/lecture4/install/turtlesim/share/turtlesim/srv/SetPen_Response.msg
[17.272s] -- Installing: /home/rm/sp_vision_tutorial_27/lecture4/install/turtlesim/share/turtlesim/srv/Spawn.srv
[17.272s] -- Installing: /home/rm/sp_vision_tutorial_27/lecture4/install/turtlesim/share/turtlesim/srv/Spawn_Request.msg
[17.272s] -- Installing: /home/rm/sp_vision_tutorial_27/lecture4/install/turtlesim/share/turtlesim/srv/Spawn_Response.msg
[17.272s] -- Installing: /home/rm/sp_vision_tutorial_27/lecture4/install/turtlesim/share/turtlesim/srv/TeleportAbsolute.srv
[17.272s] -- Installing: /home/rm/sp_vision_tutorial_27/lecture4/install/turtlesim/share/turtlesim/srv/TeleportAbsolute_Request.msg
[17.272s] -- Installing: /home/rm/sp_vision_tutorial_27/lecture4/install/turtlesim/share/turtlesim/srv/TeleportAbsolute_Response.msg
[17.273s] -- Installing: /home/rm/sp_vision_tutorial_27/lecture4/install/turtlesim/share/turtlesim/srv/TeleportRelative.srv
[17.273s] -- Installing: /home/rm/sp_vision_tutorial_27/lecture4/install/turtlesim/share/turtlesim/srv/TeleportRelative_Request.msg
[17.273s] -- Installing: /home/rm/sp_vision_tutorial_27/lecture4/install/turtlesim/share/turtlesim/srv/TeleportRelative_Response.msg
[17.273s] -- Installing: /home/rm/sp_vision_tutorial_27/lecture4/install/turtlesim/lib/turtlesim/turtlesim_node
[17.280s] -- Set runtime path of "/home/rm/sp_vision_tutorial_27/lecture4/install/turtlesim/lib/turtlesim/turtlesim_node" to ""
[17.280s] -- Installing: /home/rm/sp_vision_tutorial_27/lecture4/install/turtlesim/lib/turtlesim/turtle_teleop_key
[17.281s] -- Set runtime path of "/home/rm/sp_vision_tutorial_27/lecture4/install/turtlesim/lib/turtlesim/turtle_teleop_key" to ""
[17.281s] -- Installing: /home/rm/sp_vision_tutorial_27/lecture4/install/turtlesim/lib/turtlesim/draw_square
[17.285s] -- Set runtime path of "/home/rm/sp_vision_tutorial_27/lecture4/install/turtlesim/lib/turtlesim/draw_square" to ""
[17.285s] -- Installing: /home/rm/sp_vision_tutorial_27/lecture4/install/turtlesim/lib/turtlesim/mimic
[17.287s] -- Set runtime path of "/home/rm/sp_vision_tutorial_27/lecture4/install/turtlesim/lib/turtlesim/mimic" to ""
[17.287s] -- Installing: /home/rm/sp_vision_tutorial_27/lecture4/install/turtlesim/share/turtlesim/images
[17.288s] -- Installing: /home/rm/sp_vision_tutorial_27/lecture4/install/turtlesim/share/turtlesim/images/humble.png
[17.288s] -- Installing: /home/rm/sp_vision_tutorial_27/lecture4/install/turtlesim/share/turtlesim/images/rolling.png
[17.288s] -- Installing: /home/rm/sp_vision_tutorial_27/lecture4/install/turtlesim/share/turtlesim/images/foxy.png
[17.288s] -- Installing: /home/rm/sp_vision_tutorial_27/lecture4/install/turtlesim/share/turtlesim/images/eloquent.png
[17.288s] -- Installing: /home/rm/sp_vision_tutorial_27/lecture4/install/turtlesim/share/turtlesim/images/ardent.png
[17.288s] -- Installing: /home/rm/sp_vision_tutorial_27/lecture4/install/turtlesim/share/turtlesim/images/dashing.png
[17.288s] -- Installing: /home/rm/sp_vision_tutorial_27/lecture4/install/turtlesim/share/turtlesim/images/bouncy.png
[17.288s] -- Installing: /home/rm/sp_vision_tutorial_27/lecture4/install/turtlesim/share/turtlesim/images/galactic.png
[17.288s] -- Installing: /home/rm/sp_vision_tutorial_27/lecture4/install/turtlesim/share/turtlesim/images/crystal.png
[17.288s] -- Installing: /home/rm/sp_vision_tutorial_27/lecture4/install/turtlesim/share/turtlesim/launch
[17.288s] -- Installing: /home/rm/sp_vision_tutorial_27/lecture4/install/turtlesim/share/turtlesim/launch/multisim.launch.py
[17.288s] -- Installing: /home/rm/sp_vision_tutorial_27/lecture4/install/turtlesim/share/ament_index/resource_index/package_run_dependencies/turtlesim
[17.288s] -- Installing: /home/rm/sp_vision_tutorial_27/lecture4/install/turtlesim/share/ament_index/resource_index/parent_prefix_path/turtlesim
[17.288s] -- Installing: /home/rm/sp_vision_tutorial_27/lecture4/install/turtlesim/share/turtlesim/environment/ament_prefix_path.sh
[17.289s] -- Installing: /home/rm/sp_vision_tutorial_27/lecture4/install/turtlesim/share/turtlesim/environment/ament_prefix_path.dsv
[17.289s] -- Installing: /home/rm/sp_vision_tutorial_27/lecture4/install/turtlesim/share/turtlesim/environment/path.sh
[17.289s] -- Installing: /home/rm/sp_vision_tutorial_27/lecture4/install/turtlesim/share/turtlesim/environment/path.dsv
[17.289s] -- Installing: /home/rm/sp_vision_tutorial_27/lecture4/install/turtlesim/share/turtlesim/local_setup.bash
[17.289s] -- Installing: /home/rm/sp_vision_tutorial_27/lecture4/install/turtlesim/share/turtlesim/local_setup.sh
[17.289s] -- Installing: /home/rm/sp_vision_tutorial_27/lecture4/install/turtlesim/share/turtlesim/local_setup.zsh
[17.289s] -- Installing: /home/rm/sp_vision_tutorial_27/lecture4/install/turtlesim/share/turtlesim/local_setup.dsv
[17.289s] -- Installing: /home/rm/sp_vision_tutorial_27/lecture4/install/turtlesim/share/turtlesim/package.dsv
[17.289s] -- Installing: /home/rm/sp_vision_tutorial_27/lecture4/install/turtlesim/share/ament_index/resource_index/packages/turtlesim
[17.289s] -- Installing: /home/rm/sp_vision_tutorial_27/lecture4/install/turtlesim/share/turtlesim/cmake/export_turtlesim__rosidl_generator_cExport.cmake
[17.289s] -- Installing: /home/rm/sp_vision_tutorial_27/lecture4/install/turtlesim/share/turtlesim/cmake/export_turtlesim__rosidl_generator_cExport-noconfig.cmake
[17.289s] -- Installing: /home/rm/sp_vision_tutorial_27/lecture4/install/turtlesim/share/turtlesim/cmake/export_turtlesim__rosidl_typesupport_fastrtps_cExport.cmake
[17.289s] -- Installing: /home/rm/sp_vision_tutorial_27/lecture4/install/turtlesim/share/turtlesim/cmake/export_turtlesim__rosidl_typesupport_fastrtps_cExport-noconfig.cmake
[17.289s] -- Installing: /home/rm/sp_vision_tutorial_27/lecture4/install/turtlesim/share/turtlesim/cmake/export_turtlesim__rosidl_generator_cppExport.cmake
[17.289s] -- Installing: /home/rm/sp_vision_tutorial_27/lecture4/install/turtlesim/share/turtlesim/cmake/export_turtlesim__rosidl_typesupport_fastrtps_cppExport.cmake
[17.289s] -- Installing: /home/rm/sp_vision_tutorial_27/lecture4/install/turtlesim/share/turtlesim/cmake/export_turtlesim__rosidl_typesupport_fastrtps_cppExport-noconfig.cmake
[17.289s] -- Installing: /home/rm/sp_vision_tutorial_27/lecture4/install/turtlesim/share/turtlesim/cmake/turtlesim__rosidl_typesupport_introspection_cExport.cmake
[17.289s] -- Installing: /home/rm/sp_vision_tutorial_27/lecture4/install/turtlesim/share/turtlesim/cmake/turtlesim__rosidl_typesupport_introspection_cExport-noconfig.cmake
[17.289s] -- Installing: /home/rm/sp_vision_tutorial_27/lecture4/install/turtlesim/share/turtlesim/cmake/turtlesim__rosidl_typesupport_cExport.cmake
[17.290s] -- Installing: /home/rm/sp_vision_tutorial_27/lecture4/install/turtlesim/share/turtlesim/cmake/turtlesim__rosidl_typesupport_cExport-noconfig.cmake
[17.290s] -- Installing: /home/rm/sp_vision_tutorial_27/lecture4/install/turtlesim/share/turtlesim/cmake/turtlesim__rosidl_typesupport_introspection_cppExport.cmake
[17.290s] -- Installing: /home/rm/sp_vision_tutorial_27/lecture4/install/turtlesim/share/turtlesim/cmake/turtlesim__rosidl_typesupport_introspection_cppExport-noconfig.cmake
[17.290s] -- Installing: /home/rm/sp_vision_tutorial_27/lecture4/install/turtlesim/share/turtlesim/cmake/turtlesim__rosidl_typesupport_cppExport.cmake
[17.290s] -- Installing: /home/rm/sp_vision_tutorial_27/lecture4/install/turtlesim/share/turtlesim/cmake/turtlesim__rosidl_typesupport_cppExport-noconfig.cmake
[17.290s] -- Installing: /home/rm/sp_vision_tutorial_27/lecture4/install/turtlesim/share/turtlesim/cmake/export_turtlesim__rosidl_generator_pyExport.cmake
[17.290s] -- Installing: /home/rm/sp_vision_tutorial_27/lecture4/install/turtlesim/share/turtlesim/cmake/export_turtlesim__rosidl_generator_pyExport-noconfig.cmake
[17.290s] -- Installing: /home/rm/sp_vision_tutorial_27/lecture4/install/turtlesim/share/turtlesim/cmake/rosidl_cmake-extras.cmake
[17.290s] -- Installing: /home/rm/sp_vision_tutorial_27/lecture4/install/turtlesim/share/turtlesim/cmake/ament_cmake_export_dependencies-extras.cmake
[17.290s] -- Installing: /home/rm/sp_vision_tutorial_27/lecture4/install/turtlesim/share/turtlesim/cmake/ament_cmake_export_include_directories-extras.cmake
[17.290s] -- Installing: /home/rm/sp_vision_tutorial_27/lecture4/install/turtlesim/share/turtlesim/cmake/ament_cmake_export_libraries-extras.cmake
[17.290s] -- Installing: /home/rm/sp_vision_tutorial_27/lecture4/install/turtlesim/share/turtlesim/cmake/ament_cmake_export_targets-extras.cmake
[17.290s] -- Installing: /home/rm/sp_vision_tutorial_27/lecture4/install/turtlesim/share/turtlesim/cmake/rosidl_cmake_export_typesupport_targets-extras.cmake
[17.290s] -- Installing: /home/rm/sp_vision_tutorial_27/lecture4/install/turtlesim/share/turtlesim/cmake/rosidl_cmake_export_typesupport_libraries-extras.cmake
[17.290s] -- Installing: /home/rm/sp_vision_tutorial_27/lecture4/install/turtlesim/share/turtlesim/cmake/rosidl_cmake_aggregate_target-extras.cmake
[17.290s] -- Installing: /home/rm/sp_vision_tutorial_27/lecture4/install/turtlesim/share/turtlesim/cmake/turtlesimConfig.cmake
[17.290s] -- Installing: /home/rm/sp_vision_tutorial_27/lecture4/install/turtlesim/share/turtlesim/cmake/turtlesimConfig-version.cmake
[17.290s] -- Installing: /home/rm/sp_vision_tutorial_27/lecture4/install/turtlesim/share/turtlesim/package.xml
[17.293s] Invoked command in '/home/rm/sp_vision_tutorial_27/lecture4/build/turtlesim' returned '0': CMAKE_PREFIX_PATH=/opt/ros/humble /usr/bin/cmake --install /home/rm/sp_vision_tutorial_27/lecture4/build/turtlesim
