running egg_info
writing ../../../build/topic_learning_sub/topic_learning_sub.egg-info/PKG-INFO
writing dependency_links to ../../../build/topic_learning_sub/topic_learning_sub.egg-info/dependency_links.txt
writing entry points to ../../../build/topic_learning_sub/topic_learning_sub.egg-info/entry_points.txt
writing requirements to ../../../build/topic_learning_sub/topic_learning_sub.egg-info/requires.txt
writing top-level names to ../../../build/topic_learning_sub/topic_learning_sub.egg-info/top_level.txt
reading manifest file '../../../build/topic_learning_sub/topic_learning_sub.egg-info/SOURCES.txt'
writing manifest file '../../../build/topic_learning_sub/topic_learning_sub.egg-info/SOURCES.txt'
running build
running build_py
running install
running install_lib
running install_data
running install_egg_info
removing '/home/rm/sp_vision_tutorial_27/lecture4/install/topic_learning_sub/lib/python3.10/site-packages/topic_learning_sub-0.0.0-py3.10.egg-info' (and everything under it)
Copying ../../../build/topic_learning_sub/topic_learning_sub.egg-info to /home/rm/sp_vision_tutorial_27/lecture4/install/topic_learning_sub/lib/python3.10/site-packages/topic_learning_sub-0.0.0-py3.10.egg-info
running install_scripts
Installing qos_subscriber script to /home/rm/sp_vision_tutorial_27/lecture4/install/topic_learning_sub/lib/topic_learning_sub
Installing subscriber_node script to /home/rm/sp_vision_tutorial_27/lecture4/install/topic_learning_sub/lib/topic_learning_sub
writing list of installed files to '/home/rm/sp_vision_tutorial_27/lecture4/build/topic_learning_sub/install.log'
