[0.030s] Invoking command in '/home/rm/sp_vision_tutorial_27/build/srv_learning': CMAKE_PREFIX_PATH=/opt/ros/humble /usr/bin/cmake /home/rm/sp_vision_tutorial_27/lecture4/src/ep2/srv_learning -DCMAKE_INSTALL_PREFIX=/home/rm/sp_vision_tutorial_27/install/srv_learning
[0.084s] -- The C compiler identification is GNU 11.4.0
[0.148s] -- The CXX compiler identification is GNU 11.4.0
[0.161s] -- Detecting C compiler ABI info
[0.321s] -- Detecting C compiler ABI info - done
[0.329s] -- Check for working C compiler: /usr/bin/cc - skipped
[0.329s] -- Detecting C compile features
[0.329s] -- Detecting C compile features - done
[0.338s] -- Detecting CXX compiler ABI info
[0.459s] -- Detecting CXX compiler ABI info - done
[0.463s] -- Check for working CXX compiler: /usr/bin/c++ - skipped
[0.465s] -- Detecting CXX compile features
[0.467s] -- Detecting CXX compile features - done
[0.468s] -- Found ament_cmake: 1.3.14 (/opt/ros/humble/share/ament_cmake/cmake)
[0.597s] -- Found Python3: /usr/bin/python3 (found version "3.10.12") found components: Interpreter 
[0.661s] -- Found rclcpp: 16.0.21 (/opt/ros/humble/share/rclcpp/cmake)
[0.688s] -- Found rosidl_generator_c: 3.1.9 (/opt/ros/humble/share/rosidl_generator_c/cmake)
[0.688s] -- Found rosidl_adapter: 3.1.9 (/opt/ros/humble/share/rosidl_adapter/cmake)
[0.692s] -- Found rosidl_generator_cpp: 3.1.9 (/opt/ros/humble/share/rosidl_generator_cpp/cmake)
[0.698s] -- Using all available rosidl_typesupport_c: rosidl_typesupport_fastrtps_c;rosidl_typesupport_introspection_c
[0.706s] -- Using all available rosidl_typesupport_cpp: rosidl_typesupport_fastrtps_cpp;rosidl_typesupport_introspection_cpp
[0.728s] -- Found rmw_implementation_cmake: 6.1.4 (/opt/ros/humble/share/rmw_implementation_cmake/cmake)
[0.729s] -- Found rmw_fastrtps_cpp: 6.2.10 (/opt/ros/humble/share/rmw_fastrtps_cpp/cmake)
[0.801s] -- Found OpenSSL: /usr/lib/x86_64-linux-gnu/libcrypto.so (found version "3.0.2")  
[0.816s] -- Found FastRTPS: /opt/ros/humble/include  
[0.842s] -- Using RMW implementation 'rmw_fastrtps_cpp' as default
[0.847s] -- Looking for pthread.h
[0.953s] -- Looking for pthread.h - found
[0.953s] -- Performing Test CMAKE_HAVE_LIBC_PTHREAD
[1.088s] -- Performing Test CMAKE_HAVE_LIBC_PTHREAD - Success
[1.088s] -- Found Threads: TRUE  
[1.129s] -- Found example_interfaces: 0.9.3 (/opt/ros/humble/share/example_interfaces/cmake)
[1.154s] -- Found ament_lint_auto: 0.12.15 (/opt/ros/humble/share/ament_lint_auto/cmake)
[1.231s] -- Added test 'cppcheck' to perform static code analysis on C / C++ code
[1.231s] -- Configured cppcheck include dirs: 
[1.231s] -- Configured cppcheck exclude dirs and/or files: 
[1.232s] -- Added test 'lint_cmake' to check CMake code style
[1.237s] -- Added test 'uncrustify' to check C / C++ code style
[1.237s] -- Configured uncrustify additional arguments: 
[1.237s] -- Added test 'xmllint' to check XML markup files
[1.237s] -- Configuring done
[1.256s] -- Generating done
[1.261s] -- Build files have been written to: /home/rm/sp_vision_tutorial_27/build/srv_learning
[1.281s] Invoked command in '/home/rm/sp_vision_tutorial_27/build/srv_learning' returned '0': CMAKE_PREFIX_PATH=/opt/ros/humble /usr/bin/cmake /home/rm/sp_vision_tutorial_27/lecture4/src/ep2/srv_learning -DCMAKE_INSTALL_PREFIX=/home/rm/sp_vision_tutorial_27/install/srv_learning
[1.284s] Invoking command in '/home/rm/sp_vision_tutorial_27/build/srv_learning': CMAKE_PREFIX_PATH=/opt/ros/humble /usr/bin/cmake --build /home/rm/sp_vision_tutorial_27/build/srv_learning -- -j8 -l8
[1.359s] [ 25%] [32mBuilding CXX object CMakeFiles/add_two_ints_service.dir/src/AddTwoInts_service.cpp.o[0m
[1.375s] [ 50%] [32mBuilding CXX object CMakeFiles/add_two_ints_client.dir/src/AddTwoInts_client.cpp.o[0m
[4.821s] [ 75%] [32m[1mLinking CXX executable add_two_ints_client[0m
[4.977s] [ 75%] Built target add_two_ints_client
[5.002s] [100%] [32m[1mLinking CXX executable add_two_ints_service[0m
[5.252s] [100%] Built target add_two_ints_service
[5.270s] Invoked command in '/home/rm/sp_vision_tutorial_27/build/srv_learning' returned '0': CMAKE_PREFIX_PATH=/opt/ros/humble /usr/bin/cmake --build /home/rm/sp_vision_tutorial_27/build/srv_learning -- -j8 -l8
[5.271s] Invoking command in '/home/rm/sp_vision_tutorial_27/build/srv_learning': CMAKE_PREFIX_PATH=/opt/ros/humble /usr/bin/cmake --install /home/rm/sp_vision_tutorial_27/build/srv_learning
[5.289s] -- Install configuration: ""
[5.293s] -- Installing: /home/rm/sp_vision_tutorial_27/install/srv_learning/lib/srv_learning/add_two_ints_service
[5.293s] -- Set runtime path of "/home/rm/sp_vision_tutorial_27/install/srv_learning/lib/srv_learning/add_two_ints_service" to ""
[5.293s] -- Installing: /home/rm/sp_vision_tutorial_27/install/srv_learning/lib/srv_learning/add_two_ints_client
[5.293s] -- Set runtime path of "/home/rm/sp_vision_tutorial_27/install/srv_learning/lib/srv_learning/add_two_ints_client" to ""
[5.293s] -- Installing: /home/rm/sp_vision_tutorial_27/install/srv_learning/share/ament_index/resource_index/package_run_dependencies/srv_learning
[5.293s] -- Installing: /home/rm/sp_vision_tutorial_27/install/srv_learning/share/ament_index/resource_index/parent_prefix_path/srv_learning
[5.299s] -- Installing: /home/rm/sp_vision_tutorial_27/install/srv_learning/share/srv_learning/environment/ament_prefix_path.sh
[5.299s] -- Installing: /home/rm/sp_vision_tutorial_27/install/srv_learning/share/srv_learning/environment/ament_prefix_path.dsv
[5.300s] -- Installing: /home/rm/sp_vision_tutorial_27/install/srv_learning/share/srv_learning/environment/path.sh
[5.300s] -- Installing: /home/rm/sp_vision_tutorial_27/install/srv_learning/share/srv_learning/environment/path.dsv
[5.300s] -- Installing: /home/rm/sp_vision_tutorial_27/install/srv_learning/share/srv_learning/local_setup.bash
[5.300s] -- Installing: /home/rm/sp_vision_tutorial_27/install/srv_learning/share/srv_learning/local_setup.sh
[5.300s] -- Installing: /home/rm/sp_vision_tutorial_27/install/srv_learning/share/srv_learning/local_setup.zsh
[5.300s] -- Installing: /home/rm/sp_vision_tutorial_27/install/srv_learning/share/srv_learning/local_setup.dsv
[5.300s] -- Installing: /home/rm/sp_vision_tutorial_27/install/srv_learning/share/srv_learning/package.dsv
[5.300s] -- Installing: /home/rm/sp_vision_tutorial_27/install/srv_learning/share/ament_index/resource_index/packages/srv_learning
[5.300s] -- Installing: /home/rm/sp_vision_tutorial_27/install/srv_learning/share/srv_learning/cmake/srv_learningConfig.cmake
[5.300s] -- Installing: /home/rm/sp_vision_tutorial_27/install/srv_learning/share/srv_learning/cmake/srv_learningConfig-version.cmake
[5.301s] -- Installing: /home/rm/sp_vision_tutorial_27/install/srv_learning/share/srv_learning/package.xml
[5.306s] Invoked command in '/home/rm/sp_vision_tutorial_27/build/srv_learning' returned '0': CMAKE_PREFIX_PATH=/opt/ros/humble /usr/bin/cmake --install /home/rm/sp_vision_tutorial_27/build/srv_learning
