[0.051s] Invoking command in '/home/rm/sp_vision_tutorial_27/lecture4/build/qos_debugger': CMAKE_PREFIX_PATH=/home/rm/sp_vision_tutorial_27/lecture4/install/nav_hw_interfaces:/home/rm/sp_vision_tutorial_27/lecture4/install/turtlesim:/home/rm/sp_vision_tutorial_27/lecture4/install/launch_learning:/home/rm/sp_vision_tutorial_27/lecture4/install/topic_learning_pub:/home/rm/sp_vision_tutorial_27/lecture4/install/srv_learning:/home/rm/sp_vision_tutorial_27/lecture4/install/qos_debugger:/home/rm/sp_vision_tutorial_27/lecture4/install/learning_pkg_c:/home/rm/sp_vision_tutorial_27/lecture4/install/learning_node:/home/rm/sp_vision_tutorial_27/lecture4/install/topic_learning_sub:/home/rm/sp_vision_tutorial_27/lecture4/install/learning_pkg_python:/opt/ros/humble LD_LIBRARY_PATH=/home/rm/sp_vision_tutorial_27/lecture4/install/nav_hw_interfaces/lib:/home/rm/sp_vision_tutorial_27/lecture4/install/turtlesim/lib:/opt/MVS/lib/64:/opt/MVS/lib/32:/opt/ros/humble/opt/rviz_ogre_vendor/lib:/opt/ros/humble/lib/x86_64-linux-gnu:/opt/ros/humble/lib:/opt/MVS/lib/64:/opt/MVS/lib/32:/opt/MVS/lib/64:/opt/MVS/lib/32:/opt/MVS/lib/64:/opt/MVS/lib/32 /usr/bin/cmake --build /home/rm/sp_vision_tutorial_27/lecture4/build/qos_debugger -- -j8 -l8
[0.117s] [35m[1mConsolidate compiler generated dependencies of target qos_debugger_sub[0m
[0.124s] [35m[1mConsolidate compiler generated dependencies of target qos_debugger_pub[0m
[0.133s] [ 50%] Built target qos_debugger_sub
[0.141s] [100%] Built target qos_debugger_pub
[0.155s] Invoked command in '/home/rm/sp_vision_tutorial_27/lecture4/build/qos_debugger' returned '0': CMAKE_PREFIX_PATH=/home/rm/sp_vision_tutorial_27/lecture4/install/nav_hw_interfaces:/home/rm/sp_vision_tutorial_27/lecture4/install/turtlesim:/home/rm/sp_vision_tutorial_27/lecture4/install/launch_learning:/home/rm/sp_vision_tutorial_27/lecture4/install/topic_learning_pub:/home/rm/sp_vision_tutorial_27/lecture4/install/srv_learning:/home/rm/sp_vision_tutorial_27/lecture4/install/qos_debugger:/home/rm/sp_vision_tutorial_27/lecture4/install/learning_pkg_c:/home/rm/sp_vision_tutorial_27/lecture4/install/learning_node:/home/rm/sp_vision_tutorial_27/lecture4/install/topic_learning_sub:/home/rm/sp_vision_tutorial_27/lecture4/install/learning_pkg_python:/opt/ros/humble LD_LIBRARY_PATH=/home/rm/sp_vision_tutorial_27/lecture4/install/nav_hw_interfaces/lib:/home/rm/sp_vision_tutorial_27/lecture4/install/turtlesim/lib:/opt/MVS/lib/64:/opt/MVS/lib/32:/opt/ros/humble/opt/rviz_ogre_vendor/lib:/opt/ros/humble/lib/x86_64-linux-gnu:/opt/ros/humble/lib:/opt/MVS/lib/64:/opt/MVS/lib/32:/opt/MVS/lib/64:/opt/MVS/lib/32:/opt/MVS/lib/64:/opt/MVS/lib/32 /usr/bin/cmake --build /home/rm/sp_vision_tutorial_27/lecture4/build/qos_debugger -- -j8 -l8
[0.159s] Invoking command in '/home/rm/sp_vision_tutorial_27/lecture4/build/qos_debugger': CMAKE_PREFIX_PATH=/home/rm/sp_vision_tutorial_27/lecture4/install/nav_hw_interfaces:/home/rm/sp_vision_tutorial_27/lecture4/install/turtlesim:/home/rm/sp_vision_tutorial_27/lecture4/install/launch_learning:/home/rm/sp_vision_tutorial_27/lecture4/install/topic_learning_pub:/home/rm/sp_vision_tutorial_27/lecture4/install/srv_learning:/home/rm/sp_vision_tutorial_27/lecture4/install/qos_debugger:/home/rm/sp_vision_tutorial_27/lecture4/install/learning_pkg_c:/home/rm/sp_vision_tutorial_27/lecture4/install/learning_node:/home/rm/sp_vision_tutorial_27/lecture4/install/topic_learning_sub:/home/rm/sp_vision_tutorial_27/lecture4/install/learning_pkg_python:/opt/ros/humble LD_LIBRARY_PATH=/home/rm/sp_vision_tutorial_27/lecture4/install/nav_hw_interfaces/lib:/home/rm/sp_vision_tutorial_27/lecture4/install/turtlesim/lib:/opt/MVS/lib/64:/opt/MVS/lib/32:/opt/ros/humble/opt/rviz_ogre_vendor/lib:/opt/ros/humble/lib/x86_64-linux-gnu:/opt/ros/humble/lib:/opt/MVS/lib/64:/opt/MVS/lib/32:/opt/MVS/lib/64:/opt/MVS/lib/32:/opt/MVS/lib/64:/opt/MVS/lib/32 /usr/bin/cmake --install /home/rm/sp_vision_tutorial_27/lecture4/build/qos_debugger
[0.167s] -- Install configuration: ""
[0.167s] -- Up-to-date: /home/rm/sp_vision_tutorial_27/lecture4/install/qos_debugger/lib/qos_debugger/qos_debugger_pub
[0.167s] -- Up-to-date: /home/rm/sp_vision_tutorial_27/lecture4/install/qos_debugger/lib/qos_debugger/qos_debugger_sub
[0.167s] -- Up-to-date: /home/rm/sp_vision_tutorial_27/lecture4/install/qos_debugger/share/ament_index/resource_index/package_run_dependencies/qos_debugger
[0.167s] -- Up-to-date: /home/rm/sp_vision_tutorial_27/lecture4/install/qos_debugger/share/ament_index/resource_index/parent_prefix_path/qos_debugger
[0.167s] -- Up-to-date: /home/rm/sp_vision_tutorial_27/lecture4/install/qos_debugger/share/qos_debugger/environment/ament_prefix_path.sh
[0.167s] -- Up-to-date: /home/rm/sp_vision_tutorial_27/lecture4/install/qos_debugger/share/qos_debugger/environment/ament_prefix_path.dsv
[0.167s] -- Up-to-date: /home/rm/sp_vision_tutorial_27/lecture4/install/qos_debugger/share/qos_debugger/environment/path.sh
[0.167s] -- Up-to-date: /home/rm/sp_vision_tutorial_27/lecture4/install/qos_debugger/share/qos_debugger/environment/path.dsv
[0.167s] -- Up-to-date: /home/rm/sp_vision_tutorial_27/lecture4/install/qos_debugger/share/qos_debugger/local_setup.bash
[0.167s] -- Up-to-date: /home/rm/sp_vision_tutorial_27/lecture4/install/qos_debugger/share/qos_debugger/local_setup.sh
[0.167s] -- Up-to-date: /home/rm/sp_vision_tutorial_27/lecture4/install/qos_debugger/share/qos_debugger/local_setup.zsh
[0.167s] -- Up-to-date: /home/rm/sp_vision_tutorial_27/lecture4/install/qos_debugger/share/qos_debugger/local_setup.dsv
[0.167s] -- Installing: /home/rm/sp_vision_tutorial_27/lecture4/install/qos_debugger/share/qos_debugger/package.dsv
[0.167s] -- Up-to-date: /home/rm/sp_vision_tutorial_27/lecture4/install/qos_debugger/share/ament_index/resource_index/packages/qos_debugger
[0.167s] -- Up-to-date: /home/rm/sp_vision_tutorial_27/lecture4/install/qos_debugger/share/qos_debugger/cmake/qos_debuggerConfig.cmake
[0.167s] -- Up-to-date: /home/rm/sp_vision_tutorial_27/lecture4/install/qos_debugger/share/qos_debugger/cmake/qos_debuggerConfig-version.cmake
[0.167s] -- Up-to-date: /home/rm/sp_vision_tutorial_27/lecture4/install/qos_debugger/share/qos_debugger/package.xml
[0.171s] Invoked command in '/home/rm/sp_vision_tutorial_27/lecture4/build/qos_debugger' returned '0': CMAKE_PREFIX_PATH=/home/rm/sp_vision_tutorial_27/lecture4/install/nav_hw_interfaces:/home/rm/sp_vision_tutorial_27/lecture4/install/turtlesim:/home/rm/sp_vision_tutorial_27/lecture4/install/launch_learning:/home/rm/sp_vision_tutorial_27/lecture4/install/topic_learning_pub:/home/rm/sp_vision_tutorial_27/lecture4/install/srv_learning:/home/rm/sp_vision_tutorial_27/lecture4/install/qos_debugger:/home/rm/sp_vision_tutorial_27/lecture4/install/learning_pkg_c:/home/rm/sp_vision_tutorial_27/lecture4/install/learning_node:/home/rm/sp_vision_tutorial_27/lecture4/install/topic_learning_sub:/home/rm/sp_vision_tutorial_27/lecture4/install/learning_pkg_python:/opt/ros/humble LD_LIBRARY_PATH=/home/rm/sp_vision_tutorial_27/lecture4/install/nav_hw_interfaces/lib:/home/rm/sp_vision_tutorial_27/lecture4/install/turtlesim/lib:/opt/MVS/lib/64:/opt/MVS/lib/32:/opt/ros/humble/opt/rviz_ogre_vendor/lib:/opt/ros/humble/lib/x86_64-linux-gnu:/opt/ros/humble/lib:/opt/MVS/lib/64:/opt/MVS/lib/32:/opt/MVS/lib/64:/opt/MVS/lib/32:/opt/MVS/lib/64:/opt/MVS/lib/32 /usr/bin/cmake --install /home/rm/sp_vision_tutorial_27/lecture4/build/qos_debugger
