[0.151s] Invoking command in '/home/rm/sp_vision_tutorial_27/build/LECTURE_2': /usr/bin/cmake /home/rm/sp_vision_tutorial_27/lecture2 -DCMAKE_INSTALL_PREFIX=/home/rm/sp_vision_tutorial_27/install/LECTURE_2
[0.198s] -- The C compiler identification is GNU 11.4.0
[0.238s] -- The CXX compiler identification is GNU 11.4.0
[0.246s] -- Detecting C compiler ABI info
[0.306s] -- Detecting C compiler ABI info - done
[0.314s] -- Check for working C compiler: /usr/bin/cc - skipped
[0.316s] -- Detecting C compile features
[0.316s] -- Detecting C compile features - done
[0.316s] -- Detecting CXX compiler ABI info
[0.394s] -- Detecting CXX compiler ABI info - done
[0.402s] -- Check for working CXX compiler: /usr/bin/c++ - skipped
[0.402s] -- Detecting CXX compile features
[0.403s] -- Detecting CXX compile features - done
[0.420s] -- Found OpenCV: /usr (found version "4.5.4") 
[0.423s] -- Configuring done
[0.426s] -- Generating done
[0.427s] -- Build files have been written to: /home/rm/sp_vision_tutorial_27/build/LECTURE_2
[0.432s] Invoked command in '/home/rm/sp_vision_tutorial_27/build/LECTURE_2' returned '0': /usr/bin/cmake /home/rm/sp_vision_tutorial_27/lecture2 -DCMAKE_INSTALL_PREFIX=/home/rm/sp_vision_tutorial_27/install/LECTURE_2
[0.433s] Invoking command in '/home/rm/sp_vision_tutorial_27/build/LECTURE_2': /usr/bin/cmake --build /home/rm/sp_vision_tutorial_27/build/LECTURE_2 -- -j8 -l8
[0.504s] [ 10%] [32mBuilding CXX object CMakeFiles/cmake_learn.dir/part_1/src/cmake_learn.cpp.o[0m
[0.504s] [ 20%] [32mBuilding CXX object CMakeFiles/ex2.dir/part_2/ex2/example2.cpp.o[0m
[0.508s] [ 30%] [32mBuilding CXX object CMakeFiles/ex3.dir/part_2/ex3/ex3.cpp.o[0m
[0.508s] [ 40%] [32mBuilding CXX object CMakeFiles/ex1.dir/part_2/ex1/example1.cpp.o[0m
[0.509s] [ 50%] [32mBuilding CXX object CMakeFiles/ex3.dir/part_2/ex3/car.cpp.o[0m
[0.510s] [ 60%] [32mBuilding CXX object CMakeFiles/cmake_learn.dir/part_1/tools/hello.cpp.o[0m
[0.740s] [ 70%] [32m[1mLinking CXX executable ex3[0m
[0.752s] [ 80%] [32m[1mLinking CXX executable ex2[0m
[0.771s] [ 90%] [32m[1mLinking CXX executable cmake_learn[0m
[0.828s] [ 90%] Built target ex2
[0.838s] [100%] [32m[1mLinking CXX executable ex1[0m
[0.849s] [100%] Built target cmake_learn
[0.869s] [100%] Built target ex3
[0.930s] [100%] Built target ex1
[0.960s] Invoked command in '/home/rm/sp_vision_tutorial_27/build/LECTURE_2' returned '0': /usr/bin/cmake --build /home/rm/sp_vision_tutorial_27/build/LECTURE_2 -- -j8 -l8
