[0.149s] Invoking command in '/home/rm/sp_vision_tutorial_27/lecture4/build/learning_node': CMAKE_PREFIX_PATH=/opt/ros/humble /usr/bin/cmake /home/rm/sp_vision_tutorial_27/lecture4/src/ep1/learning_node -DCMAKE_INSTALL_PREFIX=/home/rm/sp_vision_tutorial_27/lecture4/install/learning_node
[0.292s] -- The C compiler identification is GNU 11.4.0
[0.292s] -- The CXX compiler identification is GNU 11.4.0
[0.292s] -- Detecting C compiler ABI info
[0.301s] -- Detecting C compiler ABI info - done
[0.301s] -- Check for working C compiler: /usr/bin/cc - skipped
[0.301s] -- Detecting C compile features
[0.302s] -- Detecting C compile features - done
[0.302s] -- Detecting CXX compiler ABI info
[0.379s] -- Detecting CXX compiler ABI info - done
[0.382s] -- Check for working CXX compiler: /usr/bin/c++ - skipped
[0.382s] -- Detecting CXX compile features
[0.383s] -- Detecting CXX compile features - done
[0.384s] -- Found ament_cmake: 1.3.14 (/opt/ros/humble/share/ament_cmake/cmake)
[0.552s] -- Found Python3: /usr/bin/python3 (found version "3.10.12") found components: Interpreter 
[0.609s] -- Found rclcpp: 16.0.21 (/opt/ros/humble/share/rclcpp/cmake)
[0.629s] -- Found rosidl_generator_c: 3.1.9 (/opt/ros/humble/share/rosidl_generator_c/cmake)
[0.631s] -- Found rosidl_adapter: 3.1.9 (/opt/ros/humble/share/rosidl_adapter/cmake)
[0.642s] -- Found rosidl_generator_cpp: 3.1.9 (/opt/ros/humble/share/rosidl_generator_cpp/cmake)
[0.652s] -- Using all available rosidl_typesupport_c: rosidl_typesupport_fastrtps_c;rosidl_typesupport_introspection_c
[0.662s] -- Using all available rosidl_typesupport_cpp: rosidl_typesupport_fastrtps_cpp;rosidl_typesupport_introspection_cpp
[0.688s] -- Found rmw_implementation_cmake: 6.1.4 (/opt/ros/humble/share/rmw_implementation_cmake/cmake)
[0.689s] -- Found rmw_fastrtps_cpp: 6.2.10 (/opt/ros/humble/share/rmw_fastrtps_cpp/cmake)
[0.765s] -- Found OpenSSL: /usr/lib/x86_64-linux-gnu/libcrypto.so (found version "3.0.2")  
[0.777s] -- Found FastRTPS: /opt/ros/humble/include  
[0.800s] -- Using RMW implementation 'rmw_fastrtps_cpp' as default
[0.803s] -- Looking for pthread.h
[0.860s] -- Looking for pthread.h - found
[0.860s] -- Performing Test CMAKE_HAVE_LIBC_PTHREAD
[0.928s] -- Performing Test CMAKE_HAVE_LIBC_PTHREAD - Success
[0.928s] -- Found Threads: TRUE  
[0.954s] -- Found ament_lint_auto: 0.12.15 (/opt/ros/humble/share/ament_lint_auto/cmake)
[1.002s] -- Added test 'cppcheck' to perform static code analysis on C / C++ code
[1.002s] -- Configured cppcheck include dirs: 
[1.002s] -- Configured cppcheck exclude dirs and/or files: 
[1.002s] -- Added test 'lint_cmake' to check CMake code style
[1.002s] -- Added test 'uncrustify' to check C / C++ code style
[1.002s] -- Configured uncrustify additional arguments: 
[1.002s] -- Added test 'xmllint' to check XML markup files
[1.002s] -- Configuring done
[1.005s] -- Generating done
[1.007s] -- Build files have been written to: /home/rm/sp_vision_tutorial_27/lecture4/build/learning_node
[1.015s] Invoked command in '/home/rm/sp_vision_tutorial_27/lecture4/build/learning_node' returned '0': CMAKE_PREFIX_PATH=/opt/ros/humble /usr/bin/cmake /home/rm/sp_vision_tutorial_27/lecture4/src/ep1/learning_node -DCMAKE_INSTALL_PREFIX=/home/rm/sp_vision_tutorial_27/lecture4/install/learning_node
[1.016s] Invoking command in '/home/rm/sp_vision_tutorial_27/lecture4/build/learning_node': CMAKE_PREFIX_PATH=/opt/ros/humble /usr/bin/cmake --build /home/rm/sp_vision_tutorial_27/lecture4/build/learning_node -- -j8 -l8
[1.072s] [ 50%] [32mBuilding CXX object CMakeFiles/helloworld_node.dir/src/helloworld_node.cpp.o[0m
[4.311s] [100%] [32m[1mLinking CXX executable helloworld_node[0m
[4.431s] [100%] Built target helloworld_node
[4.460s] Invoked command in '/home/rm/sp_vision_tutorial_27/lecture4/build/learning_node' returned '0': CMAKE_PREFIX_PATH=/opt/ros/humble /usr/bin/cmake --build /home/rm/sp_vision_tutorial_27/lecture4/build/learning_node -- -j8 -l8
[4.469s] Invoking command in '/home/rm/sp_vision_tutorial_27/lecture4/build/learning_node': CMAKE_PREFIX_PATH=/opt/ros/humble /usr/bin/cmake --install /home/rm/sp_vision_tutorial_27/lecture4/build/learning_node
[4.480s] -- Install configuration: ""
[4.488s] -- Installing: /home/rm/sp_vision_tutorial_27/lecture4/install/learning_node/lib/learning_node/helloworld_node
[4.488s] -- Set runtime path of "/home/rm/sp_vision_tutorial_27/lecture4/install/learning_node/lib/learning_node/helloworld_node" to ""
[4.488s] -- Installing: /home/rm/sp_vision_tutorial_27/lecture4/install/learning_node/share/ament_index/resource_index/package_run_dependencies/learning_node
[4.488s] -- Installing: /home/rm/sp_vision_tutorial_27/lecture4/install/learning_node/share/ament_index/resource_index/parent_prefix_path/learning_node
[4.488s] -- Installing: /home/rm/sp_vision_tutorial_27/lecture4/install/learning_node/share/learning_node/environment/ament_prefix_path.sh
[4.488s] -- Installing: /home/rm/sp_vision_tutorial_27/lecture4/install/learning_node/share/learning_node/environment/ament_prefix_path.dsv
[4.488s] -- Installing: /home/rm/sp_vision_tutorial_27/lecture4/install/learning_node/share/learning_node/environment/path.sh
[4.488s] -- Installing: /home/rm/sp_vision_tutorial_27/lecture4/install/learning_node/share/learning_node/environment/path.dsv
[4.488s] -- Installing: /home/rm/sp_vision_tutorial_27/lecture4/install/learning_node/share/learning_node/local_setup.bash
[4.488s] -- Installing: /home/rm/sp_vision_tutorial_27/lecture4/install/learning_node/share/learning_node/local_setup.sh
[4.488s] -- Installing: /home/rm/sp_vision_tutorial_27/lecture4/install/learning_node/share/learning_node/local_setup.zsh
[4.488s] -- Installing: /home/rm/sp_vision_tutorial_27/lecture4/install/learning_node/share/learning_node/local_setup.dsv
[4.488s] -- Installing: /home/rm/sp_vision_tutorial_27/lecture4/install/learning_node/share/learning_node/package.dsv
[4.488s] -- Installing: /home/rm/sp_vision_tutorial_27/lecture4/install/learning_node/share/ament_index/resource_index/packages/learning_node
[4.489s] -- Installing: /home/rm/sp_vision_tutorial_27/lecture4/install/learning_node/share/learning_node/cmake/learning_nodeConfig.cmake
[4.489s] -- Installing: /home/rm/sp_vision_tutorial_27/lecture4/install/learning_node/share/learning_node/cmake/learning_nodeConfig-version.cmake
[4.493s] -- Installing: /home/rm/sp_vision_tutorial_27/lecture4/install/learning_node/share/learning_node/package.xml
[4.500s] Invoked command in '/home/rm/sp_vision_tutorial_27/lecture4/build/learning_node' returned '0': CMAKE_PREFIX_PATH=/opt/ros/humble /usr/bin/cmake --install /home/rm/sp_vision_tutorial_27/lecture4/build/learning_node
