[0.025s] Invoking command in '/home/rm/sp_vision_tutorial_27/build/topic_learning_pub': CMAKE_PREFIX_PATH=/opt/ros/humble /usr/bin/cmake /home/rm/sp_vision_tutorial_27/lecture4/src/ep2/topic_learning_pub -DCMAKE_INSTALL_PREFIX=/home/rm/sp_vision_tutorial_27/install/topic_learning_pub
[0.166s] -- The C compiler identification is GNU 11.4.0
[0.166s] -- The CXX compiler identification is GNU 11.4.0
[0.166s] -- Detecting C compiler ABI info
[0.176s] -- Detecting C compiler ABI info - done
[0.179s] -- Check for working C compiler: /usr/bin/cc - skipped
[0.179s] -- Detecting C compile features
[0.179s] -- Detecting C compile features - done
[0.180s] -- Detecting CXX compiler ABI info
[0.253s] -- Detecting CXX compiler ABI info - done
[0.256s] -- Check for working CXX compiler: /usr/bin/c++ - skipped
[0.256s] -- Detecting CXX compile features
[0.256s] -- Detecting CXX compile features - done
[0.257s] -- Found ament_cmake: 1.3.14 (/opt/ros/humble/share/ament_cmake/cmake)
[0.362s] -- Found Python3: /usr/bin/python3 (found version "3.10.12") found components: Interpreter 
[0.417s] -- Found rclcpp: 16.0.21 (/opt/ros/humble/share/rclcpp/cmake)
[0.445s] -- Found rosidl_generator_c: 3.1.9 (/opt/ros/humble/share/rosidl_generator_c/cmake)
[0.448s] -- Found rosidl_adapter: 3.1.9 (/opt/ros/humble/share/rosidl_adapter/cmake)
[0.451s] -- Found rosidl_generator_cpp: 3.1.9 (/opt/ros/humble/share/rosidl_generator_cpp/cmake)
[0.459s] -- Using all available rosidl_typesupport_c: rosidl_typesupport_fastrtps_c;rosidl_typesupport_introspection_c
[0.467s] -- Using all available rosidl_typesupport_cpp: rosidl_typesupport_fastrtps_cpp;rosidl_typesupport_introspection_cpp
[0.511s] -- Found rmw_implementation_cmake: 6.1.4 (/opt/ros/humble/share/rmw_implementation_cmake/cmake)
[0.511s] -- Found rmw_fastrtps_cpp: 6.2.10 (/opt/ros/humble/share/rmw_fastrtps_cpp/cmake)
[0.647s] -- Found OpenSSL: /usr/lib/x86_64-linux-gnu/libcrypto.so (found version "3.0.2")  
[0.687s] -- Found FastRTPS: /opt/ros/humble/include  
[0.724s] -- Using RMW implementation 'rmw_fastrtps_cpp' as default
[0.731s] -- Looking for pthread.h
[0.849s] -- Looking for pthread.h - found
[0.849s] -- Performing Test CMAKE_HAVE_LIBC_PTHREAD
[0.969s] -- Performing Test CMAKE_HAVE_LIBC_PTHREAD - Success
[0.969s] -- Found Threads: TRUE  
[1.038s] -- Found ament_lint_auto: 0.12.15 (/opt/ros/humble/share/ament_lint_auto/cmake)
[1.157s] -- Added test 'cppcheck' to perform static code analysis on C / C++ code
[1.157s] -- Configured cppcheck include dirs: 
[1.157s] -- Configured cppcheck exclude dirs and/or files: 
[1.158s] -- Added test 'lint_cmake' to check CMake code style
[1.158s] -- Added test 'uncrustify' to check C / C++ code style
[1.158s] -- Configured uncrustify additional arguments: 
[1.159s] -- Added test 'xmllint' to check XML markup files
[1.160s] -- Configuring done
[1.187s] -- Generating done
[1.187s] -- Build files have been written to: /home/rm/sp_vision_tutorial_27/build/topic_learning_pub
[1.223s] Invoked command in '/home/rm/sp_vision_tutorial_27/build/topic_learning_pub' returned '0': CMAKE_PREFIX_PATH=/opt/ros/humble /usr/bin/cmake /home/rm/sp_vision_tutorial_27/lecture4/src/ep2/topic_learning_pub -DCMAKE_INSTALL_PREFIX=/home/rm/sp_vision_tutorial_27/install/topic_learning_pub
[1.223s] Invoking command in '/home/rm/sp_vision_tutorial_27/build/topic_learning_pub': CMAKE_PREFIX_PATH=/opt/ros/humble /usr/bin/cmake --build /home/rm/sp_vision_tutorial_27/build/topic_learning_pub -- -j8 -l8
[1.310s] [ 25%] [32mBuilding CXX object CMakeFiles/qos_publisher.dir/src/qos_publisher.cpp.o[0m
[1.323s] [ 50%] [32mBuilding CXX object CMakeFiles/publisher_node.dir/src/publisher_node.cpp.o[0m
[5.384s] [ 75%] [32m[1mLinking CXX executable qos_publisher[0m
[5.626s] [100%] [32m[1mLinking CXX executable publisher_node[0m
[5.800s] [100%] Built target qos_publisher
[5.891s] [100%] Built target publisher_node
[5.919s] Invoked command in '/home/rm/sp_vision_tutorial_27/build/topic_learning_pub' returned '0': CMAKE_PREFIX_PATH=/opt/ros/humble /usr/bin/cmake --build /home/rm/sp_vision_tutorial_27/build/topic_learning_pub -- -j8 -l8
[5.921s] Invoking command in '/home/rm/sp_vision_tutorial_27/build/topic_learning_pub': CMAKE_PREFIX_PATH=/opt/ros/humble /usr/bin/cmake --install /home/rm/sp_vision_tutorial_27/build/topic_learning_pub
[5.929s] -- Install configuration: ""
[5.929s] -- Installing: /home/rm/sp_vision_tutorial_27/install/topic_learning_pub/lib/topic_learning_pub/publisher_node
[5.929s] -- Set runtime path of "/home/rm/sp_vision_tutorial_27/install/topic_learning_pub/lib/topic_learning_pub/publisher_node" to ""
[5.929s] -- Installing: /home/rm/sp_vision_tutorial_27/install/topic_learning_pub/lib/topic_learning_pub/qos_publisher
[5.929s] -- Set runtime path of "/home/rm/sp_vision_tutorial_27/install/topic_learning_pub/lib/topic_learning_pub/qos_publisher" to ""
[5.929s] -- Installing: /home/rm/sp_vision_tutorial_27/install/topic_learning_pub/share/ament_index/resource_index/package_run_dependencies/topic_learning_pub
[5.929s] -- Installing: /home/rm/sp_vision_tutorial_27/install/topic_learning_pub/share/ament_index/resource_index/parent_prefix_path/topic_learning_pub
[5.929s] -- Installing: /home/rm/sp_vision_tutorial_27/install/topic_learning_pub/share/topic_learning_pub/environment/ament_prefix_path.sh
[5.932s] -- Installing: /home/rm/sp_vision_tutorial_27/install/topic_learning_pub/share/topic_learning_pub/environment/ament_prefix_path.dsv
[5.932s] -- Installing: /home/rm/sp_vision_tutorial_27/install/topic_learning_pub/share/topic_learning_pub/environment/path.sh
[5.932s] -- Installing: /home/rm/sp_vision_tutorial_27/install/topic_learning_pub/share/topic_learning_pub/environment/path.dsv
[5.932s] -- Installing: /home/rm/sp_vision_tutorial_27/install/topic_learning_pub/share/topic_learning_pub/local_setup.bash
[5.932s] -- Installing: /home/rm/sp_vision_tutorial_27/install/topic_learning_pub/share/topic_learning_pub/local_setup.sh
[5.932s] -- Installing: /home/rm/sp_vision_tutorial_27/install/topic_learning_pub/share/topic_learning_pub/local_setup.zsh
[5.932s] -- Installing: /home/rm/sp_vision_tutorial_27/install/topic_learning_pub/share/topic_learning_pub/local_setup.dsv
[5.932s] -- Installing: /home/rm/sp_vision_tutorial_27/install/topic_learning_pub/share/topic_learning_pub/package.dsv
[5.932s] -- Installing: /home/rm/sp_vision_tutorial_27/install/topic_learning_pub/share/ament_index/resource_index/packages/topic_learning_pub
[5.933s] -- Installing: /home/rm/sp_vision_tutorial_27/install/topic_learning_pub/share/topic_learning_pub/cmake/topic_learning_pubConfig.cmake
[5.933s] -- Installing: /home/rm/sp_vision_tutorial_27/install/topic_learning_pub/share/topic_learning_pub/cmake/topic_learning_pubConfig-version.cmake
[5.933s] -- Installing: /home/rm/sp_vision_tutorial_27/install/topic_learning_pub/share/topic_learning_pub/package.xml
[5.934s] Invoked command in '/home/rm/sp_vision_tutorial_27/build/topic_learning_pub' returned '0': CMAKE_PREFIX_PATH=/opt/ros/humble /usr/bin/cmake --install /home/rm/sp_vision_tutorial_27/build/topic_learning_pub
