[0.148s] Invoking command in '/home/rm/sp_vision_tutorial_27/lecture4/build/learning_pkg_c': CMAKE_PREFIX_PATH=/opt/ros/humble /usr/bin/cmake /home/rm/sp_vision_tutorial_27/lecture4/src/learning_pkg_c -DCMAKE_INSTALL_PREFIX=/home/rm/sp_vision_tutorial_27/lecture4/install/learning_pkg_c
[0.290s] -- The C compiler identification is GNU 11.4.0
[0.290s] -- The CXX compiler identification is GNU 11.4.0
[0.290s] -- Detecting C compiler ABI info
[0.292s] -- Detecting C compiler ABI info - done
[0.299s] -- Check for working C compiler: /usr/bin/cc - skipped
[0.299s] -- Detecting C compile features
[0.299s] -- Detecting C compile features - done
[0.299s] -- Detecting CXX compiler ABI info
[0.376s] -- Detecting CXX compiler ABI info - done
[0.381s] -- Check for working CXX compiler: /usr/bin/c++ - skipped
[0.381s] -- Detecting CXX compile features
[0.381s] -- Detecting CXX compile features - done
[0.382s] -- Found ament_cmake: 1.3.14 (/opt/ros/humble/share/ament_cmake/cmake)
[0.553s] -- Found Python3: /usr/bin/python3 (found version "3.10.12") found components: Interpreter 
[0.627s] -- Found ament_lint_auto: 0.12.15 (/opt/ros/humble/share/ament_lint_auto/cmake)
[0.686s] -- Added test 'lint_cmake' to check CMake code style
[0.687s] -- Added test 'xmllint' to check XML markup files
[0.688s] -- Configuring done
[0.691s] -- Generating done
[0.692s] -- Build files have been written to: /home/rm/sp_vision_tutorial_27/lecture4/build/learning_pkg_c
[0.710s] Invoked command in '/home/rm/sp_vision_tutorial_27/lecture4/build/learning_pkg_c' returned '0': CMAKE_PREFIX_PATH=/opt/ros/humble /usr/bin/cmake /home/rm/sp_vision_tutorial_27/lecture4/src/learning_pkg_c -DCMAKE_INSTALL_PREFIX=/home/rm/sp_vision_tutorial_27/lecture4/install/learning_pkg_c
[0.710s] Invoking command in '/home/rm/sp_vision_tutorial_27/lecture4/build/learning_pkg_c': CMAKE_PREFIX_PATH=/opt/ros/humble /usr/bin/cmake --build /home/rm/sp_vision_tutorial_27/lecture4/build/learning_pkg_c -- -j8 -l8
[0.749s] Invoked command in '/home/rm/sp_vision_tutorial_27/lecture4/build/learning_pkg_c' returned '0': CMAKE_PREFIX_PATH=/opt/ros/humble /usr/bin/cmake --build /home/rm/sp_vision_tutorial_27/lecture4/build/learning_pkg_c -- -j8 -l8
[0.762s] Invoking command in '/home/rm/sp_vision_tutorial_27/lecture4/build/learning_pkg_c': CMAKE_PREFIX_PATH=/opt/ros/humble /usr/bin/cmake --install /home/rm/sp_vision_tutorial_27/lecture4/build/learning_pkg_c
[0.764s] -- Install configuration: ""
[0.765s] -- Installing: /home/rm/sp_vision_tutorial_27/lecture4/install/learning_pkg_c/share/ament_index/resource_index/package_run_dependencies/learning_pkg_c
[0.765s] -- Installing: /home/rm/sp_vision_tutorial_27/lecture4/install/learning_pkg_c/share/ament_index/resource_index/parent_prefix_path/learning_pkg_c
[0.765s] -- Installing: /home/rm/sp_vision_tutorial_27/lecture4/install/learning_pkg_c/share/learning_pkg_c/environment/ament_prefix_path.sh
[0.765s] -- Installing: /home/rm/sp_vision_tutorial_27/lecture4/install/learning_pkg_c/share/learning_pkg_c/environment/ament_prefix_path.dsv
[0.765s] -- Installing: /home/rm/sp_vision_tutorial_27/lecture4/install/learning_pkg_c/share/learning_pkg_c/environment/path.sh
[0.765s] -- Installing: /home/rm/sp_vision_tutorial_27/lecture4/install/learning_pkg_c/share/learning_pkg_c/environment/path.dsv
[0.765s] -- Installing: /home/rm/sp_vision_tutorial_27/lecture4/install/learning_pkg_c/share/learning_pkg_c/local_setup.bash
[0.765s] -- Installing: /home/rm/sp_vision_tutorial_27/lecture4/install/learning_pkg_c/share/learning_pkg_c/local_setup.sh
[0.765s] -- Installing: /home/rm/sp_vision_tutorial_27/lecture4/install/learning_pkg_c/share/learning_pkg_c/local_setup.zsh
[0.765s] -- Installing: /home/rm/sp_vision_tutorial_27/lecture4/install/learning_pkg_c/share/learning_pkg_c/local_setup.dsv
[0.765s] -- Installing: /home/rm/sp_vision_tutorial_27/lecture4/install/learning_pkg_c/share/learning_pkg_c/package.dsv
[0.765s] -- Installing: /home/rm/sp_vision_tutorial_27/lecture4/install/learning_pkg_c/share/ament_index/resource_index/packages/learning_pkg_c
[0.765s] -- Installing: /home/rm/sp_vision_tutorial_27/lecture4/install/learning_pkg_c/share/learning_pkg_c/cmake/learning_pkg_cConfig.cmake
[0.765s] -- Installing: /home/rm/sp_vision_tutorial_27/lecture4/install/learning_pkg_c/share/learning_pkg_c/cmake/learning_pkg_cConfig-version.cmake
[0.766s] -- Installing: /home/rm/sp_vision_tutorial_27/lecture4/install/learning_pkg_c/share/learning_pkg_c/package.xml
[0.768s] Invoked command in '/home/rm/sp_vision_tutorial_27/lecture4/build/learning_pkg_c' returned '0': CMAKE_PREFIX_PATH=/opt/ros/humble /usr/bin/cmake --install /home/rm/sp_vision_tutorial_27/lecture4/build/learning_pkg_c
