[0.019s] Invoking command in '/home/rm/sp_vision_tutorial_27/build/turtlesim': CMAKE_PREFIX_PATH=/opt/ros/humble /usr/bin/cmake /home/rm/sp_vision_tutorial_27/lecture4/src/ep2/ros_tutorials/turtlesim -DCMAKE_INSTALL_PREFIX=/home/rm/sp_vision_tutorial_27/install/turtlesim
[0.145s] -- The C compiler identification is GNU 11.4.0
[0.189s] -- The CXX compiler identification is GNU 11.4.0
[0.210s] -- Detecting C compiler ABI info
[0.314s] -- Detecting C compiler ABI info - done
[0.318s] -- Check for working C compiler: /usr/bin/cc - skipped
[0.318s] -- Detecting C compile features
[0.319s] -- Detecting C compile features - done
[0.321s] -- Detecting CXX compiler ABI info
[0.419s] -- Detecting CXX compiler ABI info - done
[0.426s] -- Check for working CXX compiler: /usr/bin/c++ - skipped
[0.427s] -- Detecting CXX compile features
[0.427s] -- Detecting CXX compile features - done
[0.430s] -- Found ament_cmake: 1.3.14 (/opt/ros/humble/share/ament_cmake/cmake)
[0.576s] -- Found Python3: /usr/bin/python3 (found version "3.10.12") found components: Interpreter 
[0.633s] -- Found ament_index_cpp: 1.4.1 (/opt/ros/humble/share/ament_index_cpp/cmake)
[0.633s] -- Found geometry_msgs: 4.9.2 (/opt/ros/humble/share/geometry_msgs/cmake)
[0.651s] -- Found rosidl_generator_c: 3.1.9 (/opt/ros/humble/share/rosidl_generator_c/cmake)
[0.653s] -- Found rosidl_adapter: 3.1.9 (/opt/ros/humble/share/rosidl_adapter/cmake)
[0.658s] -- Found rosidl_generator_cpp: 3.1.9 (/opt/ros/humble/share/rosidl_generator_cpp/cmake)
[0.664s] -- Using all available rosidl_typesupport_c: rosidl_typesupport_fastrtps_c;rosidl_typesupport_introspection_c
[0.673s] -- Using all available rosidl_typesupport_cpp: rosidl_typesupport_fastrtps_cpp;rosidl_typesupport_introspection_cpp
[0.701s] -- Found rclcpp: 16.0.21 (/opt/ros/humble/share/rclcpp/cmake)
[0.722s] -- Found rmw_implementation_cmake: 6.1.4 (/opt/ros/humble/share/rmw_implementation_cmake/cmake)
[0.722s] -- Found rmw_fastrtps_cpp: 6.2.10 (/opt/ros/humble/share/rmw_fastrtps_cpp/cmake)
[0.801s] -- Found OpenSSL: /usr/lib/x86_64-linux-gnu/libcrypto.so (found version "3.0.2")  
[0.822s] -- Found FastRTPS: /opt/ros/humble/include  
[0.847s] -- Using RMW implementation 'rmw_fastrtps_cpp' as default
[0.852s] -- Looking for pthread.h
[0.979s] -- Looking for pthread.h - found
[0.980s] -- Performing Test CMAKE_HAVE_LIBC_PTHREAD
[1.078s] -- Performing Test CMAKE_HAVE_LIBC_PTHREAD - Success
[1.079s] -- Found Threads: TRUE  
[1.109s] -- Found rclcpp_action: 16.0.21 (/opt/ros/humble/share/rclcpp_action/cmake)
[1.123s] -- Found rosidl_default_generators: 1.2.1 (/opt/ros/humble/share/rosidl_default_generators/cmake)
[1.135s] -- Found std_srvs: 4.9.2 (/opt/ros/humble/share/std_srvs/cmake)
[1.543s] -- Found ament_cmake_ros: 0.10.1 (/opt/ros/humble/share/ament_cmake_ros/cmake)
[1.863s] -- Using all available rosidl_typesupport_c: rosidl_typesupport_fastrtps_c;rosidl_typesupport_introspection_c
[1.952s] -- Using all available rosidl_typesupport_cpp: rosidl_typesupport_fastrtps_cpp;rosidl_typesupport_introspection_cpp
[1.967s] -- Found PythonInterp: /usr/bin/python3 (found suitable version "3.10.12", minimum required is "3.6") 
[1.967s] -- Found python_cmake_module: 0.10.0 (/opt/ros/humble/share/python_cmake_module/cmake)
[1.986s] -- Found PythonLibs: /usr/lib/x86_64-linux-gnu/libpython3.10.so (found suitable version "3.10.12", minimum required is "3.5") 
[1.986s] -- Using PYTHON_EXECUTABLE: /usr/bin/python3
[1.986s] -- Using PYTHON_INCLUDE_DIRS: /usr/include/python3.10
[1.986s] -- Using PYTHON_LIBRARIES: /usr/lib/x86_64-linux-gnu/libpython3.10.so
[2.001s] -- Found PythonExtra: .so  
[2.085s] -- Configuring done
[2.128s] -- Generating done
[2.142s] -- Build files have been written to: /home/rm/sp_vision_tutorial_27/build/turtlesim
[2.158s] Invoked command in '/home/rm/sp_vision_tutorial_27/build/turtlesim' returned '0': CMAKE_PREFIX_PATH=/opt/ros/humble /usr/bin/cmake /home/rm/sp_vision_tutorial_27/lecture4/src/ep2/ros_tutorials/turtlesim -DCMAKE_INSTALL_PREFIX=/home/rm/sp_vision_tutorial_27/install/turtlesim
[2.165s] Invoking command in '/home/rm/sp_vision_tutorial_27/build/turtlesim': CMAKE_PREFIX_PATH=/opt/ros/humble /usr/bin/cmake --build /home/rm/sp_vision_tutorial_27/build/turtlesim -- -j8 -l8
[2.203s] [  1%] [34m[1mGenerating C code for ROS interfaces[0m
[2.231s] [  2%] [34m[1mGenerating Rust code for ROS interfaces[0m
[2.232s] [  3%] [34m[1mGenerating C++ code for ROS interfaces[0m
[2.240s] [  3%] Built target ament_cmake_python_copy_turtlesim
[2.556s] running egg_info
[2.557s] creating turtlesim.egg-info
[2.561s] writing turtlesim.egg-info/PKG-INFO
[2.561s] writing dependency_links to turtlesim.egg-info/dependency_links.txt
[2.565s] writing top-level names to turtlesim.egg-info/top_level.txt
[2.565s] writing manifest file 'turtlesim.egg-info/SOURCES.txt'
[2.565s] reading manifest file 'turtlesim.egg-info/SOURCES.txt'
[2.565s] writing manifest file 'turtlesim.egg-info/SOURCES.txt'
[2.565s] [  3%] Built target turtlesim__rs
[2.618s] [  3%] Built target ament_cmake_python_build_turtlesim_egg
[2.820s] [  4%] [32mBuilding C object CMakeFiles/turtlesim__rosidl_generator_c.dir/rosidl_generator_c/turtlesim/msg/detail/color__functions.c.o[0m
[2.827s] [  5%] [32mBuilding C object CMakeFiles/turtlesim__rosidl_generator_c.dir/rosidl_generator_c/turtlesim/action/detail/rotate_absolute__functions.c.o[0m
[2.836s] [  7%] [32mBuilding C object CMakeFiles/turtlesim__rosidl_generator_c.dir/rosidl_generator_c/turtlesim/srv/detail/kill__functions.c.o[0m
[2.836s] [  7%] [32mBuilding C object CMakeFiles/turtlesim__rosidl_generator_c.dir/rosidl_generator_c/turtlesim/msg/detail/pose__functions.c.o[0m
[2.864s] [  8%] [32mBuilding C object CMakeFiles/turtlesim__rosidl_generator_c.dir/rosidl_generator_c/turtlesim/srv/detail/spawn__functions.c.o[0m
[2.867s] [  9%] [32mBuilding C object CMakeFiles/turtlesim__rosidl_generator_c.dir/rosidl_generator_c/turtlesim/srv/detail/set_pen__functions.c.o[0m
[2.883s] [ 10%] [32mBuilding C object CMakeFiles/turtlesim__rosidl_generator_c.dir/rosidl_generator_c/turtlesim/srv/detail/teleport_absolute__functions.c.o[0m
[2.914s] [ 11%] [32mBuilding C object CMakeFiles/turtlesim__rosidl_generator_c.dir/rosidl_generator_c/turtlesim/srv/detail/teleport_relative__functions.c.o[0m
[3.001s] [ 12%] [32m[1mLinking C shared library libturtlesim__rosidl_generator_c.so[0m
[3.007s] [ 12%] Built target turtlesim__cpp
[3.023s] [ 13%] [34m[1mGenerating C++ introspection for ROS interfaces[0m
[3.026s] [ 14%] [34m[1mGenerating C++ type support dispatch for ROS interfaces[0m
[3.028s] [ 15%] [34m[1mGenerating C++ type support for eProsima Fast-RTPS[0m
[3.056s] [ 15%] Built target turtlesim__rosidl_generator_c
[3.086s] [ 17%] [34m[1mGenerating C type support dispatch for ROS interfaces[0m
[3.090s] [ 18%] [34m[1mGenerating C introspection for ROS interfaces[0m
[3.090s] [ 18%] [34m[1mGenerating C type support for eProsima Fast-RTPS[0m
[3.540s] [ 19%] [32mBuilding CXX object CMakeFiles/turtlesim__rosidl_typesupport_c.dir/rosidl_typesupport_c/turtlesim/action/rotate_absolute__type_support.cpp.o[0m
[3.568s] [ 20%] [32mBuilding CXX object CMakeFiles/turtlesim__rosidl_typesupport_c.dir/rosidl_typesupport_c/turtlesim/msg/color__type_support.cpp.o[0m
[3.593s] [ 21%] [32mBuilding CXX object CMakeFiles/turtlesim__rosidl_typesupport_c.dir/rosidl_typesupport_c/turtlesim/msg/pose__type_support.cpp.o[0m
[3.615s] [ 22%] [32mBuilding CXX object CMakeFiles/turtlesim__rosidl_typesupport_c.dir/rosidl_typesupport_c/turtlesim/srv/kill__type_support.cpp.o[0m
[3.629s] [ 23%] [32mBuilding CXX object CMakeFiles/turtlesim__rosidl_typesupport_cpp.dir/rosidl_typesupport_cpp/turtlesim/action/rotate_absolute__type_support.cpp.o[0m
[3.629s] [ 24%] [32mBuilding CXX object CMakeFiles/turtlesim__rosidl_typesupport_c.dir/rosidl_typesupport_c/turtlesim/srv/set_pen__type_support.cpp.o[0m
[3.659s] [ 25%] [32mBuilding CXX object CMakeFiles/turtlesim__rosidl_typesupport_c.dir/rosidl_typesupport_c/turtlesim/srv/spawn__type_support.cpp.o[0m
[3.679s] [ 26%] [32mBuilding CXX object CMakeFiles/turtlesim__rosidl_typesupport_cpp.dir/rosidl_typesupport_cpp/turtlesim/msg/color__type_support.cpp.o[0m
[3.695s] [ 27%] [32mBuilding CXX object CMakeFiles/turtlesim__rosidl_typesupport_c.dir/rosidl_typesupport_c/turtlesim/srv/teleport_absolute__type_support.cpp.o[0m
[3.737s] [ 28%] [32mBuilding CXX object CMakeFiles/turtlesim__rosidl_typesupport_c.dir/rosidl_typesupport_c/turtlesim/srv/teleport_relative__type_support.cpp.o[0m
[3.778s] [ 29%] [32mBuilding CXX object CMakeFiles/turtlesim__rosidl_typesupport_cpp.dir/rosidl_typesupport_cpp/turtlesim/msg/pose__type_support.cpp.o[0m
[3.802s] [ 30%] [32m[1mLinking CXX shared library libturtlesim__rosidl_typesupport_c.so[0m
[3.864s] [ 31%] [32mBuilding CXX object CMakeFiles/turtlesim__rosidl_typesupport_introspection_cpp.dir/rosidl_typesupport_introspection_cpp/turtlesim/action/detail/rotate_absolute__type_support.cpp.o[0m
[3.869s] [ 32%] [32mBuilding C object CMakeFiles/turtlesim__rosidl_typesupport_introspection_c.dir/rosidl_typesupport_introspection_c/turtlesim/action/detail/rotate_absolute__type_support.c.o[0m
[3.890s] [ 32%] Built target turtlesim__rosidl_typesupport_c
[3.907s] [ 33%] [32mBuilding C object CMakeFiles/turtlesim__rosidl_typesupport_introspection_c.dir/rosidl_typesupport_introspection_c/turtlesim/msg/detail/color__type_support.c.o[0m
[3.911s] [ 34%] [32mBuilding CXX object CMakeFiles/turtlesim__rosidl_typesupport_fastrtps_cpp.dir/rosidl_typesupport_fastrtps_cpp/turtlesim/action/detail/dds_fastrtps/rotate_absolute__type_support.cpp.o[0m
[3.971s] [ 35%] [32mBuilding C object CMakeFiles/turtlesim__rosidl_typesupport_introspection_c.dir/rosidl_typesupport_introspection_c/turtlesim/msg/detail/pose__type_support.c.o[0m
[3.971s] [ 36%] [32mBuilding CXX object CMakeFiles/turtlesim__rosidl_typesupport_cpp.dir/rosidl_typesupport_cpp/turtlesim/srv/kill__type_support.cpp.o[0m
[4.021s] [ 37%] [32mBuilding CXX object CMakeFiles/turtlesim__rosidl_typesupport_fastrtps_c.dir/rosidl_typesupport_fastrtps_c/turtlesim/action/detail/rotate_absolute__type_support_c.cpp.o[0m
[4.029s] [ 38%] [32mBuilding C object CMakeFiles/turtlesim__rosidl_typesupport_introspection_c.dir/rosidl_typesupport_introspection_c/turtlesim/srv/detail/kill__type_support.c.o[0m
[4.077s] [ 39%] [32mBuilding CXX object CMakeFiles/turtlesim__rosidl_typesupport_cpp.dir/rosidl_typesupport_cpp/turtlesim/srv/set_pen__type_support.cpp.o[0m
[4.098s] [ 40%] [32mBuilding C object CMakeFiles/turtlesim__rosidl_typesupport_introspection_c.dir/rosidl_typesupport_introspection_c/turtlesim/srv/detail/set_pen__type_support.c.o[0m
[4.098s] [ 41%] [32mBuilding CXX object CMakeFiles/turtlesim__rosidl_typesupport_cpp.dir/rosidl_typesupport_cpp/turtlesim/srv/spawn__type_support.cpp.o[0m
[4.151s] [ 42%] [32mBuilding C object CMakeFiles/turtlesim__rosidl_typesupport_introspection_c.dir/rosidl_typesupport_introspection_c/turtlesim/srv/detail/spawn__type_support.c.o[0m
[4.155s] [ 43%] [32mBuilding CXX object CMakeFiles/turtlesim__rosidl_typesupport_fastrtps_cpp.dir/rosidl_typesupport_fastrtps_cpp/turtlesim/msg/detail/dds_fastrtps/color__type_support.cpp.o[0m
[4.218s] [ 44%] [32mBuilding C object CMakeFiles/turtlesim__rosidl_typesupport_introspection_c.dir/rosidl_typesupport_introspection_c/turtlesim/srv/detail/teleport_absolute__type_support.c.o[0m
[4.282s] [ 45%] [32mBuilding C object CMakeFiles/turtlesim__rosidl_typesupport_introspection_c.dir/rosidl_typesupport_introspection_c/turtlesim/srv/detail/teleport_relative__type_support.c.o[0m
[4.298s] [ 46%] [32mBuilding CXX object CMakeFiles/turtlesim__rosidl_typesupport_cpp.dir/rosidl_typesupport_cpp/turtlesim/srv/teleport_absolute__type_support.cpp.o[0m
[4.350s] [ 47%] [32m[1mLinking C shared library libturtlesim__rosidl_typesupport_introspection_c.so[0m
[4.375s] [ 48%] [32mBuilding CXX object CMakeFiles/turtlesim__rosidl_typesupport_fastrtps_cpp.dir/rosidl_typesupport_fastrtps_cpp/turtlesim/msg/detail/dds_fastrtps/pose__type_support.cpp.o[0m
[4.385s] [ 49%] [32mBuilding CXX object CMakeFiles/turtlesim__rosidl_typesupport_cpp.dir/rosidl_typesupport_cpp/turtlesim/srv/teleport_relative__type_support.cpp.o[0m
[4.420s] [ 49%] Built target turtlesim__rosidl_typesupport_introspection_c
[4.438s] [ 50%] [32mBuilding CXX object CMakeFiles/turtlesim__rosidl_typesupport_fastrtps_cpp.dir/rosidl_typesupport_fastrtps_cpp/turtlesim/srv/detail/dds_fastrtps/kill__type_support.cpp.o[0m
[4.450s] [ 51%] [32mBuilding CXX object CMakeFiles/turtlesim__rosidl_typesupport_introspection_cpp.dir/rosidl_typesupport_introspection_cpp/turtlesim/msg/detail/color__type_support.cpp.o[0m
[4.481s] [ 52%] [32mBuilding CXX object CMakeFiles/turtlesim__rosidl_typesupport_introspection_cpp.dir/rosidl_typesupport_introspection_cpp/turtlesim/msg/detail/pose__type_support.cpp.o[0m
[4.506s] [ 53%] [32mBuilding CXX object CMakeFiles/turtlesim__rosidl_typesupport_fastrtps_c.dir/rosidl_typesupport_fastrtps_c/turtlesim/msg/detail/color__type_support_c.cpp.o[0m
[4.540s] [ 54%] [32mBuilding CXX object CMakeFiles/turtlesim__rosidl_typesupport_introspection_cpp.dir/rosidl_typesupport_introspection_cpp/turtlesim/srv/detail/kill__type_support.cpp.o[0m
[4.637s] [ 55%] [32mBuilding CXX object CMakeFiles/turtlesim__rosidl_typesupport_introspection_cpp.dir/rosidl_typesupport_introspection_cpp/turtlesim/srv/detail/set_pen__type_support.cpp.o[0m
[4.808s] [ 56%] [32m[1mLinking CXX shared library libturtlesim__rosidl_typesupport_cpp.so[0m
[4.893s] [ 56%] Built target turtlesim__rosidl_typesupport_cpp
[4.914s] [ 57%] [32mBuilding CXX object CMakeFiles/turtlesim__rosidl_typesupport_introspection_cpp.dir/rosidl_typesupport_introspection_cpp/turtlesim/srv/detail/spawn__type_support.cpp.o[0m
[4.926s] [ 58%] [32mBuilding CXX object CMakeFiles/turtlesim__rosidl_typesupport_introspection_cpp.dir/rosidl_typesupport_introspection_cpp/turtlesim/srv/detail/teleport_absolute__type_support.cpp.o[0m
[4.980s] [ 59%] [32mBuilding CXX object CMakeFiles/turtlesim__rosidl_typesupport_introspection_cpp.dir/rosidl_typesupport_introspection_cpp/turtlesim/srv/detail/teleport_relative__type_support.cpp.o[0m
[4.986s] [ 60%] [32mBuilding CXX object CMakeFiles/turtlesim__rosidl_typesupport_fastrtps_cpp.dir/rosidl_typesupport_fastrtps_cpp/turtlesim/srv/detail/dds_fastrtps/set_pen__type_support.cpp.o[0m
[5.007s] [ 61%] [32mBuilding CXX object CMakeFiles/turtlesim__rosidl_typesupport_fastrtps_c.dir/rosidl_typesupport_fastrtps_c/turtlesim/msg/detail/pose__type_support_c.cpp.o[0m
[5.040s] [ 62%] [32mBuilding CXX object CMakeFiles/turtlesim__rosidl_typesupport_fastrtps_cpp.dir/rosidl_typesupport_fastrtps_cpp/turtlesim/srv/detail/dds_fastrtps/spawn__type_support.cpp.o[0m
[5.103s] [ 63%] [34m[1mGenerating include/turtlesim/moc_turtle_frame.cpp[0m
[5.206s] [ 64%] [32mBuilding CXX object CMakeFiles/turtlesim_node.dir/src/turtlesim.cpp.o[0m
[5.240s] [ 65%] [32mBuilding CXX object CMakeFiles/turtlesim__rosidl_typesupport_fastrtps_cpp.dir/rosidl_typesupport_fastrtps_cpp/turtlesim/srv/detail/dds_fastrtps/teleport_absolute__type_support.cpp.o[0m
[5.287s] [ 66%] [32mBuilding CXX object CMakeFiles/turtle_teleop_key.dir/tutorials/teleop_turtle_key.cpp.o[0m
[5.309s] [ 67%] [32mBuilding CXX object CMakeFiles/turtlesim_node.dir/src/turtle.cpp.o[0m
[5.338s] [ 68%] [32mBuilding CXX object CMakeFiles/turtlesim__rosidl_typesupport_fastrtps_c.dir/rosidl_typesupport_fastrtps_c/turtlesim/srv/detail/kill__type_support_c.cpp.o[0m
[5.383s] [ 69%] [32m[1mLinking CXX shared library libturtlesim__rosidl_typesupport_introspection_cpp.so[0m
[5.430s] [ 70%] [32mBuilding CXX object CMakeFiles/turtlesim__rosidl_typesupport_fastrtps_c.dir/rosidl_typesupport_fastrtps_c/turtlesim/srv/detail/set_pen__type_support_c.cpp.o[0m
[5.499s] [ 70%] Built target turtlesim__rosidl_typesupport_introspection_cpp
[5.545s] [ 71%] [32mBuilding CXX object CMakeFiles/draw_square.dir/tutorials/draw_square.cpp.o[0m
[5.616s] [ 72%] [32mBuilding CXX object CMakeFiles/turtlesim__rosidl_typesupport_fastrtps_cpp.dir/rosidl_typesupport_fastrtps_cpp/turtlesim/srv/detail/dds_fastrtps/teleport_relative__type_support.cpp.o[0m
[5.631s] [ 73%] [32mBuilding CXX object CMakeFiles/turtlesim__rosidl_typesupport_fastrtps_c.dir/rosidl_typesupport_fastrtps_c/turtlesim/srv/detail/spawn__type_support_c.cpp.o[0m
[5.705s] [ 74%] [32mBuilding CXX object CMakeFiles/mimic.dir/tutorials/mimic.cpp.o[0m
[5.741s] [ 75%] [32mBuilding CXX object CMakeFiles/turtlesim__rosidl_typesupport_fastrtps_c.dir/rosidl_typesupport_fastrtps_c/turtlesim/srv/detail/teleport_absolute__type_support_c.cpp.o[0m
[5.996s] [ 76%] [32m[1mLinking CXX shared library libturtlesim__rosidl_typesupport_fastrtps_cpp.so[0m
[5.997s] [ 77%] [32mBuilding CXX object CMakeFiles/turtlesim_node.dir/src/turtle_frame.cpp.o[0m
[6.092s] [ 78%] [32mBuilding CXX object CMakeFiles/turtlesim__rosidl_typesupport_fastrtps_c.dir/rosidl_typesupport_fastrtps_c/turtlesim/srv/detail/teleport_relative__type_support_c.cpp.o[0m
[6.144s] [ 78%] Built target turtlesim__rosidl_typesupport_fastrtps_cpp
[6.165s] [ 79%] [32mBuilding CXX object CMakeFiles/turtlesim_node.dir/include/turtlesim/moc_turtle_frame.cpp.o[0m
[6.341s] [ 80%] [32m[1mLinking CXX shared library libturtlesim__rosidl_typesupport_fastrtps_c.so[0m
[6.433s] [ 80%] Built target turtlesim__rosidl_typesupport_fastrtps_c
[6.482s] [ 80%] Built target turtlesim
[6.535s] [ 81%] [34m[1mGenerating Python code for ROS interfaces[0m
[7.876s] [ 81%] Built target turtlesim__py
[7.904s] [ 82%] [32mBuilding C object CMakeFiles/turtlesim__rosidl_generator_py.dir/rosidl_generator_py/turtlesim/action/_rotate_absolute_s.c.o[0m
[8.209s] [ 83%] [32mBuilding C object CMakeFiles/turtlesim__rosidl_generator_py.dir/rosidl_generator_py/turtlesim/msg/_color_s.c.o[0m
[8.426s] [ 84%] [32mBuilding C object CMakeFiles/turtlesim__rosidl_generator_py.dir/rosidl_generator_py/turtlesim/msg/_pose_s.c.o[0m
[8.497s] [ 85%] [32mBuilding C object CMakeFiles/turtlesim__rosidl_generator_py.dir/rosidl_generator_py/turtlesim/srv/_kill_s.c.o[0m
[8.655s] [ 86%] [32mBuilding C object CMakeFiles/turtlesim__rosidl_generator_py.dir/rosidl_generator_py/turtlesim/srv/_set_pen_s.c.o[0m
[8.851s] [ 87%] [32mBuilding C object CMakeFiles/turtlesim__rosidl_generator_py.dir/rosidl_generator_py/turtlesim/srv/_spawn_s.c.o[0m
[8.956s] [ 88%] [32mBuilding C object CMakeFiles/turtlesim__rosidl_generator_py.dir/rosidl_generator_py/turtlesim/srv/_teleport_absolute_s.c.o[0m
[9.256s] [ 89%] [32mBuilding C object CMakeFiles/turtlesim__rosidl_generator_py.dir/rosidl_generator_py/turtlesim/srv/_teleport_relative_s.c.o[0m
[9.480s] [ 90%] [32m[1mLinking C shared library rosidl_generator_py/turtlesim/libturtlesim__rosidl_generator_py.so[0m
[9.586s] [ 90%] Built target turtlesim__rosidl_generator_py
[9.633s] [ 91%] [32mBuilding C object CMakeFiles/turtlesim__rosidl_typesupport_fastrtps_c__pyext.dir/rosidl_generator_py/turtlesim/_turtlesim_s.ep.rosidl_typesupport_fastrtps_c.c.o[0m
[10.019s] [ 92%] [32m[1mLinking C shared library rosidl_generator_py/turtlesim/turtlesim_s__rosidl_typesupport_fastrtps_c.cpython-310-x86_64-linux-gnu.so[0m
[10.127s] [ 92%] Built target turtlesim__rosidl_typesupport_fastrtps_c__pyext
[10.164s] [ 93%] [32mBuilding C object CMakeFiles/turtlesim__rosidl_typesupport_introspection_c__pyext.dir/rosidl_generator_py/turtlesim/_turtlesim_s.ep.rosidl_typesupport_introspection_c.c.o[0m
[10.174s] [ 94%] [32mBuilding C object CMakeFiles/turtlesim__rosidl_typesupport_c__pyext.dir/rosidl_generator_py/turtlesim/_turtlesim_s.ep.rosidl_typesupport_c.c.o[0m
[10.291s] [ 95%] [32m[1mLinking C shared library rosidl_generator_py/turtlesim/turtlesim_s__rosidl_typesupport_c.cpython-310-x86_64-linux-gnu.so[0m
[10.335s] [ 95%] Built target turtlesim__rosidl_typesupport_c__pyext
[10.338s] [ 96%] [32m[1mLinking C shared library rosidl_generator_py/turtlesim/turtlesim_s__rosidl_typesupport_introspection_c.cpython-310-x86_64-linux-gnu.so[0m
[10.379s] [ 96%] Built target turtlesim__rosidl_typesupport_introspection_c__pyext
[10.603s] [ 97%] [32m[1mLinking CXX executable turtle_teleop_key[0m
[10.776s] [ 97%] Built target turtle_teleop_key
[12.825s] [ 98%] [32m[1mLinking CXX executable mimic[0m
[13.094s] [ 98%] Built target mimic
[13.792s] [ 99%] [32m[1mLinking CXX executable draw_square[0m
[14.081s] [ 99%] Built target draw_square
[15.888s] [100%] [32m[1mLinking CXX executable turtlesim_node[0m
[17.335s] [100%] Built target turtlesim_node
[17.346s] Invoked command in '/home/rm/sp_vision_tutorial_27/build/turtlesim' returned '0': CMAKE_PREFIX_PATH=/opt/ros/humble /usr/bin/cmake --build /home/rm/sp_vision_tutorial_27/build/turtlesim -- -j8 -l8
[17.349s] Invoking command in '/home/rm/sp_vision_tutorial_27/build/turtlesim': CMAKE_PREFIX_PATH=/opt/ros/humble /usr/bin/cmake --install /home/rm/sp_vision_tutorial_27/build/turtlesim
[17.357s] -- Install configuration: ""
[17.357s] -- Installing: /home/rm/sp_vision_tutorial_27/install/turtlesim/share/ament_index/resource_index/rosidl_interfaces/turtlesim
[17.358s] -- Installing: /home/rm/sp_vision_tutorial_27/install/turtlesim/include/turtlesim/turtlesim
[17.358s] -- Installing: /home/rm/sp_vision_tutorial_27/install/turtlesim/include/turtlesim/turtlesim/msg
[17.358s] -- Installing: /home/rm/sp_vision_tutorial_27/install/turtlesim/include/turtlesim/turtlesim/msg/color.h
[17.358s] -- Installing: /home/rm/sp_vision_tutorial_27/install/turtlesim/include/turtlesim/turtlesim/msg/pose.h
[17.358s] -- Installing: /home/rm/sp_vision_tutorial_27/install/turtlesim/include/turtlesim/turtlesim/msg/detail
[17.358s] -- Installing: /home/rm/sp_vision_tutorial_27/install/turtlesim/include/turtlesim/turtlesim/msg/detail/pose__struct.h
[17.358s] -- Installing: /home/rm/sp_vision_tutorial_27/install/turtlesim/include/turtlesim/turtlesim/msg/detail/color__struct.h
[17.358s] -- Installing: /home/rm/sp_vision_tutorial_27/install/turtlesim/include/turtlesim/turtlesim/msg/detail/pose__functions.h
[17.358s] -- Installing: /home/rm/sp_vision_tutorial_27/install/turtlesim/include/turtlesim/turtlesim/msg/detail/pose__type_support.h
[17.358s] -- Installing: /home/rm/sp_vision_tutorial_27/install/turtlesim/include/turtlesim/turtlesim/msg/detail/pose__functions.c
[17.358s] -- Installing: /home/rm/sp_vision_tutorial_27/install/turtlesim/include/turtlesim/turtlesim/msg/detail/color__functions.h
[17.358s] -- Installing: /home/rm/sp_vision_tutorial_27/install/turtlesim/include/turtlesim/turtlesim/msg/detail/color__type_support.h
[17.358s] -- Installing: /home/rm/sp_vision_tutorial_27/install/turtlesim/include/turtlesim/turtlesim/msg/detail/color__functions.c
[17.358s] -- Installing: /home/rm/sp_vision_tutorial_27/install/turtlesim/include/turtlesim/turtlesim/msg/rosidl_generator_c__visibility_control.h
[17.358s] -- Installing: /home/rm/sp_vision_tutorial_27/install/turtlesim/include/turtlesim/turtlesim/action
[17.358s] -- Installing: /home/rm/sp_vision_tutorial_27/install/turtlesim/include/turtlesim/turtlesim/action/detail
[17.358s] -- Installing: /home/rm/sp_vision_tutorial_27/install/turtlesim/include/turtlesim/turtlesim/action/detail/rotate_absolute__functions.h
[17.358s] -- Installing: /home/rm/sp_vision_tutorial_27/install/turtlesim/include/turtlesim/turtlesim/action/detail/rotate_absolute__struct.h
[17.359s] -- Installing: /home/rm/sp_vision_tutorial_27/install/turtlesim/include/turtlesim/turtlesim/action/detail/rotate_absolute__type_support.h
[17.359s] -- Installing: /home/rm/sp_vision_tutorial_27/install/turtlesim/include/turtlesim/turtlesim/action/detail/rotate_absolute__functions.c
[17.359s] -- Installing: /home/rm/sp_vision_tutorial_27/install/turtlesim/include/turtlesim/turtlesim/action/rotate_absolute.h
[17.359s] -- Installing: /home/rm/sp_vision_tutorial_27/install/turtlesim/include/turtlesim/turtlesim/srv
[17.359s] -- Installing: /home/rm/sp_vision_tutorial_27/install/turtlesim/include/turtlesim/turtlesim/srv/spawn.h
[17.359s] -- Installing: /home/rm/sp_vision_tutorial_27/install/turtlesim/include/turtlesim/turtlesim/srv/set_pen.h
[17.359s] -- Installing: /home/rm/sp_vision_tutorial_27/install/turtlesim/include/turtlesim/turtlesim/srv/detail
[17.359s] -- Installing: /home/rm/sp_vision_tutorial_27/install/turtlesim/include/turtlesim/turtlesim/srv/detail/teleport_absolute__functions.c
[17.359s] -- Installing: /home/rm/sp_vision_tutorial_27/install/turtlesim/include/turtlesim/turtlesim/srv/detail/kill__functions.c
[17.359s] -- Installing: /home/rm/sp_vision_tutorial_27/install/turtlesim/include/turtlesim/turtlesim/srv/detail/teleport_relative__struct.h
[17.359s] -- Installing: /home/rm/sp_vision_tutorial_27/install/turtlesim/include/turtlesim/turtlesim/srv/detail/teleport_absolute__functions.h
[17.359s] -- Installing: /home/rm/sp_vision_tutorial_27/install/turtlesim/include/turtlesim/turtlesim/srv/detail/spawn__functions.h
[17.359s] -- Installing: /home/rm/sp_vision_tutorial_27/install/turtlesim/include/turtlesim/turtlesim/srv/detail/set_pen__type_support.h
[17.359s] -- Installing: /home/rm/sp_vision_tutorial_27/install/turtlesim/include/turtlesim/turtlesim/srv/detail/spawn__functions.c
[17.359s] -- Installing: /home/rm/sp_vision_tutorial_27/install/turtlesim/include/turtlesim/turtlesim/srv/detail/set_pen__functions.h
[17.360s] -- Installing: /home/rm/sp_vision_tutorial_27/install/turtlesim/include/turtlesim/turtlesim/srv/detail/spawn__struct.h
[17.360s] -- Installing: /home/rm/sp_vision_tutorial_27/install/turtlesim/include/turtlesim/turtlesim/srv/detail/kill__type_support.h
[17.360s] -- Installing: /home/rm/sp_vision_tutorial_27/install/turtlesim/include/turtlesim/turtlesim/srv/detail/set_pen__struct.h
[17.360s] -- Installing: /home/rm/sp_vision_tutorial_27/install/turtlesim/include/turtlesim/turtlesim/srv/detail/teleport_relative__functions.c
[17.360s] -- Installing: /home/rm/sp_vision_tutorial_27/install/turtlesim/include/turtlesim/turtlesim/srv/detail/set_pen__functions.c
[17.361s] -- Installing: /home/rm/sp_vision_tutorial_27/install/turtlesim/include/turtlesim/turtlesim/srv/detail/teleport_absolute__type_support.h
[17.361s] -- Installing: /home/rm/sp_vision_tutorial_27/install/turtlesim/include/turtlesim/turtlesim/srv/detail/spawn__type_support.h
[17.361s] -- Installing: /home/rm/sp_vision_tutorial_27/install/turtlesim/include/turtlesim/turtlesim/srv/detail/teleport_absolute__struct.h
[17.361s] -- Installing: /home/rm/sp_vision_tutorial_27/install/turtlesim/include/turtlesim/turtlesim/srv/detail/kill__functions.h
[17.361s] -- Installing: /home/rm/sp_vision_tutorial_27/install/turtlesim/include/turtlesim/turtlesim/srv/detail/teleport_relative__type_support.h
[17.361s] -- Installing: /home/rm/sp_vision_tutorial_27/install/turtlesim/include/turtlesim/turtlesim/srv/detail/kill__struct.h
[17.361s] -- Installing: /home/rm/sp_vision_tutorial_27/install/turtlesim/include/turtlesim/turtlesim/srv/detail/teleport_relative__functions.h
[17.361s] -- Installing: /home/rm/sp_vision_tutorial_27/install/turtlesim/include/turtlesim/turtlesim/srv/teleport_absolute.h
[17.361s] -- Installing: /home/rm/sp_vision_tutorial_27/install/turtlesim/include/turtlesim/turtlesim/srv/kill.h
[17.361s] -- Installing: /home/rm/sp_vision_tutorial_27/install/turtlesim/include/turtlesim/turtlesim/srv/teleport_relative.h
[17.361s] -- Installing: /home/rm/sp_vision_tutorial_27/install/turtlesim/share/turtlesim/environment/library_path.sh
[17.361s] -- Installing: /home/rm/sp_vision_tutorial_27/install/turtlesim/share/turtlesim/environment/library_path.dsv
[17.361s] -- Installing: /home/rm/sp_vision_tutorial_27/install/turtlesim/lib/libturtlesim__rosidl_generator_c.so
[17.361s] -- Set runtime path of "/home/rm/sp_vision_tutorial_27/install/turtlesim/lib/libturtlesim__rosidl_generator_c.so" to ""
[17.361s] -- Up-to-date: /home/rm/sp_vision_tutorial_27/install/turtlesim/include/turtlesim/turtlesim
[17.361s] -- Up-to-date: /home/rm/sp_vision_tutorial_27/install/turtlesim/include/turtlesim/turtlesim/msg
[17.361s] -- Up-to-date: /home/rm/sp_vision_tutorial_27/install/turtlesim/include/turtlesim/turtlesim/msg/detail
[17.361s] -- Installing: /home/rm/sp_vision_tutorial_27/install/turtlesim/include/turtlesim/turtlesim/msg/detail/pose__rosidl_typesupport_fastrtps_c.h
[17.361s] -- Installing: /home/rm/sp_vision_tutorial_27/install/turtlesim/include/turtlesim/turtlesim/msg/detail/color__rosidl_typesupport_fastrtps_c.h
[17.362s] -- Installing: /home/rm/sp_vision_tutorial_27/install/turtlesim/include/turtlesim/turtlesim/msg/rosidl_typesupport_fastrtps_c__visibility_control.h
[17.362s] -- Up-to-date: /home/rm/sp_vision_tutorial_27/install/turtlesim/include/turtlesim/turtlesim/action
[17.362s] -- Up-to-date: /home/rm/sp_vision_tutorial_27/install/turtlesim/include/turtlesim/turtlesim/action/detail
[17.362s] -- Installing: /home/rm/sp_vision_tutorial_27/install/turtlesim/include/turtlesim/turtlesim/action/detail/rotate_absolute__rosidl_typesupport_fastrtps_c.h
[17.362s] -- Up-to-date: /home/rm/sp_vision_tutorial_27/install/turtlesim/include/turtlesim/turtlesim/srv
[17.362s] -- Up-to-date: /home/rm/sp_vision_tutorial_27/install/turtlesim/include/turtlesim/turtlesim/srv/detail
[17.362s] -- Installing: /home/rm/sp_vision_tutorial_27/install/turtlesim/include/turtlesim/turtlesim/srv/detail/teleport_relative__rosidl_typesupport_fastrtps_c.h
[17.362s] -- Installing: /home/rm/sp_vision_tutorial_27/install/turtlesim/include/turtlesim/turtlesim/srv/detail/spawn__rosidl_typesupport_fastrtps_c.h
[17.362s] -- Installing: /home/rm/sp_vision_tutorial_27/install/turtlesim/include/turtlesim/turtlesim/srv/detail/kill__rosidl_typesupport_fastrtps_c.h
[17.362s] -- Installing: /home/rm/sp_vision_tutorial_27/install/turtlesim/include/turtlesim/turtlesim/srv/detail/teleport_absolute__rosidl_typesupport_fastrtps_c.h
[17.362s] -- Installing: /home/rm/sp_vision_tutorial_27/install/turtlesim/include/turtlesim/turtlesim/srv/detail/set_pen__rosidl_typesupport_fastrtps_c.h
[17.362s] -- Installing: /home/rm/sp_vision_tutorial_27/install/turtlesim/lib/libturtlesim__rosidl_typesupport_fastrtps_c.so
[17.362s] -- Set runtime path of "/home/rm/sp_vision_tutorial_27/install/turtlesim/lib/libturtlesim__rosidl_typesupport_fastrtps_c.so" to ""
[17.362s] -- Up-to-date: /home/rm/sp_vision_tutorial_27/install/turtlesim/include/turtlesim/turtlesim
[17.362s] -- Up-to-date: /home/rm/sp_vision_tutorial_27/install/turtlesim/include/turtlesim/turtlesim/msg
[17.362s] -- Installing: /home/rm/sp_vision_tutorial_27/install/turtlesim/include/turtlesim/turtlesim/msg/rosidl_generator_cpp__visibility_control.hpp
[17.363s] -- Installing: /home/rm/sp_vision_tutorial_27/install/turtlesim/include/turtlesim/turtlesim/msg/color.hpp
[17.363s] -- Installing: /home/rm/sp_vision_tutorial_27/install/turtlesim/include/turtlesim/turtlesim/msg/pose.hpp
[17.363s] -- Up-to-date: /home/rm/sp_vision_tutorial_27/install/turtlesim/include/turtlesim/turtlesim/msg/detail
[17.363s] -- Installing: /home/rm/sp_vision_tutorial_27/install/turtlesim/include/turtlesim/turtlesim/msg/detail/pose__struct.hpp
[17.363s] -- Installing: /home/rm/sp_vision_tutorial_27/install/turtlesim/include/turtlesim/turtlesim/msg/detail/color__type_support.hpp
[17.363s] -- Installing: /home/rm/sp_vision_tutorial_27/install/turtlesim/include/turtlesim/turtlesim/msg/detail/color__struct.hpp
[17.363s] -- Installing: /home/rm/sp_vision_tutorial_27/install/turtlesim/include/turtlesim/turtlesim/msg/detail/color__traits.hpp
[17.363s] -- Installing: /home/rm/sp_vision_tutorial_27/install/turtlesim/include/turtlesim/turtlesim/msg/detail/pose__builder.hpp
[17.363s] -- Installing: /home/rm/sp_vision_tutorial_27/install/turtlesim/include/turtlesim/turtlesim/msg/detail/pose__traits.hpp
[17.363s] -- Installing: /home/rm/sp_vision_tutorial_27/install/turtlesim/include/turtlesim/turtlesim/msg/detail/color__builder.hpp
[17.363s] -- Installing: /home/rm/sp_vision_tutorial_27/install/turtlesim/include/turtlesim/turtlesim/msg/detail/pose__type_support.hpp
[17.363s] -- Up-to-date: /home/rm/sp_vision_tutorial_27/install/turtlesim/include/turtlesim/turtlesim/action
[17.363s] -- Installing: /home/rm/sp_vision_tutorial_27/install/turtlesim/include/turtlesim/turtlesim/action/rotate_absolute.hpp
[17.363s] -- Up-to-date: /home/rm/sp_vision_tutorial_27/install/turtlesim/include/turtlesim/turtlesim/action/detail
[17.363s] -- Installing: /home/rm/sp_vision_tutorial_27/install/turtlesim/include/turtlesim/turtlesim/action/detail/rotate_absolute__struct.hpp
[17.363s] -- Installing: /home/rm/sp_vision_tutorial_27/install/turtlesim/include/turtlesim/turtlesim/action/detail/rotate_absolute__traits.hpp
[17.363s] -- Installing: /home/rm/sp_vision_tutorial_27/install/turtlesim/include/turtlesim/turtlesim/action/detail/rotate_absolute__type_support.hpp
[17.363s] -- Installing: /home/rm/sp_vision_tutorial_27/install/turtlesim/include/turtlesim/turtlesim/action/detail/rotate_absolute__builder.hpp
[17.363s] -- Up-to-date: /home/rm/sp_vision_tutorial_27/install/turtlesim/include/turtlesim/turtlesim/srv
[17.363s] -- Installing: /home/rm/sp_vision_tutorial_27/install/turtlesim/include/turtlesim/turtlesim/srv/kill.hpp
[17.364s] -- Installing: /home/rm/sp_vision_tutorial_27/install/turtlesim/include/turtlesim/turtlesim/srv/set_pen.hpp
[17.364s] -- Installing: /home/rm/sp_vision_tutorial_27/install/turtlesim/include/turtlesim/turtlesim/srv/teleport_absolute.hpp
[17.364s] -- Up-to-date: /home/rm/sp_vision_tutorial_27/install/turtlesim/include/turtlesim/turtlesim/srv/detail
[17.364s] -- Installing: /home/rm/sp_vision_tutorial_27/install/turtlesim/include/turtlesim/turtlesim/srv/detail/teleport_relative__builder.hpp
[17.364s] -- Installing: /home/rm/sp_vision_tutorial_27/install/turtlesim/include/turtlesim/turtlesim/srv/detail/set_pen__builder.hpp
[17.364s] -- Installing: /home/rm/sp_vision_tutorial_27/install/turtlesim/include/turtlesim/turtlesim/srv/detail/teleport_relative__traits.hpp
[17.364s] -- Installing: /home/rm/sp_vision_tutorial_27/install/turtlesim/include/turtlesim/turtlesim/srv/detail/teleport_relative__type_support.hpp
[17.364s] -- Installing: /home/rm/sp_vision_tutorial_27/install/turtlesim/include/turtlesim/turtlesim/srv/detail/spawn__traits.hpp
[17.364s] -- Installing: /home/rm/sp_vision_tutorial_27/install/turtlesim/include/turtlesim/turtlesim/srv/detail/teleport_relative__struct.hpp
[17.364s] -- Installing: /home/rm/sp_vision_tutorial_27/install/turtlesim/include/turtlesim/turtlesim/srv/detail/kill__type_support.hpp
[17.364s] -- Installing: /home/rm/sp_vision_tutorial_27/install/turtlesim/include/turtlesim/turtlesim/srv/detail/kill__struct.hpp
[17.364s] -- Installing: /home/rm/sp_vision_tutorial_27/install/turtlesim/include/turtlesim/turtlesim/srv/detail/set_pen__traits.hpp
[17.364s] -- Installing: /home/rm/sp_vision_tutorial_27/install/turtlesim/include/turtlesim/turtlesim/srv/detail/spawn__builder.hpp
[17.364s] -- Installing: /home/rm/sp_vision_tutorial_27/install/turtlesim/include/turtlesim/turtlesim/srv/detail/set_pen__type_support.hpp
[17.364s] -- Installing: /home/rm/sp_vision_tutorial_27/install/turtlesim/include/turtlesim/turtlesim/srv/detail/kill__traits.hpp
[17.364s] -- Installing: /home/rm/sp_vision_tutorial_27/install/turtlesim/include/turtlesim/turtlesim/srv/detail/set_pen__struct.hpp
[17.364s] -- Installing: /home/rm/sp_vision_tutorial_27/install/turtlesim/include/turtlesim/turtlesim/srv/detail/teleport_absolute__type_support.hpp
[17.364s] -- Installing: /home/rm/sp_vision_tutorial_27/install/turtlesim/include/turtlesim/turtlesim/srv/detail/teleport_absolute__struct.hpp
[17.364s] -- Installing: /home/rm/sp_vision_tutorial_27/install/turtlesim/include/turtlesim/turtlesim/srv/detail/spawn__struct.hpp
[17.364s] -- Installing: /home/rm/sp_vision_tutorial_27/install/turtlesim/include/turtlesim/turtlesim/srv/detail/spawn__type_support.hpp
[17.364s] -- Installing: /home/rm/sp_vision_tutorial_27/install/turtlesim/include/turtlesim/turtlesim/srv/detail/kill__builder.hpp
[17.364s] -- Installing: /home/rm/sp_vision_tutorial_27/install/turtlesim/include/turtlesim/turtlesim/srv/detail/teleport_absolute__traits.hpp
[17.364s] -- Installing: /home/rm/sp_vision_tutorial_27/install/turtlesim/include/turtlesim/turtlesim/srv/detail/teleport_absolute__builder.hpp
[17.364s] -- Installing: /home/rm/sp_vision_tutorial_27/install/turtlesim/include/turtlesim/turtlesim/srv/teleport_relative.hpp
[17.364s] -- Installing: /home/rm/sp_vision_tutorial_27/install/turtlesim/include/turtlesim/turtlesim/srv/spawn.hpp
[17.364s] -- Up-to-date: /home/rm/sp_vision_tutorial_27/install/turtlesim/include/turtlesim/turtlesim
[17.364s] -- Up-to-date: /home/rm/sp_vision_tutorial_27/install/turtlesim/include/turtlesim/turtlesim/msg
[17.364s] -- Up-to-date: /home/rm/sp_vision_tutorial_27/install/turtlesim/include/turtlesim/turtlesim/msg/detail
[17.364s] -- Installing: /home/rm/sp_vision_tutorial_27/install/turtlesim/include/turtlesim/turtlesim/msg/detail/color__rosidl_typesupport_fastrtps_cpp.hpp
[17.364s] -- Installing: /home/rm/sp_vision_tutorial_27/install/turtlesim/include/turtlesim/turtlesim/msg/detail/dds_fastrtps
[17.365s] -- Installing: /home/rm/sp_vision_tutorial_27/install/turtlesim/include/turtlesim/turtlesim/msg/detail/pose__rosidl_typesupport_fastrtps_cpp.hpp
[17.365s] -- Installing: /home/rm/sp_vision_tutorial_27/install/turtlesim/include/turtlesim/turtlesim/msg/rosidl_typesupport_fastrtps_cpp__visibility_control.h
[17.365s] -- Up-to-date: /home/rm/sp_vision_tutorial_27/install/turtlesim/include/turtlesim/turtlesim/action
[17.365s] -- Up-to-date: /home/rm/sp_vision_tutorial_27/install/turtlesim/include/turtlesim/turtlesim/action/detail
[17.365s] -- Installing: /home/rm/sp_vision_tutorial_27/install/turtlesim/include/turtlesim/turtlesim/action/detail/rotate_absolute__rosidl_typesupport_fastrtps_cpp.hpp
[17.365s] -- Installing: /home/rm/sp_vision_tutorial_27/install/turtlesim/include/turtlesim/turtlesim/action/detail/dds_fastrtps
[17.365s] -- Up-to-date: /home/rm/sp_vision_tutorial_27/install/turtlesim/include/turtlesim/turtlesim/srv
[17.365s] -- Up-to-date: /home/rm/sp_vision_tutorial_27/install/turtlesim/include/turtlesim/turtlesim/srv/detail
[17.365s] -- Installing: /home/rm/sp_vision_tutorial_27/install/turtlesim/include/turtlesim/turtlesim/srv/detail/kill__rosidl_typesupport_fastrtps_cpp.hpp
[17.365s] -- Installing: /home/rm/sp_vision_tutorial_27/install/turtlesim/include/turtlesim/turtlesim/srv/detail/teleport_absolute__rosidl_typesupport_fastrtps_cpp.hpp
[17.365s] -- Installing: /home/rm/sp_vision_tutorial_27/install/turtlesim/include/turtlesim/turtlesim/srv/detail/teleport_relative__rosidl_typesupport_fastrtps_cpp.hpp
[17.365s] -- Installing: /home/rm/sp_vision_tutorial_27/install/turtlesim/include/turtlesim/turtlesim/srv/detail/spawn__rosidl_typesupport_fastrtps_cpp.hpp
[17.365s] -- Installing: /home/rm/sp_vision_tutorial_27/install/turtlesim/include/turtlesim/turtlesim/srv/detail/dds_fastrtps
[17.365s] -- Installing: /home/rm/sp_vision_tutorial_27/install/turtlesim/include/turtlesim/turtlesim/srv/detail/set_pen__rosidl_typesupport_fastrtps_cpp.hpp
[17.365s] -- Installing: /home/rm/sp_vision_tutorial_27/install/turtlesim/lib/libturtlesim__rosidl_typesupport_fastrtps_cpp.so
[17.365s] -- Set runtime path of "/home/rm/sp_vision_tutorial_27/install/turtlesim/lib/libturtlesim__rosidl_typesupport_fastrtps_cpp.so" to ""
[17.365s] -- Up-to-date: /home/rm/sp_vision_tutorial_27/install/turtlesim/include/turtlesim/turtlesim
[17.365s] -- Up-to-date: /home/rm/sp_vision_tutorial_27/install/turtlesim/include/turtlesim/turtlesim/msg
[17.365s] -- Installing: /home/rm/sp_vision_tutorial_27/install/turtlesim/include/turtlesim/turtlesim/msg/rosidl_typesupport_introspection_c__visibility_control.h
[17.365s] -- Up-to-date: /home/rm/sp_vision_tutorial_27/install/turtlesim/include/turtlesim/turtlesim/msg/detail
[17.365s] -- Installing: /home/rm/sp_vision_tutorial_27/install/turtlesim/include/turtlesim/turtlesim/msg/detail/pose__type_support.c
[17.365s] -- Installing: /home/rm/sp_vision_tutorial_27/install/turtlesim/include/turtlesim/turtlesim/msg/detail/color__type_support.c
[17.365s] -- Installing: /home/rm/sp_vision_tutorial_27/install/turtlesim/include/turtlesim/turtlesim/msg/detail/pose__rosidl_typesupport_introspection_c.h
[17.365s] -- Installing: /home/rm/sp_vision_tutorial_27/install/turtlesim/include/turtlesim/turtlesim/msg/detail/color__rosidl_typesupport_introspection_c.h
[17.365s] -- Up-to-date: /home/rm/sp_vision_tutorial_27/install/turtlesim/include/turtlesim/turtlesim/action
[17.365s] -- Up-to-date: /home/rm/sp_vision_tutorial_27/install/turtlesim/include/turtlesim/turtlesim/action/detail
[17.365s] -- Installing: /home/rm/sp_vision_tutorial_27/install/turtlesim/include/turtlesim/turtlesim/action/detail/rotate_absolute__type_support.c
[17.365s] -- Installing: /home/rm/sp_vision_tutorial_27/install/turtlesim/include/turtlesim/turtlesim/action/detail/rotate_absolute__rosidl_typesupport_introspection_c.h
[17.365s] -- Up-to-date: /home/rm/sp_vision_tutorial_27/install/turtlesim/include/turtlesim/turtlesim/srv
[17.365s] -- Up-to-date: /home/rm/sp_vision_tutorial_27/install/turtlesim/include/turtlesim/turtlesim/srv/detail
[17.366s] -- Installing: /home/rm/sp_vision_tutorial_27/install/turtlesim/include/turtlesim/turtlesim/srv/detail/teleport_absolute__type_support.c
[17.366s] -- Installing: /home/rm/sp_vision_tutorial_27/install/turtlesim/include/turtlesim/turtlesim/srv/detail/set_pen__rosidl_typesupport_introspection_c.h
[17.366s] -- Installing: /home/rm/sp_vision_tutorial_27/install/turtlesim/include/turtlesim/turtlesim/srv/detail/spawn__rosidl_typesupport_introspection_c.h
[17.366s] -- Installing: /home/rm/sp_vision_tutorial_27/install/turtlesim/include/turtlesim/turtlesim/srv/detail/spawn__type_support.c
[17.366s] -- Installing: /home/rm/sp_vision_tutorial_27/install/turtlesim/include/turtlesim/turtlesim/srv/detail/teleport_relative__rosidl_typesupport_introspection_c.h
[17.366s] -- Installing: /home/rm/sp_vision_tutorial_27/install/turtlesim/include/turtlesim/turtlesim/srv/detail/kill__rosidl_typesupport_introspection_c.h
[17.366s] -- Installing: /home/rm/sp_vision_tutorial_27/install/turtlesim/include/turtlesim/turtlesim/srv/detail/kill__type_support.c
[17.366s] -- Installing: /home/rm/sp_vision_tutorial_27/install/turtlesim/include/turtlesim/turtlesim/srv/detail/teleport_relative__type_support.c
[17.366s] -- Installing: /home/rm/sp_vision_tutorial_27/install/turtlesim/include/turtlesim/turtlesim/srv/detail/teleport_absolute__rosidl_typesupport_introspection_c.h
[17.366s] -- Installing: /home/rm/sp_vision_tutorial_27/install/turtlesim/include/turtlesim/turtlesim/srv/detail/set_pen__type_support.c
[17.366s] -- Installing: /home/rm/sp_vision_tutorial_27/install/turtlesim/lib/libturtlesim__rosidl_typesupport_introspection_c.so
[17.366s] -- Set runtime path of "/home/rm/sp_vision_tutorial_27/install/turtlesim/lib/libturtlesim__rosidl_typesupport_introspection_c.so" to ""
[17.366s] -- Installing: /home/rm/sp_vision_tutorial_27/install/turtlesim/lib/libturtlesim__rosidl_typesupport_c.so
[17.366s] -- Set runtime path of "/home/rm/sp_vision_tutorial_27/install/turtlesim/lib/libturtlesim__rosidl_typesupport_c.so" to ""
[17.367s] -- Up-to-date: /home/rm/sp_vision_tutorial_27/install/turtlesim/include/turtlesim/turtlesim
[17.367s] -- Up-to-date: /home/rm/sp_vision_tutorial_27/install/turtlesim/include/turtlesim/turtlesim/msg
[17.367s] -- Up-to-date: /home/rm/sp_vision_tutorial_27/install/turtlesim/include/turtlesim/turtlesim/msg/detail
[17.367s] -- Installing: /home/rm/sp_vision_tutorial_27/install/turtlesim/include/turtlesim/turtlesim/msg/detail/color__type_support.cpp
[17.367s] -- Installing: /home/rm/sp_vision_tutorial_27/install/turtlesim/include/turtlesim/turtlesim/msg/detail/color__rosidl_typesupport_introspection_cpp.hpp
[17.367s] -- Installing: /home/rm/sp_vision_tutorial_27/install/turtlesim/include/turtlesim/turtlesim/msg/detail/pose__type_support.cpp
[17.367s] -- Installing: /home/rm/sp_vision_tutorial_27/install/turtlesim/include/turtlesim/turtlesim/msg/detail/pose__rosidl_typesupport_introspection_cpp.hpp
[17.367s] -- Up-to-date: /home/rm/sp_vision_tutorial_27/install/turtlesim/include/turtlesim/turtlesim/action
[17.367s] -- Up-to-date: /home/rm/sp_vision_tutorial_27/install/turtlesim/include/turtlesim/turtlesim/action/detail
[17.367s] -- Installing: /home/rm/sp_vision_tutorial_27/install/turtlesim/include/turtlesim/turtlesim/action/detail/rotate_absolute__rosidl_typesupport_introspection_cpp.hpp
[17.367s] -- Installing: /home/rm/sp_vision_tutorial_27/install/turtlesim/include/turtlesim/turtlesim/action/detail/rotate_absolute__type_support.cpp
[17.367s] -- Up-to-date: /home/rm/sp_vision_tutorial_27/install/turtlesim/include/turtlesim/turtlesim/srv
[17.367s] -- Up-to-date: /home/rm/sp_vision_tutorial_27/install/turtlesim/include/turtlesim/turtlesim/srv/detail
[17.367s] -- Installing: /home/rm/sp_vision_tutorial_27/install/turtlesim/include/turtlesim/turtlesim/srv/detail/teleport_absolute__rosidl_typesupport_introspection_cpp.hpp
[17.367s] -- Installing: /home/rm/sp_vision_tutorial_27/install/turtlesim/include/turtlesim/turtlesim/srv/detail/spawn__rosidl_typesupport_introspection_cpp.hpp
[17.367s] -- Installing: /home/rm/sp_vision_tutorial_27/install/turtlesim/include/turtlesim/turtlesim/srv/detail/spawn__type_support.cpp
[17.367s] -- Installing: /home/rm/sp_vision_tutorial_27/install/turtlesim/include/turtlesim/turtlesim/srv/detail/kill__type_support.cpp
[17.367s] -- Installing: /home/rm/sp_vision_tutorial_27/install/turtlesim/include/turtlesim/turtlesim/srv/detail/kill__rosidl_typesupport_introspection_cpp.hpp
[17.367s] -- Installing: /home/rm/sp_vision_tutorial_27/install/turtlesim/include/turtlesim/turtlesim/srv/detail/set_pen__rosidl_typesupport_introspection_cpp.hpp
[17.367s] -- Installing: /home/rm/sp_vision_tutorial_27/install/turtlesim/include/turtlesim/turtlesim/srv/detail/set_pen__type_support.cpp
[17.367s] -- Installing: /home/rm/sp_vision_tutorial_27/install/turtlesim/include/turtlesim/turtlesim/srv/detail/teleport_relative__rosidl_typesupport_introspection_cpp.hpp
[17.368s] -- Installing: /home/rm/sp_vision_tutorial_27/install/turtlesim/include/turtlesim/turtlesim/srv/detail/teleport_absolute__type_support.cpp
[17.368s] -- Installing: /home/rm/sp_vision_tutorial_27/install/turtlesim/include/turtlesim/turtlesim/srv/detail/teleport_relative__type_support.cpp
[17.368s] -- Installing: /home/rm/sp_vision_tutorial_27/install/turtlesim/lib/libturtlesim__rosidl_typesupport_introspection_cpp.so
[17.368s] -- Set runtime path of "/home/rm/sp_vision_tutorial_27/install/turtlesim/lib/libturtlesim__rosidl_typesupport_introspection_cpp.so" to ""
[17.368s] -- Installing: /home/rm/sp_vision_tutorial_27/install/turtlesim/lib/libturtlesim__rosidl_typesupport_cpp.so
[17.368s] -- Set runtime path of "/home/rm/sp_vision_tutorial_27/install/turtlesim/lib/libturtlesim__rosidl_typesupport_cpp.so" to ""
[17.368s] -- Installing: /home/rm/sp_vision_tutorial_27/install/turtlesim/share/turtlesim/environment/pythonpath.sh
[17.368s] -- Installing: /home/rm/sp_vision_tutorial_27/install/turtlesim/share/turtlesim/environment/pythonpath.dsv
[17.368s] -- Installing: /home/rm/sp_vision_tutorial_27/install/turtlesim/local/lib/python3.10/dist-packages/turtlesim-1.4.3-py3.10.egg-info
[17.368s] -- Installing: /home/rm/sp_vision_tutorial_27/install/turtlesim/local/lib/python3.10/dist-packages/turtlesim-1.4.3-py3.10.egg-info/PKG-INFO
[17.369s] -- Installing: /home/rm/sp_vision_tutorial_27/install/turtlesim/local/lib/python3.10/dist-packages/turtlesim-1.4.3-py3.10.egg-info/SOURCES.txt
[17.369s] -- Installing: /home/rm/sp_vision_tutorial_27/install/turtlesim/local/lib/python3.10/dist-packages/turtlesim-1.4.3-py3.10.egg-info/top_level.txt
[17.369s] -- Installing: /home/rm/sp_vision_tutorial_27/install/turtlesim/local/lib/python3.10/dist-packages/turtlesim-1.4.3-py3.10.egg-info/dependency_links.txt
[17.369s] -- Installing: /home/rm/sp_vision_tutorial_27/install/turtlesim/local/lib/python3.10/dist-packages/turtlesim
[17.369s] -- Installing: /home/rm/sp_vision_tutorial_27/install/turtlesim/local/lib/python3.10/dist-packages/turtlesim/_turtlesim_s.ep.rosidl_typesupport_introspection_c.c
[17.369s] -- Installing: /home/rm/sp_vision_tutorial_27/install/turtlesim/local/lib/python3.10/dist-packages/turtlesim/__init__.py
[17.369s] -- Installing: /home/rm/sp_vision_tutorial_27/install/turtlesim/local/lib/python3.10/dist-packages/turtlesim/turtlesim_s__rosidl_typesupport_fastrtps_c.cpython-310-x86_64-linux-gnu.so
[17.369s] -- Installing: /home/rm/sp_vision_tutorial_27/install/turtlesim/local/lib/python3.10/dist-packages/turtlesim/turtlesim_s__rosidl_typesupport_c.cpython-310-x86_64-linux-gnu.so
[17.369s] -- Installing: /home/rm/sp_vision_tutorial_27/install/turtlesim/local/lib/python3.10/dist-packages/turtlesim/msg
[17.369s] -- Installing: /home/rm/sp_vision_tutorial_27/install/turtlesim/local/lib/python3.10/dist-packages/turtlesim/msg/__init__.py
[17.369s] -- Installing: /home/rm/sp_vision_tutorial_27/install/turtlesim/local/lib/python3.10/dist-packages/turtlesim/msg/_pose_s.c
[17.369s] -- Installing: /home/rm/sp_vision_tutorial_27/install/turtlesim/local/lib/python3.10/dist-packages/turtlesim/msg/_color_s.c
[17.369s] -- Installing: /home/rm/sp_vision_tutorial_27/install/turtlesim/local/lib/python3.10/dist-packages/turtlesim/msg/_pose.py
[17.369s] -- Installing: /home/rm/sp_vision_tutorial_27/install/turtlesim/local/lib/python3.10/dist-packages/turtlesim/msg/_color.py
[17.369s] -- Installing: /home/rm/sp_vision_tutorial_27/install/turtlesim/local/lib/python3.10/dist-packages/turtlesim/_turtlesim_s.ep.rosidl_typesupport_c.c
[17.369s] -- Installing: /home/rm/sp_vision_tutorial_27/install/turtlesim/local/lib/python3.10/dist-packages/turtlesim/turtlesim_s__rosidl_typesupport_introspection_c.cpython-310-x86_64-linux-gnu.so
[17.370s] -- Installing: /home/rm/sp_vision_tutorial_27/install/turtlesim/local/lib/python3.10/dist-packages/turtlesim/action
[17.370s] -- Installing: /home/rm/sp_vision_tutorial_27/install/turtlesim/local/lib/python3.10/dist-packages/turtlesim/action/_rotate_absolute.py
[17.370s] -- Installing: /home/rm/sp_vision_tutorial_27/install/turtlesim/local/lib/python3.10/dist-packages/turtlesim/action/__init__.py
[17.370s] -- Installing: /home/rm/sp_vision_tutorial_27/install/turtlesim/local/lib/python3.10/dist-packages/turtlesim/action/_rotate_absolute_s.c
[17.370s] -- Installing: /home/rm/sp_vision_tutorial_27/install/turtlesim/local/lib/python3.10/dist-packages/turtlesim/_turtlesim_s.ep.rosidl_typesupport_fastrtps_c.c
[17.370s] -- Installing: /home/rm/sp_vision_tutorial_27/install/turtlesim/local/lib/python3.10/dist-packages/turtlesim/libturtlesim__rosidl_generator_py.so
[17.370s] -- Installing: /home/rm/sp_vision_tutorial_27/install/turtlesim/local/lib/python3.10/dist-packages/turtlesim/srv
[17.370s] -- Installing: /home/rm/sp_vision_tutorial_27/install/turtlesim/local/lib/python3.10/dist-packages/turtlesim/srv/_spawn.py
[17.370s] -- Installing: /home/rm/sp_vision_tutorial_27/install/turtlesim/local/lib/python3.10/dist-packages/turtlesim/srv/_teleport_relative.py
[17.370s] -- Installing: /home/rm/sp_vision_tutorial_27/install/turtlesim/local/lib/python3.10/dist-packages/turtlesim/srv/_kill.py
[17.370s] -- Installing: /home/rm/sp_vision_tutorial_27/install/turtlesim/local/lib/python3.10/dist-packages/turtlesim/srv/__init__.py
[17.370s] -- Installing: /home/rm/sp_vision_tutorial_27/install/turtlesim/local/lib/python3.10/dist-packages/turtlesim/srv/_teleport_relative_s.c
[17.370s] -- Installing: /home/rm/sp_vision_tutorial_27/install/turtlesim/local/lib/python3.10/dist-packages/turtlesim/srv/_set_pen.py
[17.370s] -- Installing: /home/rm/sp_vision_tutorial_27/install/turtlesim/local/lib/python3.10/dist-packages/turtlesim/srv/_kill_s.c
[17.370s] -- Installing: /home/rm/sp_vision_tutorial_27/install/turtlesim/local/lib/python3.10/dist-packages/turtlesim/srv/_set_pen_s.c
[17.371s] -- Installing: /home/rm/sp_vision_tutorial_27/install/turtlesim/local/lib/python3.10/dist-packages/turtlesim/srv/_teleport_absolute.py
[17.371s] -- Installing: /home/rm/sp_vision_tutorial_27/install/turtlesim/local/lib/python3.10/dist-packages/turtlesim/srv/_spawn_s.c
[17.371s] -- Installing: /home/rm/sp_vision_tutorial_27/install/turtlesim/local/lib/python3.10/dist-packages/turtlesim/srv/_teleport_absolute_s.c
[17.402s] Listing '/home/rm/sp_vision_tutorial_27/install/turtlesim/local/lib/python3.10/dist-packages/turtlesim'...
[17.402s] Compiling '/home/rm/sp_vision_tutorial_27/install/turtlesim/local/lib/python3.10/dist-packages/turtlesim/__init__.py'...
[17.402s] Listing '/home/rm/sp_vision_tutorial_27/install/turtlesim/local/lib/python3.10/dist-packages/turtlesim/action'...
[17.402s] Compiling '/home/rm/sp_vision_tutorial_27/install/turtlesim/local/lib/python3.10/dist-packages/turtlesim/action/__init__.py'...
[17.403s] Compiling '/home/rm/sp_vision_tutorial_27/install/turtlesim/local/lib/python3.10/dist-packages/turtlesim/action/_rotate_absolute.py'...
[17.403s] Listing '/home/rm/sp_vision_tutorial_27/install/turtlesim/local/lib/python3.10/dist-packages/turtlesim/msg'...
[17.403s] Compiling '/home/rm/sp_vision_tutorial_27/install/turtlesim/local/lib/python3.10/dist-packages/turtlesim/msg/__init__.py'...
[17.403s] Compiling '/home/rm/sp_vision_tutorial_27/install/turtlesim/local/lib/python3.10/dist-packages/turtlesim/msg/_color.py'...
[17.403s] Compiling '/home/rm/sp_vision_tutorial_27/install/turtlesim/local/lib/python3.10/dist-packages/turtlesim/msg/_pose.py'...
[17.403s] Listing '/home/rm/sp_vision_tutorial_27/install/turtlesim/local/lib/python3.10/dist-packages/turtlesim/srv'...
[17.403s] Compiling '/home/rm/sp_vision_tutorial_27/install/turtlesim/local/lib/python3.10/dist-packages/turtlesim/srv/__init__.py'...
[17.403s] Compiling '/home/rm/sp_vision_tutorial_27/install/turtlesim/local/lib/python3.10/dist-packages/turtlesim/srv/_kill.py'...
[17.403s] Compiling '/home/rm/sp_vision_tutorial_27/install/turtlesim/local/lib/python3.10/dist-packages/turtlesim/srv/_set_pen.py'...
[17.403s] Compiling '/home/rm/sp_vision_tutorial_27/install/turtlesim/local/lib/python3.10/dist-packages/turtlesim/srv/_spawn.py'...
[17.403s] Compiling '/home/rm/sp_vision_tutorial_27/install/turtlesim/local/lib/python3.10/dist-packages/turtlesim/srv/_teleport_absolute.py'...
[17.403s] Compiling '/home/rm/sp_vision_tutorial_27/install/turtlesim/local/lib/python3.10/dist-packages/turtlesim/srv/_teleport_relative.py'...
[17.407s] -- Installing: /home/rm/sp_vision_tutorial_27/install/turtlesim/local/lib/python3.10/dist-packages/turtlesim/turtlesim_s__rosidl_typesupport_fastrtps_c.cpython-310-x86_64-linux-gnu.so
[17.407s] -- Set runtime path of "/home/rm/sp_vision_tutorial_27/install/turtlesim/local/lib/python3.10/dist-packages/turtlesim/turtlesim_s__rosidl_typesupport_fastrtps_c.cpython-310-x86_64-linux-gnu.so" to ""
[17.407s] -- Installing: /home/rm/sp_vision_tutorial_27/install/turtlesim/local/lib/python3.10/dist-packages/turtlesim/turtlesim_s__rosidl_typesupport_introspection_c.cpython-310-x86_64-linux-gnu.so
[17.407s] -- Set runtime path of "/home/rm/sp_vision_tutorial_27/install/turtlesim/local/lib/python3.10/dist-packages/turtlesim/turtlesim_s__rosidl_typesupport_introspection_c.cpython-310-x86_64-linux-gnu.so" to ""
[17.407s] -- Installing: /home/rm/sp_vision_tutorial_27/install/turtlesim/local/lib/python3.10/dist-packages/turtlesim/turtlesim_s__rosidl_typesupport_c.cpython-310-x86_64-linux-gnu.so
[17.408s] -- Set runtime path of "/home/rm/sp_vision_tutorial_27/install/turtlesim/local/lib/python3.10/dist-packages/turtlesim/turtlesim_s__rosidl_typesupport_c.cpython-310-x86_64-linux-gnu.so" to ""
[17.408s] -- Installing: /home/rm/sp_vision_tutorial_27/install/turtlesim/lib/libturtlesim__rosidl_generator_py.so
[17.408s] -- Set runtime path of "/home/rm/sp_vision_tutorial_27/install/turtlesim/lib/libturtlesim__rosidl_generator_py.so" to ""
[17.408s] -- Installing: /home/rm/sp_vision_tutorial_27/install/turtlesim/share/turtlesim/rust
[17.408s] -- Installing: /home/rm/sp_vision_tutorial_27/install/turtlesim/share/turtlesim/rust/src
[17.408s] -- Installing: /home/rm/sp_vision_tutorial_27/install/turtlesim/share/turtlesim/rust/src/lib.rs
[17.408s] -- Installing: /home/rm/sp_vision_tutorial_27/install/turtlesim/share/turtlesim/rust/src/srv.rs
[17.408s] -- Installing: /home/rm/sp_vision_tutorial_27/install/turtlesim/share/turtlesim/rust/src/msg
[17.408s] -- Installing: /home/rm/sp_vision_tutorial_27/install/turtlesim/share/turtlesim/rust/src/msg/rmw.rs
[17.408s] -- Installing: /home/rm/sp_vision_tutorial_27/install/turtlesim/share/turtlesim/rust/src/msg.rs
[17.409s] -- Installing: /home/rm/sp_vision_tutorial_27/install/turtlesim/share/turtlesim/rust/src/action.rs
[17.409s] -- Installing: /home/rm/sp_vision_tutorial_27/install/turtlesim/share/turtlesim/rust/src/action
[17.409s] -- Installing: /home/rm/sp_vision_tutorial_27/install/turtlesim/share/turtlesim/rust/src/action/rmw.rs
[17.411s] -- Installing: /home/rm/sp_vision_tutorial_27/install/turtlesim/share/turtlesim/rust/src/srv
[17.411s] -- Installing: /home/rm/sp_vision_tutorial_27/install/turtlesim/share/turtlesim/rust/src/srv/rmw.rs
[17.411s] -- Installing: /home/rm/sp_vision_tutorial_27/install/turtlesim/share/turtlesim/rust/build.rs
[17.411s] -- Installing: /home/rm/sp_vision_tutorial_27/install/turtlesim/share/turtlesim/rust/Cargo.toml
[17.411s] -- Installing: /home/rm/sp_vision_tutorial_27/install/turtlesim/share/turtlesim/action/RotateAbsolute.idl
[17.411s] -- Installing: /home/rm/sp_vision_tutorial_27/install/turtlesim/share/turtlesim/msg/Color.idl
[17.411s] -- Installing: /home/rm/sp_vision_tutorial_27/install/turtlesim/share/turtlesim/msg/Pose.idl
[17.411s] -- Installing: /home/rm/sp_vision_tutorial_27/install/turtlesim/share/turtlesim/srv/Kill.idl
[17.411s] -- Installing: /home/rm/sp_vision_tutorial_27/install/turtlesim/share/turtlesim/srv/SetPen.idl
[17.411s] -- Installing: /home/rm/sp_vision_tutorial_27/install/turtlesim/share/turtlesim/srv/Spawn.idl
[17.411s] -- Installing: /home/rm/sp_vision_tutorial_27/install/turtlesim/share/turtlesim/srv/TeleportAbsolute.idl
[17.412s] -- Installing: /home/rm/sp_vision_tutorial_27/install/turtlesim/share/turtlesim/srv/TeleportRelative.idl
[17.412s] -- Installing: /home/rm/sp_vision_tutorial_27/install/turtlesim/share/turtlesim/action/RotateAbsolute.action
[17.412s] -- Installing: /home/rm/sp_vision_tutorial_27/install/turtlesim/share/turtlesim/msg/Color.msg
[17.412s] -- Installing: /home/rm/sp_vision_tutorial_27/install/turtlesim/share/turtlesim/msg/Pose.msg
[17.412s] -- Installing: /home/rm/sp_vision_tutorial_27/install/turtlesim/share/turtlesim/srv/Kill.srv
[17.412s] -- Installing: /home/rm/sp_vision_tutorial_27/install/turtlesim/share/turtlesim/srv/Kill_Request.msg
[17.412s] -- Installing: /home/rm/sp_vision_tutorial_27/install/turtlesim/share/turtlesim/srv/Kill_Response.msg
[17.412s] -- Installing: /home/rm/sp_vision_tutorial_27/install/turtlesim/share/turtlesim/srv/SetPen.srv
[17.412s] -- Installing: /home/rm/sp_vision_tutorial_27/install/turtlesim/share/turtlesim/srv/SetPen_Request.msg
[17.412s] -- Installing: /home/rm/sp_vision_tutorial_27/install/turtlesim/share/turtlesim/srv/SetPen_Response.msg
[17.412s] -- Installing: /home/rm/sp_vision_tutorial_27/install/turtlesim/share/turtlesim/srv/Spawn.srv
[17.412s] -- Installing: /home/rm/sp_vision_tutorial_27/install/turtlesim/share/turtlesim/srv/Spawn_Request.msg
[17.412s] -- Installing: /home/rm/sp_vision_tutorial_27/install/turtlesim/share/turtlesim/srv/Spawn_Response.msg
[17.412s] -- Installing: /home/rm/sp_vision_tutorial_27/install/turtlesim/share/turtlesim/srv/TeleportAbsolute.srv
[17.412s] -- Installing: /home/rm/sp_vision_tutorial_27/install/turtlesim/share/turtlesim/srv/TeleportAbsolute_Request.msg
[17.412s] -- Installing: /home/rm/sp_vision_tutorial_27/install/turtlesim/share/turtlesim/srv/TeleportAbsolute_Response.msg
[17.412s] -- Installing: /home/rm/sp_vision_tutorial_27/install/turtlesim/share/turtlesim/srv/TeleportRelative.srv
[17.412s] -- Installing: /home/rm/sp_vision_tutorial_27/install/turtlesim/share/turtlesim/srv/TeleportRelative_Request.msg
[17.412s] -- Installing: /home/rm/sp_vision_tutorial_27/install/turtlesim/share/turtlesim/srv/TeleportRelative_Response.msg
[17.412s] -- Installing: /home/rm/sp_vision_tutorial_27/install/turtlesim/lib/turtlesim/turtlesim_node
[17.419s] -- Set runtime path of "/home/rm/sp_vision_tutorial_27/install/turtlesim/lib/turtlesim/turtlesim_node" to ""
[17.419s] -- Installing: /home/rm/sp_vision_tutorial_27/install/turtlesim/lib/turtlesim/turtle_teleop_key
[17.421s] -- Set runtime path of "/home/rm/sp_vision_tutorial_27/install/turtlesim/lib/turtlesim/turtle_teleop_key" to ""
[17.421s] -- Installing: /home/rm/sp_vision_tutorial_27/install/turtlesim/lib/turtlesim/draw_square
[17.425s] -- Set runtime path of "/home/rm/sp_vision_tutorial_27/install/turtlesim/lib/turtlesim/draw_square" to ""
[17.425s] -- Installing: /home/rm/sp_vision_tutorial_27/install/turtlesim/lib/turtlesim/mimic
[17.428s] -- Set runtime path of "/home/rm/sp_vision_tutorial_27/install/turtlesim/lib/turtlesim/mimic" to ""
[17.428s] -- Installing: /home/rm/sp_vision_tutorial_27/install/turtlesim/share/turtlesim/images
[17.428s] -- Installing: /home/rm/sp_vision_tutorial_27/install/turtlesim/share/turtlesim/images/humble.png
[17.428s] -- Installing: /home/rm/sp_vision_tutorial_27/install/turtlesim/share/turtlesim/images/rolling.png
[17.428s] -- Installing: /home/rm/sp_vision_tutorial_27/install/turtlesim/share/turtlesim/images/foxy.png
[17.428s] -- Installing: /home/rm/sp_vision_tutorial_27/install/turtlesim/share/turtlesim/images/eloquent.png
[17.428s] -- Installing: /home/rm/sp_vision_tutorial_27/install/turtlesim/share/turtlesim/images/ardent.png
[17.428s] -- Installing: /home/rm/sp_vision_tutorial_27/install/turtlesim/share/turtlesim/images/dashing.png
[17.428s] -- Installing: /home/rm/sp_vision_tutorial_27/install/turtlesim/share/turtlesim/images/bouncy.png
[17.428s] -- Installing: /home/rm/sp_vision_tutorial_27/install/turtlesim/share/turtlesim/images/galactic.png
[17.428s] -- Installing: /home/rm/sp_vision_tutorial_27/install/turtlesim/share/turtlesim/images/crystal.png
[17.428s] -- Installing: /home/rm/sp_vision_tutorial_27/install/turtlesim/share/turtlesim/launch
[17.428s] -- Installing: /home/rm/sp_vision_tutorial_27/install/turtlesim/share/turtlesim/launch/multisim.launch.py
[17.428s] -- Installing: /home/rm/sp_vision_tutorial_27/install/turtlesim/share/ament_index/resource_index/package_run_dependencies/turtlesim
[17.429s] -- Installing: /home/rm/sp_vision_tutorial_27/install/turtlesim/share/ament_index/resource_index/parent_prefix_path/turtlesim
[17.429s] -- Installing: /home/rm/sp_vision_tutorial_27/install/turtlesim/share/turtlesim/environment/ament_prefix_path.sh
[17.429s] -- Installing: /home/rm/sp_vision_tutorial_27/install/turtlesim/share/turtlesim/environment/ament_prefix_path.dsv
[17.429s] -- Installing: /home/rm/sp_vision_tutorial_27/install/turtlesim/share/turtlesim/environment/path.sh
[17.429s] -- Installing: /home/rm/sp_vision_tutorial_27/install/turtlesim/share/turtlesim/environment/path.dsv
[17.429s] -- Installing: /home/rm/sp_vision_tutorial_27/install/turtlesim/share/turtlesim/local_setup.bash
[17.429s] -- Installing: /home/rm/sp_vision_tutorial_27/install/turtlesim/share/turtlesim/local_setup.sh
[17.429s] -- Installing: /home/rm/sp_vision_tutorial_27/install/turtlesim/share/turtlesim/local_setup.zsh
[17.429s] -- Installing: /home/rm/sp_vision_tutorial_27/install/turtlesim/share/turtlesim/local_setup.dsv
[17.429s] -- Installing: /home/rm/sp_vision_tutorial_27/install/turtlesim/share/turtlesim/package.dsv
[17.429s] -- Installing: /home/rm/sp_vision_tutorial_27/install/turtlesim/share/ament_index/resource_index/packages/turtlesim
[17.429s] -- Installing: /home/rm/sp_vision_tutorial_27/install/turtlesim/share/turtlesim/cmake/export_turtlesim__rosidl_generator_cExport.cmake
[17.430s] -- Installing: /home/rm/sp_vision_tutorial_27/install/turtlesim/share/turtlesim/cmake/export_turtlesim__rosidl_generator_cExport-noconfig.cmake
[17.430s] -- Installing: /home/rm/sp_vision_tutorial_27/install/turtlesim/share/turtlesim/cmake/export_turtlesim__rosidl_typesupport_fastrtps_cExport.cmake
[17.430s] -- Installing: /home/rm/sp_vision_tutorial_27/install/turtlesim/share/turtlesim/cmake/export_turtlesim__rosidl_typesupport_fastrtps_cExport-noconfig.cmake
[17.430s] -- Installing: /home/rm/sp_vision_tutorial_27/install/turtlesim/share/turtlesim/cmake/export_turtlesim__rosidl_generator_cppExport.cmake
[17.430s] -- Installing: /home/rm/sp_vision_tutorial_27/install/turtlesim/share/turtlesim/cmake/export_turtlesim__rosidl_typesupport_fastrtps_cppExport.cmake
[17.430s] -- Installing: /home/rm/sp_vision_tutorial_27/install/turtlesim/share/turtlesim/cmake/export_turtlesim__rosidl_typesupport_fastrtps_cppExport-noconfig.cmake
[17.430s] -- Installing: /home/rm/sp_vision_tutorial_27/install/turtlesim/share/turtlesim/cmake/turtlesim__rosidl_typesupport_introspection_cExport.cmake
[17.430s] -- Installing: /home/rm/sp_vision_tutorial_27/install/turtlesim/share/turtlesim/cmake/turtlesim__rosidl_typesupport_introspection_cExport-noconfig.cmake
[17.430s] -- Installing: /home/rm/sp_vision_tutorial_27/install/turtlesim/share/turtlesim/cmake/turtlesim__rosidl_typesupport_cExport.cmake
[17.430s] -- Installing: /home/rm/sp_vision_tutorial_27/install/turtlesim/share/turtlesim/cmake/turtlesim__rosidl_typesupport_cExport-noconfig.cmake
[17.430s] -- Installing: /home/rm/sp_vision_tutorial_27/install/turtlesim/share/turtlesim/cmake/turtlesim__rosidl_typesupport_introspection_cppExport.cmake
[17.430s] -- Installing: /home/rm/sp_vision_tutorial_27/install/turtlesim/share/turtlesim/cmake/turtlesim__rosidl_typesupport_introspection_cppExport-noconfig.cmake
[17.430s] -- Installing: /home/rm/sp_vision_tutorial_27/install/turtlesim/share/turtlesim/cmake/turtlesim__rosidl_typesupport_cppExport.cmake
[17.430s] -- Installing: /home/rm/sp_vision_tutorial_27/install/turtlesim/share/turtlesim/cmake/turtlesim__rosidl_typesupport_cppExport-noconfig.cmake
[17.430s] -- Installing: /home/rm/sp_vision_tutorial_27/install/turtlesim/share/turtlesim/cmake/export_turtlesim__rosidl_generator_pyExport.cmake
[17.430s] -- Installing: /home/rm/sp_vision_tutorial_27/install/turtlesim/share/turtlesim/cmake/export_turtlesim__rosidl_generator_pyExport-noconfig.cmake
[17.430s] -- Installing: /home/rm/sp_vision_tutorial_27/install/turtlesim/share/turtlesim/cmake/rosidl_cmake-extras.cmake
[17.430s] -- Installing: /home/rm/sp_vision_tutorial_27/install/turtlesim/share/turtlesim/cmake/ament_cmake_export_dependencies-extras.cmake
[17.430s] -- Installing: /home/rm/sp_vision_tutorial_27/install/turtlesim/share/turtlesim/cmake/ament_cmake_export_include_directories-extras.cmake
[17.431s] -- Installing: /home/rm/sp_vision_tutorial_27/install/turtlesim/share/turtlesim/cmake/ament_cmake_export_libraries-extras.cmake
[17.431s] -- Installing: /home/rm/sp_vision_tutorial_27/install/turtlesim/share/turtlesim/cmake/ament_cmake_export_targets-extras.cmake
[17.431s] -- Installing: /home/rm/sp_vision_tutorial_27/install/turtlesim/share/turtlesim/cmake/rosidl_cmake_export_typesupport_targets-extras.cmake
[17.431s] -- Installing: /home/rm/sp_vision_tutorial_27/install/turtlesim/share/turtlesim/cmake/rosidl_cmake_export_typesupport_libraries-extras.cmake
[17.431s] -- Installing: /home/rm/sp_vision_tutorial_27/install/turtlesim/share/turtlesim/cmake/rosidl_cmake_aggregate_target-extras.cmake
[17.431s] -- Installing: /home/rm/sp_vision_tutorial_27/install/turtlesim/share/turtlesim/cmake/turtlesimConfig.cmake
[17.431s] -- Installing: /home/rm/sp_vision_tutorial_27/install/turtlesim/share/turtlesim/cmake/turtlesimConfig-version.cmake
[17.431s] -- Installing: /home/rm/sp_vision_tutorial_27/install/turtlesim/share/turtlesim/package.xml
[17.433s] Invoked command in '/home/rm/sp_vision_tutorial_27/build/turtlesim' returned '0': CMAKE_PREFIX_PATH=/opt/ros/humble /usr/bin/cmake --install /home/rm/sp_vision_tutorial_27/build/turtlesim
