[0.021s] Invoking command in '/home/rm/sp_vision_tutorial_27/lecture4/src/build/launch_learning': AMENT_PREFIX_PATH=/home/rm/sp_vision_tutorial_27/lecture4/src/install/topic_learning_sub:/home/rm/sp_vision_tutorial_27/lecture4/src/install/topic_learning_pub:${AMENT_PREFIX_PATH} CMAKE_PREFIX_PATH=/home/rm/sp_vision_tutorial_27/lecture4/src/install/topic_learning_pub:/opt/ros/humble PYTHONPATH=/home/rm/sp_vision_tutorial_27/lecture4/src/install/topic_learning_sub/lib/python3.10/site-packages:${PYTHONPATH} /usr/bin/cmake /home/rm/sp_vision_tutorial_27/lecture4/src/ep3/launch_learning -DCMAKE_INSTALL_PREFIX=/home/rm/sp_vision_tutorial_27/lecture4/src/install/launch_learning
[0.107s] -- The C compiler identification is GNU 11.4.0
[0.201s] -- The CXX compiler identification is GNU 11.4.0
[0.212s] -- Detecting C compiler ABI info
[0.300s] -- Detecting C compiler ABI info - done
[0.302s] -- Check for working C compiler: /usr/bin/cc - skipped
[0.302s] -- Detecting C compile features
[0.302s] -- Detecting C compile features - done
[0.304s] -- Detecting CXX compiler ABI info
[0.436s] -- Detecting CXX compiler ABI info - done
[0.441s] -- Check for working CXX compiler: /usr/bin/c++ - skipped
[0.441s] -- Detecting CXX compile features
[0.444s] -- Detecting CXX compile features - done
[0.450s] -- Found ament_cmake: 1.3.14 (/opt/ros/humble/share/ament_cmake/cmake)
[0.621s] -- Found Python3: /usr/bin/python3 (found version "3.10.12") found components: Interpreter 
[0.829s] -- Configuring done
[0.838s] -- Generating done
[0.838s] -- Build files have been written to: /home/rm/sp_vision_tutorial_27/lecture4/src/build/launch_learning
[0.841s] Invoked command in '/home/rm/sp_vision_tutorial_27/lecture4/src/build/launch_learning' returned '0': AMENT_PREFIX_PATH=/home/rm/sp_vision_tutorial_27/lecture4/src/install/topic_learning_sub:/home/rm/sp_vision_tutorial_27/lecture4/src/install/topic_learning_pub:${AMENT_PREFIX_PATH} CMAKE_PREFIX_PATH=/home/rm/sp_vision_tutorial_27/lecture4/src/install/topic_learning_pub:/opt/ros/humble PYTHONPATH=/home/rm/sp_vision_tutorial_27/lecture4/src/install/topic_learning_sub/lib/python3.10/site-packages:${PYTHONPATH} /usr/bin/cmake /home/rm/sp_vision_tutorial_27/lecture4/src/ep3/launch_learning -DCMAKE_INSTALL_PREFIX=/home/rm/sp_vision_tutorial_27/lecture4/src/install/launch_learning
[0.841s] Invoking command in '/home/rm/sp_vision_tutorial_27/lecture4/src/build/launch_learning': AMENT_PREFIX_PATH=/home/rm/sp_vision_tutorial_27/lecture4/src/install/topic_learning_sub:/home/rm/sp_vision_tutorial_27/lecture4/src/install/topic_learning_pub:${AMENT_PREFIX_PATH} CMAKE_PREFIX_PATH=/home/rm/sp_vision_tutorial_27/lecture4/src/install/topic_learning_pub:/opt/ros/humble PYTHONPATH=/home/rm/sp_vision_tutorial_27/lecture4/src/install/topic_learning_sub/lib/python3.10/site-packages:${PYTHONPATH} /usr/bin/cmake --build /home/rm/sp_vision_tutorial_27/lecture4/src/build/launch_learning -- -j8 -l8
[0.939s] Invoked command in '/home/rm/sp_vision_tutorial_27/lecture4/src/build/launch_learning' returned '0': AMENT_PREFIX_PATH=/home/rm/sp_vision_tutorial_27/lecture4/src/install/topic_learning_sub:/home/rm/sp_vision_tutorial_27/lecture4/src/install/topic_learning_pub:${AMENT_PREFIX_PATH} CMAKE_PREFIX_PATH=/home/rm/sp_vision_tutorial_27/lecture4/src/install/topic_learning_pub:/opt/ros/humble PYTHONPATH=/home/rm/sp_vision_tutorial_27/lecture4/src/install/topic_learning_sub/lib/python3.10/site-packages:${PYTHONPATH} /usr/bin/cmake --build /home/rm/sp_vision_tutorial_27/lecture4/src/build/launch_learning -- -j8 -l8
[0.939s] Invoking command in '/home/rm/sp_vision_tutorial_27/lecture4/src/build/launch_learning': AMENT_PREFIX_PATH=/home/rm/sp_vision_tutorial_27/lecture4/src/install/topic_learning_sub:/home/rm/sp_vision_tutorial_27/lecture4/src/install/topic_learning_pub:${AMENT_PREFIX_PATH} CMAKE_PREFIX_PATH=/home/rm/sp_vision_tutorial_27/lecture4/src/install/topic_learning_pub:/opt/ros/humble PYTHONPATH=/home/rm/sp_vision_tutorial_27/lecture4/src/install/topic_learning_sub/lib/python3.10/site-packages:${PYTHONPATH} /usr/bin/cmake --install /home/rm/sp_vision_tutorial_27/lecture4/src/build/launch_learning
[0.956s] -- Install configuration: ""
[0.956s] -- Installing: /home/rm/sp_vision_tutorial_27/lecture4/src/install/launch_learning/share/launch_learning/launch
[0.956s] -- Installing: /home/rm/sp_vision_tutorial_27/lecture4/src/install/launch_learning/share/launch_learning/launch/basic.launch.py
[0.956s] -- Installing: /home/rm/sp_vision_tutorial_27/lecture4/src/install/launch_learning/share/ament_index/resource_index/package_run_dependencies/launch_learning
[0.956s] -- Installing: /home/rm/sp_vision_tutorial_27/lecture4/src/install/launch_learning/share/ament_index/resource_index/parent_prefix_path/launch_learning
[0.956s] -- Installing: /home/rm/sp_vision_tutorial_27/lecture4/src/install/launch_learning/share/launch_learning/environment/ament_prefix_path.sh
[0.956s] -- Installing: /home/rm/sp_vision_tutorial_27/lecture4/src/install/launch_learning/share/launch_learning/environment/ament_prefix_path.dsv
[0.960s] -- Installing: /home/rm/sp_vision_tutorial_27/lecture4/src/install/launch_learning/share/launch_learning/environment/path.sh
[0.960s] -- Installing: /home/rm/sp_vision_tutorial_27/lecture4/src/install/launch_learning/share/launch_learning/environment/path.dsv
[0.960s] -- Installing: /home/rm/sp_vision_tutorial_27/lecture4/src/install/launch_learning/share/launch_learning/local_setup.bash
[0.960s] -- Installing: /home/rm/sp_vision_tutorial_27/lecture4/src/install/launch_learning/share/launch_learning/local_setup.sh
[0.960s] -- Installing: /home/rm/sp_vision_tutorial_27/lecture4/src/install/launch_learning/share/launch_learning/local_setup.zsh
[0.960s] -- Installing: /home/rm/sp_vision_tutorial_27/lecture4/src/install/launch_learning/share/launch_learning/local_setup.dsv
[0.960s] -- Installing: /home/rm/sp_vision_tutorial_27/lecture4/src/install/launch_learning/share/launch_learning/package.dsv
[0.960s] -- Installing: /home/rm/sp_vision_tutorial_27/lecture4/src/install/launch_learning/share/ament_index/resource_index/packages/launch_learning
[0.960s] -- Installing: /home/rm/sp_vision_tutorial_27/lecture4/src/install/launch_learning/share/launch_learning/cmake/launch_learningConfig.cmake
[0.960s] -- Installing: /home/rm/sp_vision_tutorial_27/lecture4/src/install/launch_learning/share/launch_learning/cmake/launch_learningConfig-version.cmake
[0.961s] -- Installing: /home/rm/sp_vision_tutorial_27/lecture4/src/install/launch_learning/share/launch_learning/package.xml
[0.962s] Invoked command in '/home/rm/sp_vision_tutorial_27/lecture4/src/build/launch_learning' returned '0': AMENT_PREFIX_PATH=/home/rm/sp_vision_tutorial_27/lecture4/src/install/topic_learning_sub:/home/rm/sp_vision_tutorial_27/lecture4/src/install/topic_learning_pub:${AMENT_PREFIX_PATH} CMAKE_PREFIX_PATH=/home/rm/sp_vision_tutorial_27/lecture4/src/install/topic_learning_pub:/opt/ros/humble PYTHONPATH=/home/rm/sp_vision_tutorial_27/lecture4/src/install/topic_learning_sub/lib/python3.10/site-packages:${PYTHONPATH} /usr/bin/cmake --install /home/rm/sp_vision_tutorial_27/lecture4/src/build/launch_learning
