[0.290s] Invoking command in '/home/rm/sp_vision_tutorial_27/lecture4/src/build/turtlesim': CMAKE_PREFIX_PATH=/opt/ros/humble /usr/bin/cmake /home/rm/sp_vision_tutorial_27/lecture4/src/ep2/ros_tutorials/turtlesim -DCMAKE_INSTALL_PREFIX=/home/rm/sp_vision_tutorial_27/lecture4/src/install/turtlesim
[0.352s] -- The C compiler identification is GNU 11.4.0
[0.397s] -- The CXX compiler identification is GNU 11.4.0
[0.405s] -- Detecting C compiler ABI info
[0.475s] -- Detecting C compiler ABI info - done
[0.477s] -- Check for working C compiler: /usr/bin/cc - skipped
[0.477s] -- Detecting C compile features
[0.478s] -- Detecting C compile features - done
[0.479s] -- Detecting CXX compiler ABI info
[0.560s] -- Detecting CXX compiler ABI info - done
[0.563s] -- Check for working CXX compiler: /usr/bin/c++ - skipped
[0.563s] -- Detecting CXX compile features
[0.563s] -- Detecting CXX compile features - done
[0.564s] -- Found ament_cmake: 1.3.14 (/opt/ros/humble/share/ament_cmake/cmake)
[0.668s] -- Found Python3: /usr/bin/python3 (found version "3.10.12") found components: Interpreter 
[0.749s] -- Found ament_index_cpp: 1.4.1 (/opt/ros/humble/share/ament_index_cpp/cmake)
[0.752s] -- Found geometry_msgs: 4.9.2 (/opt/ros/humble/share/geometry_msgs/cmake)
[0.773s] -- Found rosidl_generator_c: 3.1.9 (/opt/ros/humble/share/rosidl_generator_c/cmake)
[0.775s] -- Found rosidl_adapter: 3.1.9 (/opt/ros/humble/share/rosidl_adapter/cmake)
[0.780s] -- Found rosidl_generator_cpp: 3.1.9 (/opt/ros/humble/share/rosidl_generator_cpp/cmake)
[0.785s] -- Using all available rosidl_typesupport_c: rosidl_typesupport_fastrtps_c;rosidl_typesupport_introspection_c
[0.794s] -- Using all available rosidl_typesupport_cpp: rosidl_typesupport_fastrtps_cpp;rosidl_typesupport_introspection_cpp
[0.867s] -- Found rclcpp: 16.0.21 (/opt/ros/humble/share/rclcpp/cmake)
[0.884s] -- Found rmw_implementation_cmake: 6.1.4 (/opt/ros/humble/share/rmw_implementation_cmake/cmake)
[0.886s] -- Found rmw_fastrtps_cpp: 6.2.10 (/opt/ros/humble/share/rmw_fastrtps_cpp/cmake)
[0.945s] -- Found OpenSSL: /usr/lib/x86_64-linux-gnu/libcrypto.so (found version "3.0.2")  
[0.960s] -- Found FastRTPS: /opt/ros/humble/include  
[0.985s] -- Using RMW implementation 'rmw_fastrtps_cpp' as default
[0.989s] -- Looking for pthread.h
[1.049s] -- Looking for pthread.h - found
[1.049s] -- Performing Test CMAKE_HAVE_LIBC_PTHREAD
[1.113s] -- Performing Test CMAKE_HAVE_LIBC_PTHREAD - Success
[1.113s] -- Found Threads: TRUE  
[1.135s] -- Found rclcpp_action: 16.0.21 (/opt/ros/humble/share/rclcpp_action/cmake)
[1.156s] -- Found rosidl_default_generators: 1.2.1 (/opt/ros/humble/share/rosidl_default_generators/cmake)
[1.177s] -- Found std_srvs: 4.9.2 (/opt/ros/humble/share/std_srvs/cmake)
[1.383s] -- Found ament_cmake_ros: 0.10.1 (/opt/ros/humble/share/ament_cmake_ros/cmake)
[1.619s] -- Using all available rosidl_typesupport_c: rosidl_typesupport_fastrtps_c;rosidl_typesupport_introspection_c
[1.703s] -- Using all available rosidl_typesupport_cpp: rosidl_typesupport_fastrtps_cpp;rosidl_typesupport_introspection_cpp
[1.723s] -- Found PythonInterp: /usr/bin/python3 (found suitable version "3.10.12", minimum required is "3.6") 
[1.725s] -- Found python_cmake_module: 0.10.0 (/opt/ros/humble/share/python_cmake_module/cmake)
[1.750s] -- Found PythonLibs: /usr/lib/x86_64-linux-gnu/libpython3.10.so (found suitable version "3.10.12", minimum required is "3.5") 
[1.750s] -- Using PYTHON_EXECUTABLE: /usr/bin/python3
[1.750s] -- Using PYTHON_INCLUDE_DIRS: /usr/include/python3.10
[1.750s] -- Using PYTHON_LIBRARIES: /usr/lib/x86_64-linux-gnu/libpython3.10.so
[1.776s] -- Found PythonExtra: .so  
[1.872s] -- Configuring done
[1.913s] -- Generating done
[1.928s] -- Build files have been written to: /home/rm/sp_vision_tutorial_27/lecture4/src/build/turtlesim
[1.940s] Invoked command in '/home/rm/sp_vision_tutorial_27/lecture4/src/build/turtlesim' returned '0': CMAKE_PREFIX_PATH=/opt/ros/humble /usr/bin/cmake /home/rm/sp_vision_tutorial_27/lecture4/src/ep2/ros_tutorials/turtlesim -DCMAKE_INSTALL_PREFIX=/home/rm/sp_vision_tutorial_27/lecture4/src/install/turtlesim
[1.942s] Invoking command in '/home/rm/sp_vision_tutorial_27/lecture4/src/build/turtlesim': CMAKE_PREFIX_PATH=/opt/ros/humble /usr/bin/cmake --build /home/rm/sp_vision_tutorial_27/lecture4/src/build/turtlesim -- -j8 -l8
[2.001s] [  1%] [34m[1mGenerating Rust code for ROS interfaces[0m
[2.001s] [  2%] [34m[1mGenerating C code for ROS interfaces[0m
[2.027s] [  3%] [34m[1mGenerating C++ code for ROS interfaces[0m
[2.035s] [  3%] Built target ament_cmake_python_copy_turtlesim
[2.333s] running egg_info
[2.333s] creating turtlesim.egg-info
[2.334s] writing turtlesim.egg-info/PKG-INFO
[2.334s] writing dependency_links to turtlesim.egg-info/dependency_links.txt
[2.334s] writing top-level names to turtlesim.egg-info/top_level.txt
[2.335s] writing manifest file 'turtlesim.egg-info/SOURCES.txt'
[2.336s] reading manifest file 'turtlesim.egg-info/SOURCES.txt'
[2.336s] writing manifest file 'turtlesim.egg-info/SOURCES.txt'
[2.362s] [  3%] Built target ament_cmake_python_build_turtlesim_egg
[2.383s] [  3%] Built target turtlesim__rs
[2.722s] [  4%] [32mBuilding C object CMakeFiles/turtlesim__rosidl_generator_c.dir/rosidl_generator_c/turtlesim/action/detail/rotate_absolute__functions.c.o[0m
[2.725s] [  5%] [32mBuilding C object CMakeFiles/turtlesim__rosidl_generator_c.dir/rosidl_generator_c/turtlesim/msg/detail/color__functions.c.o[0m
[2.745s] [  6%] [32mBuilding C object CMakeFiles/turtlesim__rosidl_generator_c.dir/rosidl_generator_c/turtlesim/srv/detail/kill__functions.c.o[0m
[2.748s] [  7%] [32mBuilding C object CMakeFiles/turtlesim__rosidl_generator_c.dir/rosidl_generator_c/turtlesim/msg/detail/pose__functions.c.o[0m
[2.771s] [  8%] [32mBuilding C object CMakeFiles/turtlesim__rosidl_generator_c.dir/rosidl_generator_c/turtlesim/srv/detail/set_pen__functions.c.o[0m
[2.799s] [  9%] [32mBuilding C object CMakeFiles/turtlesim__rosidl_generator_c.dir/rosidl_generator_c/turtlesim/srv/detail/spawn__functions.c.o[0m
[2.851s] [ 10%] [32mBuilding C object CMakeFiles/turtlesim__rosidl_generator_c.dir/rosidl_generator_c/turtlesim/srv/detail/teleport_absolute__functions.c.o[0m
[2.893s] [ 11%] [32mBuilding C object CMakeFiles/turtlesim__rosidl_generator_c.dir/rosidl_generator_c/turtlesim/srv/detail/teleport_relative__functions.c.o[0m
[2.928s] [ 11%] Built target turtlesim__cpp
[2.939s] [ 12%] [34m[1mGenerating C++ type support for eProsima Fast-RTPS[0m
[2.944s] [ 13%] [34m[1mGenerating C++ introspection for ROS interfaces[0m
[2.946s] [ 14%] [34m[1mGenerating C++ type support dispatch for ROS interfaces[0m
[3.022s] [ 15%] [32m[1mLinking C shared library libturtlesim__rosidl_generator_c.so[0m
[3.177s] [ 15%] Built target turtlesim__rosidl_generator_c
[3.216s] [ 17%] [34m[1mGenerating C introspection for ROS interfaces[0m
[3.216s] [ 17%] [34m[1mGenerating C type support for eProsima Fast-RTPS[0m
[3.217s] [ 18%] [34m[1mGenerating C type support dispatch for ROS interfaces[0m
[3.380s] [ 19%] [32mBuilding CXX object CMakeFiles/turtlesim__rosidl_typesupport_cpp.dir/rosidl_typesupport_cpp/turtlesim/action/rotate_absolute__type_support.cpp.o[0m
[3.386s] [ 20%] [32mBuilding CXX object CMakeFiles/turtlesim__rosidl_typesupport_cpp.dir/rosidl_typesupport_cpp/turtlesim/msg/color__type_support.cpp.o[0m
[3.405s] [ 21%] [32mBuilding CXX object CMakeFiles/turtlesim__rosidl_typesupport_cpp.dir/rosidl_typesupport_cpp/turtlesim/msg/pose__type_support.cpp.o[0m
[3.653s] [ 22%] [32mBuilding CXX object CMakeFiles/turtlesim__rosidl_typesupport_introspection_cpp.dir/rosidl_typesupport_introspection_cpp/turtlesim/action/detail/rotate_absolute__type_support.cpp.o[0m
[3.850s] [ 23%] [32mBuilding CXX object CMakeFiles/turtlesim__rosidl_typesupport_fastrtps_cpp.dir/rosidl_typesupport_fastrtps_cpp/turtlesim/action/detail/dds_fastrtps/rotate_absolute__type_support.cpp.o[0m
[3.899s] [ 24%] [32mBuilding CXX object CMakeFiles/turtlesim__rosidl_typesupport_cpp.dir/rosidl_typesupport_cpp/turtlesim/srv/kill__type_support.cpp.o[0m
[4.071s] [ 25%] [32mBuilding CXX object CMakeFiles/turtlesim__rosidl_typesupport_c.dir/rosidl_typesupport_c/turtlesim/action/rotate_absolute__type_support.cpp.o[0m
[4.148s] [ 26%] [32mBuilding CXX object CMakeFiles/turtlesim__rosidl_typesupport_fastrtps_cpp.dir/rosidl_typesupport_fastrtps_cpp/turtlesim/msg/detail/dds_fastrtps/color__type_support.cpp.o[0m
[4.182s] [ 27%] [32mBuilding CXX object CMakeFiles/turtlesim__rosidl_typesupport_c.dir/rosidl_typesupport_c/turtlesim/msg/color__type_support.cpp.o[0m
[4.253s] [ 28%] [32mBuilding CXX object CMakeFiles/turtlesim__rosidl_typesupport_cpp.dir/rosidl_typesupport_cpp/turtlesim/srv/set_pen__type_support.cpp.o[0m
[4.253s] [ 29%] [32mBuilding CXX object CMakeFiles/turtlesim__rosidl_typesupport_c.dir/rosidl_typesupport_c/turtlesim/msg/pose__type_support.cpp.o[0m
[4.258s] [ 30%] [32mBuilding C object CMakeFiles/turtlesim__rosidl_typesupport_introspection_c.dir/rosidl_typesupport_introspection_c/turtlesim/action/detail/rotate_absolute__type_support.c.o[0m
[4.307s] [ 31%] [32mBuilding CXX object CMakeFiles/turtlesim__rosidl_typesupport_fastrtps_c.dir/rosidl_typesupport_fastrtps_c/turtlesim/action/detail/rotate_absolute__type_support_c.cpp.o[0m
[4.313s] [ 32%] [32mBuilding CXX object CMakeFiles/turtlesim__rosidl_typesupport_c.dir/rosidl_typesupport_c/turtlesim/srv/kill__type_support.cpp.o[0m
[4.377s] [ 33%] [32mBuilding CXX object CMakeFiles/turtlesim__rosidl_typesupport_c.dir/rosidl_typesupport_c/turtlesim/srv/set_pen__type_support.cpp.o[0m
[4.390s] [ 34%] [32mBuilding C object CMakeFiles/turtlesim__rosidl_typesupport_introspection_c.dir/rosidl_typesupport_introspection_c/turtlesim/msg/detail/color__type_support.c.o[0m
[4.407s] [ 35%] [32mBuilding CXX object CMakeFiles/turtlesim__rosidl_typesupport_cpp.dir/rosidl_typesupport_cpp/turtlesim/srv/spawn__type_support.cpp.o[0m
[4.429s] [ 36%] [32mBuilding CXX object CMakeFiles/turtlesim__rosidl_typesupport_c.dir/rosidl_typesupport_c/turtlesim/srv/spawn__type_support.cpp.o[0m
[4.435s] [ 37%] [32mBuilding C object CMakeFiles/turtlesim__rosidl_typesupport_introspection_c.dir/rosidl_typesupport_introspection_c/turtlesim/msg/detail/pose__type_support.c.o[0m
[4.469s] [ 38%] [32mBuilding C object CMakeFiles/turtlesim__rosidl_typesupport_introspection_c.dir/rosidl_typesupport_introspection_c/turtlesim/srv/detail/kill__type_support.c.o[0m
[4.507s] [ 39%] [32mBuilding CXX object CMakeFiles/turtlesim__rosidl_typesupport_c.dir/rosidl_typesupport_c/turtlesim/srv/teleport_absolute__type_support.cpp.o[0m
[4.511s] [ 40%] [32mBuilding C object CMakeFiles/turtlesim__rosidl_typesupport_introspection_c.dir/rosidl_typesupport_introspection_c/turtlesim/srv/detail/set_pen__type_support.c.o[0m
[4.600s] [ 41%] [32mBuilding C object CMakeFiles/turtlesim__rosidl_typesupport_introspection_c.dir/rosidl_typesupport_introspection_c/turtlesim/srv/detail/spawn__type_support.c.o[0m
[4.606s] [ 42%] [32mBuilding CXX object CMakeFiles/turtlesim__rosidl_typesupport_c.dir/rosidl_typesupport_c/turtlesim/srv/teleport_relative__type_support.cpp.o[0m
[4.649s] [ 43%] [32m[1mLinking CXX shared library libturtlesim__rosidl_typesupport_c.so[0m
[4.650s] [ 44%] [32mBuilding CXX object CMakeFiles/turtlesim__rosidl_typesupport_fastrtps_cpp.dir/rosidl_typesupport_fastrtps_cpp/turtlesim/msg/detail/dds_fastrtps/pose__type_support.cpp.o[0m
[4.673s] [ 45%] [32mBuilding C object CMakeFiles/turtlesim__rosidl_typesupport_introspection_c.dir/rosidl_typesupport_introspection_c/turtlesim/srv/detail/teleport_absolute__type_support.c.o[0m
[4.686s] [ 46%] [32mBuilding CXX object CMakeFiles/turtlesim__rosidl_typesupport_introspection_cpp.dir/rosidl_typesupport_introspection_cpp/turtlesim/msg/detail/color__type_support.cpp.o[0m
[4.705s] [ 47%] [32mBuilding CXX object CMakeFiles/turtlesim__rosidl_typesupport_introspection_cpp.dir/rosidl_typesupport_introspection_cpp/turtlesim/msg/detail/pose__type_support.cpp.o[0m
[4.717s] [ 48%] [32mBuilding CXX object CMakeFiles/turtlesim__rosidl_typesupport_cpp.dir/rosidl_typesupport_cpp/turtlesim/srv/teleport_absolute__type_support.cpp.o[0m
[4.730s] [ 49%] [32mBuilding CXX object CMakeFiles/turtlesim__rosidl_typesupport_fastrtps_cpp.dir/rosidl_typesupport_fastrtps_cpp/turtlesim/srv/detail/dds_fastrtps/kill__type_support.cpp.o[0m
[4.737s] [ 50%] [32mBuilding C object CMakeFiles/turtlesim__rosidl_typesupport_introspection_c.dir/rosidl_typesupport_introspection_c/turtlesim/srv/detail/teleport_relative__type_support.c.o[0m
[4.740s] [ 50%] Built target turtlesim__rosidl_typesupport_c
[4.749s] [ 51%] [32mBuilding CXX object CMakeFiles/turtlesim__rosidl_typesupport_fastrtps_c.dir/rosidl_typesupport_fastrtps_c/turtlesim/msg/detail/color__type_support_c.cpp.o[0m
[4.757s] [ 52%] [32mBuilding CXX object CMakeFiles/turtlesim__rosidl_typesupport_introspection_cpp.dir/rosidl_typesupport_introspection_cpp/turtlesim/srv/detail/kill__type_support.cpp.o[0m
[4.819s] [ 53%] [32m[1mLinking C shared library libturtlesim__rosidl_typesupport_introspection_c.so[0m
[4.950s] [ 53%] Built target turtlesim__rosidl_typesupport_introspection_c
[4.957s] [ 54%] [32mBuilding CXX object CMakeFiles/turtlesim__rosidl_typesupport_cpp.dir/rosidl_typesupport_cpp/turtlesim/srv/teleport_relative__type_support.cpp.o[0m
[4.964s] [ 55%] [32mBuilding CXX object CMakeFiles/turtlesim__rosidl_typesupport_fastrtps_c.dir/rosidl_typesupport_fastrtps_c/turtlesim/msg/detail/pose__type_support_c.cpp.o[0m
[4.971s] [ 56%] [32mBuilding CXX object CMakeFiles/turtlesim__rosidl_typesupport_fastrtps_cpp.dir/rosidl_typesupport_fastrtps_cpp/turtlesim/srv/detail/dds_fastrtps/set_pen__type_support.cpp.o[0m
[5.052s] [ 57%] [32mBuilding CXX object CMakeFiles/turtlesim__rosidl_typesupport_fastrtps_c.dir/rosidl_typesupport_fastrtps_c/turtlesim/srv/detail/kill__type_support_c.cpp.o[0m
[5.101s] [ 58%] [32mBuilding CXX object CMakeFiles/turtlesim__rosidl_typesupport_fastrtps_cpp.dir/rosidl_typesupport_fastrtps_cpp/turtlesim/srv/detail/dds_fastrtps/spawn__type_support.cpp.o[0m
[5.164s] [ 59%] [32mBuilding CXX object CMakeFiles/turtlesim__rosidl_typesupport_introspection_cpp.dir/rosidl_typesupport_introspection_cpp/turtlesim/srv/detail/set_pen__type_support.cpp.o[0m
[5.188s] [ 60%] [32mBuilding CXX object CMakeFiles/turtlesim__rosidl_typesupport_fastrtps_c.dir/rosidl_typesupport_fastrtps_c/turtlesim/srv/detail/set_pen__type_support_c.cpp.o[0m
[5.347s] [ 61%] [32mBuilding CXX object CMakeFiles/turtlesim__rosidl_typesupport_fastrtps_cpp.dir/rosidl_typesupport_fastrtps_cpp/turtlesim/srv/detail/dds_fastrtps/teleport_absolute__type_support.cpp.o[0m
[5.361s] [ 62%] [32m[1mLinking CXX shared library libturtlesim__rosidl_typesupport_cpp.so[0m
[5.372s] [ 63%] [32mBuilding CXX object CMakeFiles/turtlesim__rosidl_typesupport_fastrtps_cpp.dir/rosidl_typesupport_fastrtps_cpp/turtlesim/srv/detail/dds_fastrtps/teleport_relative__type_support.cpp.o[0m
[5.373s] [ 64%] [32mBuilding CXX object CMakeFiles/turtlesim__rosidl_typesupport_introspection_cpp.dir/rosidl_typesupport_introspection_cpp/turtlesim/srv/detail/spawn__type_support.cpp.o[0m
[5.447s] [ 64%] Built target turtlesim__rosidl_typesupport_cpp
[5.490s] [ 65%] [34m[1mGenerating include/turtlesim/moc_turtle_frame.cpp[0m
[5.572s] [ 66%] [32mBuilding CXX object CMakeFiles/turtle_teleop_key.dir/tutorials/teleop_turtle_key.cpp.o[0m
[5.608s] [ 67%] [32mBuilding CXX object CMakeFiles/turtlesim__rosidl_typesupport_fastrtps_c.dir/rosidl_typesupport_fastrtps_c/turtlesim/srv/detail/spawn__type_support_c.cpp.o[0m
[5.690s] [ 68%] [32mBuilding CXX object CMakeFiles/turtlesim_node.dir/src/turtlesim.cpp.o[0m
[5.694s] [ 69%] [32mBuilding CXX object CMakeFiles/turtlesim__rosidl_typesupport_fastrtps_c.dir/rosidl_typesupport_fastrtps_c/turtlesim/srv/detail/teleport_absolute__type_support_c.cpp.o[0m
[5.712s] [ 70%] [32mBuilding CXX object CMakeFiles/turtlesim__rosidl_typesupport_fastrtps_c.dir/rosidl_typesupport_fastrtps_c/turtlesim/srv/detail/teleport_relative__type_support_c.cpp.o[0m
[5.753s] [ 71%] [32mBuilding CXX object CMakeFiles/draw_square.dir/tutorials/draw_square.cpp.o[0m
[5.864s] [ 72%] [32mBuilding CXX object CMakeFiles/turtlesim__rosidl_typesupport_introspection_cpp.dir/rosidl_typesupport_introspection_cpp/turtlesim/srv/detail/teleport_absolute__type_support.cpp.o[0m
[5.897s] [ 73%] [32mBuilding CXX object CMakeFiles/turtlesim_node.dir/src/turtle.cpp.o[0m
[6.008s] [ 74%] [32m[1mLinking CXX shared library libturtlesim__rosidl_typesupport_fastrtps_cpp.so[0m
[6.147s] [ 74%] Built target turtlesim__rosidl_typesupport_fastrtps_cpp
[6.165s] [ 75%] [32mBuilding CXX object CMakeFiles/mimic.dir/tutorials/mimic.cpp.o[0m
[6.168s] [ 76%] [32mBuilding CXX object CMakeFiles/turtlesim__rosidl_typesupport_introspection_cpp.dir/rosidl_typesupport_introspection_cpp/turtlesim/srv/detail/teleport_relative__type_support.cpp.o[0m
[6.198s] [ 77%] [32m[1mLinking CXX shared library libturtlesim__rosidl_typesupport_fastrtps_c.so[0m
[6.251s] [ 78%] [32mBuilding CXX object CMakeFiles/turtlesim_node.dir/src/turtle_frame.cpp.o[0m
[6.327s] [ 78%] Built target turtlesim__rosidl_typesupport_fastrtps_c
[6.347s] [ 79%] [32mBuilding CXX object CMakeFiles/turtlesim_node.dir/include/turtlesim/moc_turtle_frame.cpp.o[0m
[6.513s] [ 80%] [32m[1mLinking CXX shared library libturtlesim__rosidl_typesupport_introspection_cpp.so[0m
[6.587s] [ 80%] Built target turtlesim__rosidl_typesupport_introspection_cpp
[6.611s] [ 80%] Built target turtlesim
[6.633s] [ 81%] [34m[1mGenerating Python code for ROS interfaces[0m
[7.665s] [ 81%] Built target turtlesim__py
[7.702s] [ 82%] [32mBuilding C object CMakeFiles/turtlesim__rosidl_generator_py.dir/rosidl_generator_py/turtlesim/action/_rotate_absolute_s.c.o[0m
[7.954s] [ 83%] [32mBuilding C object CMakeFiles/turtlesim__rosidl_generator_py.dir/rosidl_generator_py/turtlesim/msg/_color_s.c.o[0m
[8.117s] [ 84%] [32mBuilding C object CMakeFiles/turtlesim__rosidl_generator_py.dir/rosidl_generator_py/turtlesim/msg/_pose_s.c.o[0m
[8.226s] [ 85%] [32mBuilding C object CMakeFiles/turtlesim__rosidl_generator_py.dir/rosidl_generator_py/turtlesim/srv/_kill_s.c.o[0m
[8.416s] [ 86%] [32mBuilding C object CMakeFiles/turtlesim__rosidl_generator_py.dir/rosidl_generator_py/turtlesim/srv/_set_pen_s.c.o[0m
[8.612s] [ 87%] [32mBuilding C object CMakeFiles/turtlesim__rosidl_generator_py.dir/rosidl_generator_py/turtlesim/srv/_spawn_s.c.o[0m
[8.711s] [ 88%] [32mBuilding C object CMakeFiles/turtlesim__rosidl_generator_py.dir/rosidl_generator_py/turtlesim/srv/_teleport_absolute_s.c.o[0m
[8.816s] [ 89%] [32mBuilding C object CMakeFiles/turtlesim__rosidl_generator_py.dir/rosidl_generator_py/turtlesim/srv/_teleport_relative_s.c.o[0m
[8.950s] [ 90%] [32m[1mLinking C shared library rosidl_generator_py/turtlesim/libturtlesim__rosidl_generator_py.so[0m
[8.996s] [ 90%] Built target turtlesim__rosidl_generator_py
[9.026s] [ 91%] [32mBuilding C object CMakeFiles/turtlesim__rosidl_typesupport_fastrtps_c__pyext.dir/rosidl_generator_py/turtlesim/_turtlesim_s.ep.rosidl_typesupport_fastrtps_c.c.o[0m
[9.219s] [ 92%] [32m[1mLinking C shared library rosidl_generator_py/turtlesim/turtlesim_s__rosidl_typesupport_fastrtps_c.cpython-310-x86_64-linux-gnu.so[0m
[9.259s] [ 92%] Built target turtlesim__rosidl_typesupport_fastrtps_c__pyext
[9.281s] [ 93%] [32mBuilding C object CMakeFiles/turtlesim__rosidl_typesupport_introspection_c__pyext.dir/rosidl_generator_py/turtlesim/_turtlesim_s.ep.rosidl_typesupport_introspection_c.c.o[0m
[9.390s] [ 94%] [32m[1mLinking C shared library rosidl_generator_py/turtlesim/turtlesim_s__rosidl_typesupport_introspection_c.cpython-310-x86_64-linux-gnu.so[0m
[9.427s] [ 94%] Built target turtlesim__rosidl_typesupport_introspection_c__pyext
[9.452s] [ 95%] [32mBuilding C object CMakeFiles/turtlesim__rosidl_typesupport_c__pyext.dir/rosidl_generator_py/turtlesim/_turtlesim_s.ep.rosidl_typesupport_c.c.o[0m
[9.554s] [ 96%] [32m[1mLinking C shared library rosidl_generator_py/turtlesim/turtlesim_s__rosidl_typesupport_c.cpython-310-x86_64-linux-gnu.so[0m
[9.619s] [ 96%] Built target turtlesim__rosidl_typesupport_c__pyext
[11.227s] [ 97%] [32m[1mLinking CXX executable turtle_teleop_key[0m
[11.413s] [ 97%] Built target turtle_teleop_key
[13.180s] [ 98%] [32m[1mLinking CXX executable draw_square[0m
[13.432s] [ 99%] [32m[1mLinking CXX executable mimic[0m
[13.461s] [ 99%] Built target draw_square
[13.691s] [ 99%] Built target mimic
[16.032s] [100%] [32m[1mLinking CXX executable turtlesim_node[0m
[17.471s] [100%] Built target turtlesim_node
[17.484s] Invoked command in '/home/rm/sp_vision_tutorial_27/lecture4/src/build/turtlesim' returned '0': CMAKE_PREFIX_PATH=/opt/ros/humble /usr/bin/cmake --build /home/rm/sp_vision_tutorial_27/lecture4/src/build/turtlesim -- -j8 -l8
[17.487s] Invoking command in '/home/rm/sp_vision_tutorial_27/lecture4/src/build/turtlesim': CMAKE_PREFIX_PATH=/opt/ros/humble /usr/bin/cmake --install /home/rm/sp_vision_tutorial_27/lecture4/src/build/turtlesim
[17.494s] -- Install configuration: ""
[17.495s] -- Installing: /home/rm/sp_vision_tutorial_27/lecture4/src/install/turtlesim/share/ament_index/resource_index/rosidl_interfaces/turtlesim
[17.495s] -- Installing: /home/rm/sp_vision_tutorial_27/lecture4/src/install/turtlesim/include/turtlesim/turtlesim
[17.495s] -- Installing: /home/rm/sp_vision_tutorial_27/lecture4/src/install/turtlesim/include/turtlesim/turtlesim/msg
[17.495s] -- Installing: /home/rm/sp_vision_tutorial_27/lecture4/src/install/turtlesim/include/turtlesim/turtlesim/msg/color.h
[17.495s] -- Installing: /home/rm/sp_vision_tutorial_27/lecture4/src/install/turtlesim/include/turtlesim/turtlesim/msg/pose.h
[17.495s] -- Installing: /home/rm/sp_vision_tutorial_27/lecture4/src/install/turtlesim/include/turtlesim/turtlesim/msg/detail
[17.495s] -- Installing: /home/rm/sp_vision_tutorial_27/lecture4/src/install/turtlesim/include/turtlesim/turtlesim/msg/detail/pose__struct.h
[17.495s] -- Installing: /home/rm/sp_vision_tutorial_27/lecture4/src/install/turtlesim/include/turtlesim/turtlesim/msg/detail/color__struct.h
[17.496s] -- Installing: /home/rm/sp_vision_tutorial_27/lecture4/src/install/turtlesim/include/turtlesim/turtlesim/msg/detail/pose__functions.h
[17.496s] -- Installing: /home/rm/sp_vision_tutorial_27/lecture4/src/install/turtlesim/include/turtlesim/turtlesim/msg/detail/pose__type_support.h
[17.496s] -- Installing: /home/rm/sp_vision_tutorial_27/lecture4/src/install/turtlesim/include/turtlesim/turtlesim/msg/detail/pose__functions.c
[17.496s] -- Installing: /home/rm/sp_vision_tutorial_27/lecture4/src/install/turtlesim/include/turtlesim/turtlesim/msg/detail/color__functions.h
[17.496s] -- Installing: /home/rm/sp_vision_tutorial_27/lecture4/src/install/turtlesim/include/turtlesim/turtlesim/msg/detail/color__type_support.h
[17.496s] -- Installing: /home/rm/sp_vision_tutorial_27/lecture4/src/install/turtlesim/include/turtlesim/turtlesim/msg/detail/color__functions.c
[17.496s] -- Installing: /home/rm/sp_vision_tutorial_27/lecture4/src/install/turtlesim/include/turtlesim/turtlesim/msg/rosidl_generator_c__visibility_control.h
[17.496s] -- Installing: /home/rm/sp_vision_tutorial_27/lecture4/src/install/turtlesim/include/turtlesim/turtlesim/action
[17.496s] -- Installing: /home/rm/sp_vision_tutorial_27/lecture4/src/install/turtlesim/include/turtlesim/turtlesim/action/detail
[17.496s] -- Installing: /home/rm/sp_vision_tutorial_27/lecture4/src/install/turtlesim/include/turtlesim/turtlesim/action/detail/rotate_absolute__functions.h
[17.496s] -- Installing: /home/rm/sp_vision_tutorial_27/lecture4/src/install/turtlesim/include/turtlesim/turtlesim/action/detail/rotate_absolute__struct.h
[17.496s] -- Installing: /home/rm/sp_vision_tutorial_27/lecture4/src/install/turtlesim/include/turtlesim/turtlesim/action/detail/rotate_absolute__type_support.h
[17.497s] -- Installing: /home/rm/sp_vision_tutorial_27/lecture4/src/install/turtlesim/include/turtlesim/turtlesim/action/detail/rotate_absolute__functions.c
[17.497s] -- Installing: /home/rm/sp_vision_tutorial_27/lecture4/src/install/turtlesim/include/turtlesim/turtlesim/action/rotate_absolute.h
[17.497s] -- Installing: /home/rm/sp_vision_tutorial_27/lecture4/src/install/turtlesim/include/turtlesim/turtlesim/srv
[17.497s] -- Installing: /home/rm/sp_vision_tutorial_27/lecture4/src/install/turtlesim/include/turtlesim/turtlesim/srv/spawn.h
[17.497s] -- Installing: /home/rm/sp_vision_tutorial_27/lecture4/src/install/turtlesim/include/turtlesim/turtlesim/srv/set_pen.h
[17.497s] -- Installing: /home/rm/sp_vision_tutorial_27/lecture4/src/install/turtlesim/include/turtlesim/turtlesim/srv/detail
[17.497s] -- Installing: /home/rm/sp_vision_tutorial_27/lecture4/src/install/turtlesim/include/turtlesim/turtlesim/srv/detail/teleport_absolute__functions.c
[17.497s] -- Installing: /home/rm/sp_vision_tutorial_27/lecture4/src/install/turtlesim/include/turtlesim/turtlesim/srv/detail/kill__functions.c
[17.497s] -- Installing: /home/rm/sp_vision_tutorial_27/lecture4/src/install/turtlesim/include/turtlesim/turtlesim/srv/detail/teleport_relative__struct.h
[17.497s] -- Installing: /home/rm/sp_vision_tutorial_27/lecture4/src/install/turtlesim/include/turtlesim/turtlesim/srv/detail/teleport_absolute__functions.h
[17.498s] -- Installing: /home/rm/sp_vision_tutorial_27/lecture4/src/install/turtlesim/include/turtlesim/turtlesim/srv/detail/spawn__functions.h
[17.498s] -- Installing: /home/rm/sp_vision_tutorial_27/lecture4/src/install/turtlesim/include/turtlesim/turtlesim/srv/detail/set_pen__type_support.h
[17.498s] -- Installing: /home/rm/sp_vision_tutorial_27/lecture4/src/install/turtlesim/include/turtlesim/turtlesim/srv/detail/spawn__functions.c
[17.498s] -- Installing: /home/rm/sp_vision_tutorial_27/lecture4/src/install/turtlesim/include/turtlesim/turtlesim/srv/detail/set_pen__functions.h
[17.498s] -- Installing: /home/rm/sp_vision_tutorial_27/lecture4/src/install/turtlesim/include/turtlesim/turtlesim/srv/detail/spawn__struct.h
[17.498s] -- Installing: /home/rm/sp_vision_tutorial_27/lecture4/src/install/turtlesim/include/turtlesim/turtlesim/srv/detail/kill__type_support.h
[17.498s] -- Installing: /home/rm/sp_vision_tutorial_27/lecture4/src/install/turtlesim/include/turtlesim/turtlesim/srv/detail/set_pen__struct.h
[17.498s] -- Installing: /home/rm/sp_vision_tutorial_27/lecture4/src/install/turtlesim/include/turtlesim/turtlesim/srv/detail/teleport_relative__functions.c
[17.498s] -- Installing: /home/rm/sp_vision_tutorial_27/lecture4/src/install/turtlesim/include/turtlesim/turtlesim/srv/detail/set_pen__functions.c
[17.498s] -- Installing: /home/rm/sp_vision_tutorial_27/lecture4/src/install/turtlesim/include/turtlesim/turtlesim/srv/detail/teleport_absolute__type_support.h
[17.499s] -- Installing: /home/rm/sp_vision_tutorial_27/lecture4/src/install/turtlesim/include/turtlesim/turtlesim/srv/detail/spawn__type_support.h
[17.499s] -- Installing: /home/rm/sp_vision_tutorial_27/lecture4/src/install/turtlesim/include/turtlesim/turtlesim/srv/detail/teleport_absolute__struct.h
[17.499s] -- Installing: /home/rm/sp_vision_tutorial_27/lecture4/src/install/turtlesim/include/turtlesim/turtlesim/srv/detail/kill__functions.h
[17.499s] -- Installing: /home/rm/sp_vision_tutorial_27/lecture4/src/install/turtlesim/include/turtlesim/turtlesim/srv/detail/teleport_relative__type_support.h
[17.499s] -- Installing: /home/rm/sp_vision_tutorial_27/lecture4/src/install/turtlesim/include/turtlesim/turtlesim/srv/detail/kill__struct.h
[17.499s] -- Installing: /home/rm/sp_vision_tutorial_27/lecture4/src/install/turtlesim/include/turtlesim/turtlesim/srv/detail/teleport_relative__functions.h
[17.499s] -- Installing: /home/rm/sp_vision_tutorial_27/lecture4/src/install/turtlesim/include/turtlesim/turtlesim/srv/teleport_absolute.h
[17.499s] -- Installing: /home/rm/sp_vision_tutorial_27/lecture4/src/install/turtlesim/include/turtlesim/turtlesim/srv/kill.h
[17.499s] -- Installing: /home/rm/sp_vision_tutorial_27/lecture4/src/install/turtlesim/include/turtlesim/turtlesim/srv/teleport_relative.h
[17.499s] -- Installing: /home/rm/sp_vision_tutorial_27/lecture4/src/install/turtlesim/share/turtlesim/environment/library_path.sh
[17.499s] -- Installing: /home/rm/sp_vision_tutorial_27/lecture4/src/install/turtlesim/share/turtlesim/environment/library_path.dsv
[17.499s] -- Installing: /home/rm/sp_vision_tutorial_27/lecture4/src/install/turtlesim/lib/libturtlesim__rosidl_generator_c.so
[17.499s] -- Set runtime path of "/home/rm/sp_vision_tutorial_27/lecture4/src/install/turtlesim/lib/libturtlesim__rosidl_generator_c.so" to ""
[17.499s] -- Up-to-date: /home/rm/sp_vision_tutorial_27/lecture4/src/install/turtlesim/include/turtlesim/turtlesim
[17.499s] -- Up-to-date: /home/rm/sp_vision_tutorial_27/lecture4/src/install/turtlesim/include/turtlesim/turtlesim/msg
[17.499s] -- Up-to-date: /home/rm/sp_vision_tutorial_27/lecture4/src/install/turtlesim/include/turtlesim/turtlesim/msg/detail
[17.499s] -- Installing: /home/rm/sp_vision_tutorial_27/lecture4/src/install/turtlesim/include/turtlesim/turtlesim/msg/detail/pose__rosidl_typesupport_fastrtps_c.h
[17.499s] -- Installing: /home/rm/sp_vision_tutorial_27/lecture4/src/install/turtlesim/include/turtlesim/turtlesim/msg/detail/color__rosidl_typesupport_fastrtps_c.h
[17.499s] -- Installing: /home/rm/sp_vision_tutorial_27/lecture4/src/install/turtlesim/include/turtlesim/turtlesim/msg/rosidl_typesupport_fastrtps_c__visibility_control.h
[17.499s] -- Up-to-date: /home/rm/sp_vision_tutorial_27/lecture4/src/install/turtlesim/include/turtlesim/turtlesim/action
[17.499s] -- Up-to-date: /home/rm/sp_vision_tutorial_27/lecture4/src/install/turtlesim/include/turtlesim/turtlesim/action/detail
[17.499s] -- Installing: /home/rm/sp_vision_tutorial_27/lecture4/src/install/turtlesim/include/turtlesim/turtlesim/action/detail/rotate_absolute__rosidl_typesupport_fastrtps_c.h
[17.499s] -- Up-to-date: /home/rm/sp_vision_tutorial_27/lecture4/src/install/turtlesim/include/turtlesim/turtlesim/srv
[17.499s] -- Up-to-date: /home/rm/sp_vision_tutorial_27/lecture4/src/install/turtlesim/include/turtlesim/turtlesim/srv/detail
[17.499s] -- Installing: /home/rm/sp_vision_tutorial_27/lecture4/src/install/turtlesim/include/turtlesim/turtlesim/srv/detail/teleport_relative__rosidl_typesupport_fastrtps_c.h
[17.499s] -- Installing: /home/rm/sp_vision_tutorial_27/lecture4/src/install/turtlesim/include/turtlesim/turtlesim/srv/detail/spawn__rosidl_typesupport_fastrtps_c.h
[17.500s] -- Installing: /home/rm/sp_vision_tutorial_27/lecture4/src/install/turtlesim/include/turtlesim/turtlesim/srv/detail/kill__rosidl_typesupport_fastrtps_c.h
[17.500s] -- Installing: /home/rm/sp_vision_tutorial_27/lecture4/src/install/turtlesim/include/turtlesim/turtlesim/srv/detail/teleport_absolute__rosidl_typesupport_fastrtps_c.h
[17.500s] -- Installing: /home/rm/sp_vision_tutorial_27/lecture4/src/install/turtlesim/include/turtlesim/turtlesim/srv/detail/set_pen__rosidl_typesupport_fastrtps_c.h
[17.500s] -- Installing: /home/rm/sp_vision_tutorial_27/lecture4/src/install/turtlesim/lib/libturtlesim__rosidl_typesupport_fastrtps_c.so
[17.500s] -- Set runtime path of "/home/rm/sp_vision_tutorial_27/lecture4/src/install/turtlesim/lib/libturtlesim__rosidl_typesupport_fastrtps_c.so" to ""
[17.500s] -- Up-to-date: /home/rm/sp_vision_tutorial_27/lecture4/src/install/turtlesim/include/turtlesim/turtlesim
[17.500s] -- Up-to-date: /home/rm/sp_vision_tutorial_27/lecture4/src/install/turtlesim/include/turtlesim/turtlesim/msg
[17.500s] -- Installing: /home/rm/sp_vision_tutorial_27/lecture4/src/install/turtlesim/include/turtlesim/turtlesim/msg/rosidl_generator_cpp__visibility_control.hpp
[17.500s] -- Installing: /home/rm/sp_vision_tutorial_27/lecture4/src/install/turtlesim/include/turtlesim/turtlesim/msg/color.hpp
[17.500s] -- Installing: /home/rm/sp_vision_tutorial_27/lecture4/src/install/turtlesim/include/turtlesim/turtlesim/msg/pose.hpp
[17.500s] -- Up-to-date: /home/rm/sp_vision_tutorial_27/lecture4/src/install/turtlesim/include/turtlesim/turtlesim/msg/detail
[17.500s] -- Installing: /home/rm/sp_vision_tutorial_27/lecture4/src/install/turtlesim/include/turtlesim/turtlesim/msg/detail/pose__struct.hpp
[17.500s] -- Installing: /home/rm/sp_vision_tutorial_27/lecture4/src/install/turtlesim/include/turtlesim/turtlesim/msg/detail/color__type_support.hpp
[17.500s] -- Installing: /home/rm/sp_vision_tutorial_27/lecture4/src/install/turtlesim/include/turtlesim/turtlesim/msg/detail/color__struct.hpp
[17.500s] -- Installing: /home/rm/sp_vision_tutorial_27/lecture4/src/install/turtlesim/include/turtlesim/turtlesim/msg/detail/color__traits.hpp
[17.500s] -- Installing: /home/rm/sp_vision_tutorial_27/lecture4/src/install/turtlesim/include/turtlesim/turtlesim/msg/detail/pose__builder.hpp
[17.500s] -- Installing: /home/rm/sp_vision_tutorial_27/lecture4/src/install/turtlesim/include/turtlesim/turtlesim/msg/detail/pose__traits.hpp
[17.500s] -- Installing: /home/rm/sp_vision_tutorial_27/lecture4/src/install/turtlesim/include/turtlesim/turtlesim/msg/detail/color__builder.hpp
[17.500s] -- Installing: /home/rm/sp_vision_tutorial_27/lecture4/src/install/turtlesim/include/turtlesim/turtlesim/msg/detail/pose__type_support.hpp
[17.501s] -- Up-to-date: /home/rm/sp_vision_tutorial_27/lecture4/src/install/turtlesim/include/turtlesim/turtlesim/action
[17.501s] -- Installing: /home/rm/sp_vision_tutorial_27/lecture4/src/install/turtlesim/include/turtlesim/turtlesim/action/rotate_absolute.hpp
[17.501s] -- Up-to-date: /home/rm/sp_vision_tutorial_27/lecture4/src/install/turtlesim/include/turtlesim/turtlesim/action/detail
[17.501s] -- Installing: /home/rm/sp_vision_tutorial_27/lecture4/src/install/turtlesim/include/turtlesim/turtlesim/action/detail/rotate_absolute__struct.hpp
[17.501s] -- Installing: /home/rm/sp_vision_tutorial_27/lecture4/src/install/turtlesim/include/turtlesim/turtlesim/action/detail/rotate_absolute__traits.hpp
[17.501s] -- Installing: /home/rm/sp_vision_tutorial_27/lecture4/src/install/turtlesim/include/turtlesim/turtlesim/action/detail/rotate_absolute__type_support.hpp
[17.501s] -- Installing: /home/rm/sp_vision_tutorial_27/lecture4/src/install/turtlesim/include/turtlesim/turtlesim/action/detail/rotate_absolute__builder.hpp
[17.501s] -- Up-to-date: /home/rm/sp_vision_tutorial_27/lecture4/src/install/turtlesim/include/turtlesim/turtlesim/srv
[17.501s] -- Installing: /home/rm/sp_vision_tutorial_27/lecture4/src/install/turtlesim/include/turtlesim/turtlesim/srv/kill.hpp
[17.501s] -- Installing: /home/rm/sp_vision_tutorial_27/lecture4/src/install/turtlesim/include/turtlesim/turtlesim/srv/set_pen.hpp
[17.501s] -- Installing: /home/rm/sp_vision_tutorial_27/lecture4/src/install/turtlesim/include/turtlesim/turtlesim/srv/teleport_absolute.hpp
[17.501s] -- Up-to-date: /home/rm/sp_vision_tutorial_27/lecture4/src/install/turtlesim/include/turtlesim/turtlesim/srv/detail
[17.501s] -- Installing: /home/rm/sp_vision_tutorial_27/lecture4/src/install/turtlesim/include/turtlesim/turtlesim/srv/detail/teleport_relative__builder.hpp
[17.501s] -- Installing: /home/rm/sp_vision_tutorial_27/lecture4/src/install/turtlesim/include/turtlesim/turtlesim/srv/detail/set_pen__builder.hpp
[17.501s] -- Installing: /home/rm/sp_vision_tutorial_27/lecture4/src/install/turtlesim/include/turtlesim/turtlesim/srv/detail/teleport_relative__traits.hpp
[17.501s] -- Installing: /home/rm/sp_vision_tutorial_27/lecture4/src/install/turtlesim/include/turtlesim/turtlesim/srv/detail/teleport_relative__type_support.hpp
[17.501s] -- Installing: /home/rm/sp_vision_tutorial_27/lecture4/src/install/turtlesim/include/turtlesim/turtlesim/srv/detail/spawn__traits.hpp
[17.501s] -- Installing: /home/rm/sp_vision_tutorial_27/lecture4/src/install/turtlesim/include/turtlesim/turtlesim/srv/detail/teleport_relative__struct.hpp
[17.502s] -- Installing: /home/rm/sp_vision_tutorial_27/lecture4/src/install/turtlesim/include/turtlesim/turtlesim/srv/detail/kill__type_support.hpp
[17.502s] -- Installing: /home/rm/sp_vision_tutorial_27/lecture4/src/install/turtlesim/include/turtlesim/turtlesim/srv/detail/kill__struct.hpp
[17.502s] -- Installing: /home/rm/sp_vision_tutorial_27/lecture4/src/install/turtlesim/include/turtlesim/turtlesim/srv/detail/set_pen__traits.hpp
[17.502s] -- Installing: /home/rm/sp_vision_tutorial_27/lecture4/src/install/turtlesim/include/turtlesim/turtlesim/srv/detail/spawn__builder.hpp
[17.502s] -- Installing: /home/rm/sp_vision_tutorial_27/lecture4/src/install/turtlesim/include/turtlesim/turtlesim/srv/detail/set_pen__type_support.hpp
[17.502s] -- Installing: /home/rm/sp_vision_tutorial_27/lecture4/src/install/turtlesim/include/turtlesim/turtlesim/srv/detail/kill__traits.hpp
[17.502s] -- Installing: /home/rm/sp_vision_tutorial_27/lecture4/src/install/turtlesim/include/turtlesim/turtlesim/srv/detail/set_pen__struct.hpp
[17.502s] -- Installing: /home/rm/sp_vision_tutorial_27/lecture4/src/install/turtlesim/include/turtlesim/turtlesim/srv/detail/teleport_absolute__type_support.hpp
[17.502s] -- Installing: /home/rm/sp_vision_tutorial_27/lecture4/src/install/turtlesim/include/turtlesim/turtlesim/srv/detail/teleport_absolute__struct.hpp
[17.502s] -- Installing: /home/rm/sp_vision_tutorial_27/lecture4/src/install/turtlesim/include/turtlesim/turtlesim/srv/detail/spawn__struct.hpp
[17.502s] -- Installing: /home/rm/sp_vision_tutorial_27/lecture4/src/install/turtlesim/include/turtlesim/turtlesim/srv/detail/spawn__type_support.hpp
[17.502s] -- Installing: /home/rm/sp_vision_tutorial_27/lecture4/src/install/turtlesim/include/turtlesim/turtlesim/srv/detail/kill__builder.hpp
[17.503s] -- Installing: /home/rm/sp_vision_tutorial_27/lecture4/src/install/turtlesim/include/turtlesim/turtlesim/srv/detail/teleport_absolute__traits.hpp
[17.503s] -- Installing: /home/rm/sp_vision_tutorial_27/lecture4/src/install/turtlesim/include/turtlesim/turtlesim/srv/detail/teleport_absolute__builder.hpp
[17.503s] -- Installing: /home/rm/sp_vision_tutorial_27/lecture4/src/install/turtlesim/include/turtlesim/turtlesim/srv/teleport_relative.hpp
[17.503s] -- Installing: /home/rm/sp_vision_tutorial_27/lecture4/src/install/turtlesim/include/turtlesim/turtlesim/srv/spawn.hpp
[17.503s] -- Up-to-date: /home/rm/sp_vision_tutorial_27/lecture4/src/install/turtlesim/include/turtlesim/turtlesim
[17.503s] -- Up-to-date: /home/rm/sp_vision_tutorial_27/lecture4/src/install/turtlesim/include/turtlesim/turtlesim/msg
[17.503s] -- Up-to-date: /home/rm/sp_vision_tutorial_27/lecture4/src/install/turtlesim/include/turtlesim/turtlesim/msg/detail
[17.503s] -- Installing: /home/rm/sp_vision_tutorial_27/lecture4/src/install/turtlesim/include/turtlesim/turtlesim/msg/detail/color__rosidl_typesupport_fastrtps_cpp.hpp
[17.503s] -- Installing: /home/rm/sp_vision_tutorial_27/lecture4/src/install/turtlesim/include/turtlesim/turtlesim/msg/detail/dds_fastrtps
[17.503s] -- Installing: /home/rm/sp_vision_tutorial_27/lecture4/src/install/turtlesim/include/turtlesim/turtlesim/msg/detail/pose__rosidl_typesupport_fastrtps_cpp.hpp
[17.503s] -- Installing: /home/rm/sp_vision_tutorial_27/lecture4/src/install/turtlesim/include/turtlesim/turtlesim/msg/rosidl_typesupport_fastrtps_cpp__visibility_control.h
[17.503s] -- Up-to-date: /home/rm/sp_vision_tutorial_27/lecture4/src/install/turtlesim/include/turtlesim/turtlesim/action
[17.503s] -- Up-to-date: /home/rm/sp_vision_tutorial_27/lecture4/src/install/turtlesim/include/turtlesim/turtlesim/action/detail
[17.503s] -- Installing: /home/rm/sp_vision_tutorial_27/lecture4/src/install/turtlesim/include/turtlesim/turtlesim/action/detail/rotate_absolute__rosidl_typesupport_fastrtps_cpp.hpp
[17.503s] -- Installing: /home/rm/sp_vision_tutorial_27/lecture4/src/install/turtlesim/include/turtlesim/turtlesim/action/detail/dds_fastrtps
[17.503s] -- Up-to-date: /home/rm/sp_vision_tutorial_27/lecture4/src/install/turtlesim/include/turtlesim/turtlesim/srv
[17.503s] -- Up-to-date: /home/rm/sp_vision_tutorial_27/lecture4/src/install/turtlesim/include/turtlesim/turtlesim/srv/detail
[17.503s] -- Installing: /home/rm/sp_vision_tutorial_27/lecture4/src/install/turtlesim/include/turtlesim/turtlesim/srv/detail/kill__rosidl_typesupport_fastrtps_cpp.hpp
[17.503s] -- Installing: /home/rm/sp_vision_tutorial_27/lecture4/src/install/turtlesim/include/turtlesim/turtlesim/srv/detail/teleport_absolute__rosidl_typesupport_fastrtps_cpp.hpp
[17.503s] -- Installing: /home/rm/sp_vision_tutorial_27/lecture4/src/install/turtlesim/include/turtlesim/turtlesim/srv/detail/teleport_relative__rosidl_typesupport_fastrtps_cpp.hpp
[17.503s] -- Installing: /home/rm/sp_vision_tutorial_27/lecture4/src/install/turtlesim/include/turtlesim/turtlesim/srv/detail/spawn__rosidl_typesupport_fastrtps_cpp.hpp
[17.503s] -- Installing: /home/rm/sp_vision_tutorial_27/lecture4/src/install/turtlesim/include/turtlesim/turtlesim/srv/detail/dds_fastrtps
[17.504s] -- Installing: /home/rm/sp_vision_tutorial_27/lecture4/src/install/turtlesim/include/turtlesim/turtlesim/srv/detail/set_pen__rosidl_typesupport_fastrtps_cpp.hpp
[17.504s] -- Installing: /home/rm/sp_vision_tutorial_27/lecture4/src/install/turtlesim/lib/libturtlesim__rosidl_typesupport_fastrtps_cpp.so
[17.504s] -- Set runtime path of "/home/rm/sp_vision_tutorial_27/lecture4/src/install/turtlesim/lib/libturtlesim__rosidl_typesupport_fastrtps_cpp.so" to ""
[17.504s] -- Up-to-date: /home/rm/sp_vision_tutorial_27/lecture4/src/install/turtlesim/include/turtlesim/turtlesim
[17.504s] -- Up-to-date: /home/rm/sp_vision_tutorial_27/lecture4/src/install/turtlesim/include/turtlesim/turtlesim/msg
[17.504s] -- Installing: /home/rm/sp_vision_tutorial_27/lecture4/src/install/turtlesim/include/turtlesim/turtlesim/msg/rosidl_typesupport_introspection_c__visibility_control.h
[17.504s] -- Up-to-date: /home/rm/sp_vision_tutorial_27/lecture4/src/install/turtlesim/include/turtlesim/turtlesim/msg/detail
[17.504s] -- Installing: /home/rm/sp_vision_tutorial_27/lecture4/src/install/turtlesim/include/turtlesim/turtlesim/msg/detail/pose__type_support.c
[17.504s] -- Installing: /home/rm/sp_vision_tutorial_27/lecture4/src/install/turtlesim/include/turtlesim/turtlesim/msg/detail/color__type_support.c
[17.504s] -- Installing: /home/rm/sp_vision_tutorial_27/lecture4/src/install/turtlesim/include/turtlesim/turtlesim/msg/detail/pose__rosidl_typesupport_introspection_c.h
[17.504s] -- Installing: /home/rm/sp_vision_tutorial_27/lecture4/src/install/turtlesim/include/turtlesim/turtlesim/msg/detail/color__rosidl_typesupport_introspection_c.h
[17.504s] -- Up-to-date: /home/rm/sp_vision_tutorial_27/lecture4/src/install/turtlesim/include/turtlesim/turtlesim/action
[17.504s] -- Up-to-date: /home/rm/sp_vision_tutorial_27/lecture4/src/install/turtlesim/include/turtlesim/turtlesim/action/detail
[17.504s] -- Installing: /home/rm/sp_vision_tutorial_27/lecture4/src/install/turtlesim/include/turtlesim/turtlesim/action/detail/rotate_absolute__type_support.c
[17.504s] -- Installing: /home/rm/sp_vision_tutorial_27/lecture4/src/install/turtlesim/include/turtlesim/turtlesim/action/detail/rotate_absolute__rosidl_typesupport_introspection_c.h
[17.504s] -- Up-to-date: /home/rm/sp_vision_tutorial_27/lecture4/src/install/turtlesim/include/turtlesim/turtlesim/srv
[17.504s] -- Up-to-date: /home/rm/sp_vision_tutorial_27/lecture4/src/install/turtlesim/include/turtlesim/turtlesim/srv/detail
[17.504s] -- Installing: /home/rm/sp_vision_tutorial_27/lecture4/src/install/turtlesim/include/turtlesim/turtlesim/srv/detail/teleport_absolute__type_support.c
[17.504s] -- Installing: /home/rm/sp_vision_tutorial_27/lecture4/src/install/turtlesim/include/turtlesim/turtlesim/srv/detail/set_pen__rosidl_typesupport_introspection_c.h
[17.504s] -- Installing: /home/rm/sp_vision_tutorial_27/lecture4/src/install/turtlesim/include/turtlesim/turtlesim/srv/detail/spawn__rosidl_typesupport_introspection_c.h
[17.504s] -- Installing: /home/rm/sp_vision_tutorial_27/lecture4/src/install/turtlesim/include/turtlesim/turtlesim/srv/detail/spawn__type_support.c
[17.504s] -- Installing: /home/rm/sp_vision_tutorial_27/lecture4/src/install/turtlesim/include/turtlesim/turtlesim/srv/detail/teleport_relative__rosidl_typesupport_introspection_c.h
[17.504s] -- Installing: /home/rm/sp_vision_tutorial_27/lecture4/src/install/turtlesim/include/turtlesim/turtlesim/srv/detail/kill__rosidl_typesupport_introspection_c.h
[17.504s] -- Installing: /home/rm/sp_vision_tutorial_27/lecture4/src/install/turtlesim/include/turtlesim/turtlesim/srv/detail/kill__type_support.c
[17.504s] -- Installing: /home/rm/sp_vision_tutorial_27/lecture4/src/install/turtlesim/include/turtlesim/turtlesim/srv/detail/teleport_relative__type_support.c
[17.504s] -- Installing: /home/rm/sp_vision_tutorial_27/lecture4/src/install/turtlesim/include/turtlesim/turtlesim/srv/detail/teleport_absolute__rosidl_typesupport_introspection_c.h
[17.504s] -- Installing: /home/rm/sp_vision_tutorial_27/lecture4/src/install/turtlesim/include/turtlesim/turtlesim/srv/detail/set_pen__type_support.c
[17.504s] -- Installing: /home/rm/sp_vision_tutorial_27/lecture4/src/install/turtlesim/lib/libturtlesim__rosidl_typesupport_introspection_c.so
[17.504s] -- Set runtime path of "/home/rm/sp_vision_tutorial_27/lecture4/src/install/turtlesim/lib/libturtlesim__rosidl_typesupport_introspection_c.so" to ""
[17.504s] -- Installing: /home/rm/sp_vision_tutorial_27/lecture4/src/install/turtlesim/lib/libturtlesim__rosidl_typesupport_c.so
[17.505s] -- Set runtime path of "/home/rm/sp_vision_tutorial_27/lecture4/src/install/turtlesim/lib/libturtlesim__rosidl_typesupport_c.so" to ""
[17.505s] -- Up-to-date: /home/rm/sp_vision_tutorial_27/lecture4/src/install/turtlesim/include/turtlesim/turtlesim
[17.505s] -- Up-to-date: /home/rm/sp_vision_tutorial_27/lecture4/src/install/turtlesim/include/turtlesim/turtlesim/msg
[17.505s] -- Up-to-date: /home/rm/sp_vision_tutorial_27/lecture4/src/install/turtlesim/include/turtlesim/turtlesim/msg/detail
[17.505s] -- Installing: /home/rm/sp_vision_tutorial_27/lecture4/src/install/turtlesim/include/turtlesim/turtlesim/msg/detail/color__type_support.cpp
[17.505s] -- Installing: /home/rm/sp_vision_tutorial_27/lecture4/src/install/turtlesim/include/turtlesim/turtlesim/msg/detail/color__rosidl_typesupport_introspection_cpp.hpp
[17.505s] -- Installing: /home/rm/sp_vision_tutorial_27/lecture4/src/install/turtlesim/include/turtlesim/turtlesim/msg/detail/pose__type_support.cpp
[17.505s] -- Installing: /home/rm/sp_vision_tutorial_27/lecture4/src/install/turtlesim/include/turtlesim/turtlesim/msg/detail/pose__rosidl_typesupport_introspection_cpp.hpp
[17.505s] -- Up-to-date: /home/rm/sp_vision_tutorial_27/lecture4/src/install/turtlesim/include/turtlesim/turtlesim/action
[17.505s] -- Up-to-date: /home/rm/sp_vision_tutorial_27/lecture4/src/install/turtlesim/include/turtlesim/turtlesim/action/detail
[17.505s] -- Installing: /home/rm/sp_vision_tutorial_27/lecture4/src/install/turtlesim/include/turtlesim/turtlesim/action/detail/rotate_absolute__rosidl_typesupport_introspection_cpp.hpp
[17.505s] -- Installing: /home/rm/sp_vision_tutorial_27/lecture4/src/install/turtlesim/include/turtlesim/turtlesim/action/detail/rotate_absolute__type_support.cpp
[17.505s] -- Up-to-date: /home/rm/sp_vision_tutorial_27/lecture4/src/install/turtlesim/include/turtlesim/turtlesim/srv
[17.505s] -- Up-to-date: /home/rm/sp_vision_tutorial_27/lecture4/src/install/turtlesim/include/turtlesim/turtlesim/srv/detail
[17.505s] -- Installing: /home/rm/sp_vision_tutorial_27/lecture4/src/install/turtlesim/include/turtlesim/turtlesim/srv/detail/teleport_absolute__rosidl_typesupport_introspection_cpp.hpp
[17.505s] -- Installing: /home/rm/sp_vision_tutorial_27/lecture4/src/install/turtlesim/include/turtlesim/turtlesim/srv/detail/spawn__rosidl_typesupport_introspection_cpp.hpp
[17.505s] -- Installing: /home/rm/sp_vision_tutorial_27/lecture4/src/install/turtlesim/include/turtlesim/turtlesim/srv/detail/spawn__type_support.cpp
[17.505s] -- Installing: /home/rm/sp_vision_tutorial_27/lecture4/src/install/turtlesim/include/turtlesim/turtlesim/srv/detail/kill__type_support.cpp
[17.505s] -- Installing: /home/rm/sp_vision_tutorial_27/lecture4/src/install/turtlesim/include/turtlesim/turtlesim/srv/detail/kill__rosidl_typesupport_introspection_cpp.hpp
[17.505s] -- Installing: /home/rm/sp_vision_tutorial_27/lecture4/src/install/turtlesim/include/turtlesim/turtlesim/srv/detail/set_pen__rosidl_typesupport_introspection_cpp.hpp
[17.506s] -- Installing: /home/rm/sp_vision_tutorial_27/lecture4/src/install/turtlesim/include/turtlesim/turtlesim/srv/detail/set_pen__type_support.cpp
[17.506s] -- Installing: /home/rm/sp_vision_tutorial_27/lecture4/src/install/turtlesim/include/turtlesim/turtlesim/srv/detail/teleport_relative__rosidl_typesupport_introspection_cpp.hpp
[17.506s] -- Installing: /home/rm/sp_vision_tutorial_27/lecture4/src/install/turtlesim/include/turtlesim/turtlesim/srv/detail/teleport_absolute__type_support.cpp
[17.506s] -- Installing: /home/rm/sp_vision_tutorial_27/lecture4/src/install/turtlesim/include/turtlesim/turtlesim/srv/detail/teleport_relative__type_support.cpp
[17.506s] -- Installing: /home/rm/sp_vision_tutorial_27/lecture4/src/install/turtlesim/lib/libturtlesim__rosidl_typesupport_introspection_cpp.so
[17.506s] -- Set runtime path of "/home/rm/sp_vision_tutorial_27/lecture4/src/install/turtlesim/lib/libturtlesim__rosidl_typesupport_introspection_cpp.so" to ""
[17.506s] -- Installing: /home/rm/sp_vision_tutorial_27/lecture4/src/install/turtlesim/lib/libturtlesim__rosidl_typesupport_cpp.so
[17.506s] -- Set runtime path of "/home/rm/sp_vision_tutorial_27/lecture4/src/install/turtlesim/lib/libturtlesim__rosidl_typesupport_cpp.so" to ""
[17.506s] -- Installing: /home/rm/sp_vision_tutorial_27/lecture4/src/install/turtlesim/share/turtlesim/environment/pythonpath.sh
[17.506s] -- Installing: /home/rm/sp_vision_tutorial_27/lecture4/src/install/turtlesim/share/turtlesim/environment/pythonpath.dsv
[17.506s] -- Installing: /home/rm/sp_vision_tutorial_27/lecture4/src/install/turtlesim/local/lib/python3.10/dist-packages/turtlesim-1.4.3-py3.10.egg-info
[17.506s] -- Installing: /home/rm/sp_vision_tutorial_27/lecture4/src/install/turtlesim/local/lib/python3.10/dist-packages/turtlesim-1.4.3-py3.10.egg-info/PKG-INFO
[17.506s] -- Installing: /home/rm/sp_vision_tutorial_27/lecture4/src/install/turtlesim/local/lib/python3.10/dist-packages/turtlesim-1.4.3-py3.10.egg-info/SOURCES.txt
[17.507s] -- Installing: /home/rm/sp_vision_tutorial_27/lecture4/src/install/turtlesim/local/lib/python3.10/dist-packages/turtlesim-1.4.3-py3.10.egg-info/top_level.txt
[17.507s] -- Installing: /home/rm/sp_vision_tutorial_27/lecture4/src/install/turtlesim/local/lib/python3.10/dist-packages/turtlesim-1.4.3-py3.10.egg-info/dependency_links.txt
[17.507s] -- Installing: /home/rm/sp_vision_tutorial_27/lecture4/src/install/turtlesim/local/lib/python3.10/dist-packages/turtlesim
[17.507s] -- Installing: /home/rm/sp_vision_tutorial_27/lecture4/src/install/turtlesim/local/lib/python3.10/dist-packages/turtlesim/_turtlesim_s.ep.rosidl_typesupport_introspection_c.c
[17.507s] -- Installing: /home/rm/sp_vision_tutorial_27/lecture4/src/install/turtlesim/local/lib/python3.10/dist-packages/turtlesim/__init__.py
[17.507s] -- Installing: /home/rm/sp_vision_tutorial_27/lecture4/src/install/turtlesim/local/lib/python3.10/dist-packages/turtlesim/turtlesim_s__rosidl_typesupport_fastrtps_c.cpython-310-x86_64-linux-gnu.so
[17.507s] -- Installing: /home/rm/sp_vision_tutorial_27/lecture4/src/install/turtlesim/local/lib/python3.10/dist-packages/turtlesim/turtlesim_s__rosidl_typesupport_c.cpython-310-x86_64-linux-gnu.so
[17.507s] -- Installing: /home/rm/sp_vision_tutorial_27/lecture4/src/install/turtlesim/local/lib/python3.10/dist-packages/turtlesim/msg
[17.507s] -- Installing: /home/rm/sp_vision_tutorial_27/lecture4/src/install/turtlesim/local/lib/python3.10/dist-packages/turtlesim/msg/__init__.py
[17.507s] -- Installing: /home/rm/sp_vision_tutorial_27/lecture4/src/install/turtlesim/local/lib/python3.10/dist-packages/turtlesim/msg/_pose_s.c
[17.507s] -- Installing: /home/rm/sp_vision_tutorial_27/lecture4/src/install/turtlesim/local/lib/python3.10/dist-packages/turtlesim/msg/_color_s.c
[17.507s] -- Installing: /home/rm/sp_vision_tutorial_27/lecture4/src/install/turtlesim/local/lib/python3.10/dist-packages/turtlesim/msg/_pose.py
[17.508s] -- Installing: /home/rm/sp_vision_tutorial_27/lecture4/src/install/turtlesim/local/lib/python3.10/dist-packages/turtlesim/msg/_color.py
[17.508s] -- Installing: /home/rm/sp_vision_tutorial_27/lecture4/src/install/turtlesim/local/lib/python3.10/dist-packages/turtlesim/_turtlesim_s.ep.rosidl_typesupport_c.c
[17.508s] -- Installing: /home/rm/sp_vision_tutorial_27/lecture4/src/install/turtlesim/local/lib/python3.10/dist-packages/turtlesim/turtlesim_s__rosidl_typesupport_introspection_c.cpython-310-x86_64-linux-gnu.so
[17.508s] -- Installing: /home/rm/sp_vision_tutorial_27/lecture4/src/install/turtlesim/local/lib/python3.10/dist-packages/turtlesim/action
[17.508s] -- Installing: /home/rm/sp_vision_tutorial_27/lecture4/src/install/turtlesim/local/lib/python3.10/dist-packages/turtlesim/action/_rotate_absolute.py
[17.508s] -- Installing: /home/rm/sp_vision_tutorial_27/lecture4/src/install/turtlesim/local/lib/python3.10/dist-packages/turtlesim/action/__init__.py
[17.508s] -- Installing: /home/rm/sp_vision_tutorial_27/lecture4/src/install/turtlesim/local/lib/python3.10/dist-packages/turtlesim/action/_rotate_absolute_s.c
[17.508s] -- Installing: /home/rm/sp_vision_tutorial_27/lecture4/src/install/turtlesim/local/lib/python3.10/dist-packages/turtlesim/_turtlesim_s.ep.rosidl_typesupport_fastrtps_c.c
[17.508s] -- Installing: /home/rm/sp_vision_tutorial_27/lecture4/src/install/turtlesim/local/lib/python3.10/dist-packages/turtlesim/libturtlesim__rosidl_generator_py.so
[17.508s] -- Installing: /home/rm/sp_vision_tutorial_27/lecture4/src/install/turtlesim/local/lib/python3.10/dist-packages/turtlesim/srv
[17.508s] -- Installing: /home/rm/sp_vision_tutorial_27/lecture4/src/install/turtlesim/local/lib/python3.10/dist-packages/turtlesim/srv/_spawn.py
[17.508s] -- Installing: /home/rm/sp_vision_tutorial_27/lecture4/src/install/turtlesim/local/lib/python3.10/dist-packages/turtlesim/srv/_teleport_relative.py
[17.508s] -- Installing: /home/rm/sp_vision_tutorial_27/lecture4/src/install/turtlesim/local/lib/python3.10/dist-packages/turtlesim/srv/_kill.py
[17.508s] -- Installing: /home/rm/sp_vision_tutorial_27/lecture4/src/install/turtlesim/local/lib/python3.10/dist-packages/turtlesim/srv/__init__.py
[17.509s] -- Installing: /home/rm/sp_vision_tutorial_27/lecture4/src/install/turtlesim/local/lib/python3.10/dist-packages/turtlesim/srv/_teleport_relative_s.c
[17.509s] -- Installing: /home/rm/sp_vision_tutorial_27/lecture4/src/install/turtlesim/local/lib/python3.10/dist-packages/turtlesim/srv/_set_pen.py
[17.509s] -- Installing: /home/rm/sp_vision_tutorial_27/lecture4/src/install/turtlesim/local/lib/python3.10/dist-packages/turtlesim/srv/_kill_s.c
[17.509s] -- Installing: /home/rm/sp_vision_tutorial_27/lecture4/src/install/turtlesim/local/lib/python3.10/dist-packages/turtlesim/srv/_set_pen_s.c
[17.509s] -- Installing: /home/rm/sp_vision_tutorial_27/lecture4/src/install/turtlesim/local/lib/python3.10/dist-packages/turtlesim/srv/_teleport_absolute.py
[17.509s] -- Installing: /home/rm/sp_vision_tutorial_27/lecture4/src/install/turtlesim/local/lib/python3.10/dist-packages/turtlesim/srv/_spawn_s.c
[17.509s] -- Installing: /home/rm/sp_vision_tutorial_27/lecture4/src/install/turtlesim/local/lib/python3.10/dist-packages/turtlesim/srv/_teleport_absolute_s.c
[17.548s] Listing '/home/rm/sp_vision_tutorial_27/lecture4/src/install/turtlesim/local/lib/python3.10/dist-packages/turtlesim'...
[17.548s] Compiling '/home/rm/sp_vision_tutorial_27/lecture4/src/install/turtlesim/local/lib/python3.10/dist-packages/turtlesim/__init__.py'...
[17.548s] Listing '/home/rm/sp_vision_tutorial_27/lecture4/src/install/turtlesim/local/lib/python3.10/dist-packages/turtlesim/action'...
[17.548s] Compiling '/home/rm/sp_vision_tutorial_27/lecture4/src/install/turtlesim/local/lib/python3.10/dist-packages/turtlesim/action/__init__.py'...
[17.548s] Compiling '/home/rm/sp_vision_tutorial_27/lecture4/src/install/turtlesim/local/lib/python3.10/dist-packages/turtlesim/action/_rotate_absolute.py'...
[17.548s] Listing '/home/rm/sp_vision_tutorial_27/lecture4/src/install/turtlesim/local/lib/python3.10/dist-packages/turtlesim/msg'...
[17.548s] Compiling '/home/rm/sp_vision_tutorial_27/lecture4/src/install/turtlesim/local/lib/python3.10/dist-packages/turtlesim/msg/__init__.py'...
[17.548s] Compiling '/home/rm/sp_vision_tutorial_27/lecture4/src/install/turtlesim/local/lib/python3.10/dist-packages/turtlesim/msg/_color.py'...
[17.548s] Compiling '/home/rm/sp_vision_tutorial_27/lecture4/src/install/turtlesim/local/lib/python3.10/dist-packages/turtlesim/msg/_pose.py'...
[17.548s] Listing '/home/rm/sp_vision_tutorial_27/lecture4/src/install/turtlesim/local/lib/python3.10/dist-packages/turtlesim/srv'...
[17.548s] Compiling '/home/rm/sp_vision_tutorial_27/lecture4/src/install/turtlesim/local/lib/python3.10/dist-packages/turtlesim/srv/__init__.py'...
[17.548s] Compiling '/home/rm/sp_vision_tutorial_27/lecture4/src/install/turtlesim/local/lib/python3.10/dist-packages/turtlesim/srv/_kill.py'...
[17.548s] Compiling '/home/rm/sp_vision_tutorial_27/lecture4/src/install/turtlesim/local/lib/python3.10/dist-packages/turtlesim/srv/_set_pen.py'...
[17.548s] Compiling '/home/rm/sp_vision_tutorial_27/lecture4/src/install/turtlesim/local/lib/python3.10/dist-packages/turtlesim/srv/_spawn.py'...
[17.548s] Compiling '/home/rm/sp_vision_tutorial_27/lecture4/src/install/turtlesim/local/lib/python3.10/dist-packages/turtlesim/srv/_teleport_absolute.py'...
[17.548s] Compiling '/home/rm/sp_vision_tutorial_27/lecture4/src/install/turtlesim/local/lib/python3.10/dist-packages/turtlesim/srv/_teleport_relative.py'...
[17.551s] -- Installing: /home/rm/sp_vision_tutorial_27/lecture4/src/install/turtlesim/local/lib/python3.10/dist-packages/turtlesim/turtlesim_s__rosidl_typesupport_fastrtps_c.cpython-310-x86_64-linux-gnu.so
[17.551s] -- Set runtime path of "/home/rm/sp_vision_tutorial_27/lecture4/src/install/turtlesim/local/lib/python3.10/dist-packages/turtlesim/turtlesim_s__rosidl_typesupport_fastrtps_c.cpython-310-x86_64-linux-gnu.so" to ""
[17.551s] -- Installing: /home/rm/sp_vision_tutorial_27/lecture4/src/install/turtlesim/local/lib/python3.10/dist-packages/turtlesim/turtlesim_s__rosidl_typesupport_introspection_c.cpython-310-x86_64-linux-gnu.so
[17.552s] -- Set runtime path of "/home/rm/sp_vision_tutorial_27/lecture4/src/install/turtlesim/local/lib/python3.10/dist-packages/turtlesim/turtlesim_s__rosidl_typesupport_introspection_c.cpython-310-x86_64-linux-gnu.so" to ""
[17.552s] -- Installing: /home/rm/sp_vision_tutorial_27/lecture4/src/install/turtlesim/local/lib/python3.10/dist-packages/turtlesim/turtlesim_s__rosidl_typesupport_c.cpython-310-x86_64-linux-gnu.so
[17.552s] -- Set runtime path of "/home/rm/sp_vision_tutorial_27/lecture4/src/install/turtlesim/local/lib/python3.10/dist-packages/turtlesim/turtlesim_s__rosidl_typesupport_c.cpython-310-x86_64-linux-gnu.so" to ""
[17.552s] -- Installing: /home/rm/sp_vision_tutorial_27/lecture4/src/install/turtlesim/lib/libturtlesim__rosidl_generator_py.so
[17.552s] -- Set runtime path of "/home/rm/sp_vision_tutorial_27/lecture4/src/install/turtlesim/lib/libturtlesim__rosidl_generator_py.so" to ""
[17.552s] -- Installing: /home/rm/sp_vision_tutorial_27/lecture4/src/install/turtlesim/share/turtlesim/rust
[17.553s] -- Installing: /home/rm/sp_vision_tutorial_27/lecture4/src/install/turtlesim/share/turtlesim/rust/src
[17.553s] -- Installing: /home/rm/sp_vision_tutorial_27/lecture4/src/install/turtlesim/share/turtlesim/rust/src/lib.rs
[17.553s] -- Installing: /home/rm/sp_vision_tutorial_27/lecture4/src/install/turtlesim/share/turtlesim/rust/src/srv.rs
[17.553s] -- Installing: /home/rm/sp_vision_tutorial_27/lecture4/src/install/turtlesim/share/turtlesim/rust/src/msg
[17.553s] -- Installing: /home/rm/sp_vision_tutorial_27/lecture4/src/install/turtlesim/share/turtlesim/rust/src/msg/rmw.rs
[17.553s] -- Installing: /home/rm/sp_vision_tutorial_27/lecture4/src/install/turtlesim/share/turtlesim/rust/src/msg.rs
[17.553s] -- Installing: /home/rm/sp_vision_tutorial_27/lecture4/src/install/turtlesim/share/turtlesim/rust/src/action.rs
[17.553s] -- Installing: /home/rm/sp_vision_tutorial_27/lecture4/src/install/turtlesim/share/turtlesim/rust/src/action
[17.553s] -- Installing: /home/rm/sp_vision_tutorial_27/lecture4/src/install/turtlesim/share/turtlesim/rust/src/action/rmw.rs
[17.553s] -- Installing: /home/rm/sp_vision_tutorial_27/lecture4/src/install/turtlesim/share/turtlesim/rust/src/srv
[17.553s] -- Installing: /home/rm/sp_vision_tutorial_27/lecture4/src/install/turtlesim/share/turtlesim/rust/src/srv/rmw.rs
[17.553s] -- Installing: /home/rm/sp_vision_tutorial_27/lecture4/src/install/turtlesim/share/turtlesim/rust/build.rs
[17.553s] -- Installing: /home/rm/sp_vision_tutorial_27/lecture4/src/install/turtlesim/share/turtlesim/rust/Cargo.toml
[17.554s] -- Installing: /home/rm/sp_vision_tutorial_27/lecture4/src/install/turtlesim/share/turtlesim/action/RotateAbsolute.idl
[17.554s] -- Installing: /home/rm/sp_vision_tutorial_27/lecture4/src/install/turtlesim/share/turtlesim/msg/Color.idl
[17.554s] -- Installing: /home/rm/sp_vision_tutorial_27/lecture4/src/install/turtlesim/share/turtlesim/msg/Pose.idl
[17.554s] -- Installing: /home/rm/sp_vision_tutorial_27/lecture4/src/install/turtlesim/share/turtlesim/srv/Kill.idl
[17.554s] -- Installing: /home/rm/sp_vision_tutorial_27/lecture4/src/install/turtlesim/share/turtlesim/srv/SetPen.idl
[17.554s] -- Installing: /home/rm/sp_vision_tutorial_27/lecture4/src/install/turtlesim/share/turtlesim/srv/Spawn.idl
[17.554s] -- Installing: /home/rm/sp_vision_tutorial_27/lecture4/src/install/turtlesim/share/turtlesim/srv/TeleportAbsolute.idl
[17.554s] -- Installing: /home/rm/sp_vision_tutorial_27/lecture4/src/install/turtlesim/share/turtlesim/srv/TeleportRelative.idl
[17.554s] -- Installing: /home/rm/sp_vision_tutorial_27/lecture4/src/install/turtlesim/share/turtlesim/action/RotateAbsolute.action
[17.554s] -- Installing: /home/rm/sp_vision_tutorial_27/lecture4/src/install/turtlesim/share/turtlesim/msg/Color.msg
[17.554s] -- Installing: /home/rm/sp_vision_tutorial_27/lecture4/src/install/turtlesim/share/turtlesim/msg/Pose.msg
[17.554s] -- Installing: /home/rm/sp_vision_tutorial_27/lecture4/src/install/turtlesim/share/turtlesim/srv/Kill.srv
[17.554s] -- Installing: /home/rm/sp_vision_tutorial_27/lecture4/src/install/turtlesim/share/turtlesim/srv/Kill_Request.msg
[17.554s] -- Installing: /home/rm/sp_vision_tutorial_27/lecture4/src/install/turtlesim/share/turtlesim/srv/Kill_Response.msg
[17.554s] -- Installing: /home/rm/sp_vision_tutorial_27/lecture4/src/install/turtlesim/share/turtlesim/srv/SetPen.srv
[17.554s] -- Installing: /home/rm/sp_vision_tutorial_27/lecture4/src/install/turtlesim/share/turtlesim/srv/SetPen_Request.msg
[17.554s] -- Installing: /home/rm/sp_vision_tutorial_27/lecture4/src/install/turtlesim/share/turtlesim/srv/SetPen_Response.msg
[17.554s] -- Installing: /home/rm/sp_vision_tutorial_27/lecture4/src/install/turtlesim/share/turtlesim/srv/Spawn.srv
[17.554s] -- Installing: /home/rm/sp_vision_tutorial_27/lecture4/src/install/turtlesim/share/turtlesim/srv/Spawn_Request.msg
[17.554s] -- Installing: /home/rm/sp_vision_tutorial_27/lecture4/src/install/turtlesim/share/turtlesim/srv/Spawn_Response.msg
[17.555s] -- Installing: /home/rm/sp_vision_tutorial_27/lecture4/src/install/turtlesim/share/turtlesim/srv/TeleportAbsolute.srv
[17.555s] -- Installing: /home/rm/sp_vision_tutorial_27/lecture4/src/install/turtlesim/share/turtlesim/srv/TeleportAbsolute_Request.msg
[17.555s] -- Installing: /home/rm/sp_vision_tutorial_27/lecture4/src/install/turtlesim/share/turtlesim/srv/TeleportAbsolute_Response.msg
[17.555s] -- Installing: /home/rm/sp_vision_tutorial_27/lecture4/src/install/turtlesim/share/turtlesim/srv/TeleportRelative.srv
[17.555s] -- Installing: /home/rm/sp_vision_tutorial_27/lecture4/src/install/turtlesim/share/turtlesim/srv/TeleportRelative_Request.msg
[17.555s] -- Installing: /home/rm/sp_vision_tutorial_27/lecture4/src/install/turtlesim/share/turtlesim/srv/TeleportRelative_Response.msg
[17.555s] -- Installing: /home/rm/sp_vision_tutorial_27/lecture4/src/install/turtlesim/lib/turtlesim/turtlesim_node
[17.562s] -- Set runtime path of "/home/rm/sp_vision_tutorial_27/lecture4/src/install/turtlesim/lib/turtlesim/turtlesim_node" to ""
[17.562s] -- Installing: /home/rm/sp_vision_tutorial_27/lecture4/src/install/turtlesim/lib/turtlesim/turtle_teleop_key
[17.564s] -- Set runtime path of "/home/rm/sp_vision_tutorial_27/lecture4/src/install/turtlesim/lib/turtlesim/turtle_teleop_key" to ""
[17.565s] -- Installing: /home/rm/sp_vision_tutorial_27/lecture4/src/install/turtlesim/lib/turtlesim/draw_square
[17.568s] -- Set runtime path of "/home/rm/sp_vision_tutorial_27/lecture4/src/install/turtlesim/lib/turtlesim/draw_square" to ""
[17.568s] -- Installing: /home/rm/sp_vision_tutorial_27/lecture4/src/install/turtlesim/lib/turtlesim/mimic
[17.571s] -- Set runtime path of "/home/rm/sp_vision_tutorial_27/lecture4/src/install/turtlesim/lib/turtlesim/mimic" to ""
[17.571s] -- Installing: /home/rm/sp_vision_tutorial_27/lecture4/src/install/turtlesim/share/turtlesim/images
[17.571s] -- Installing: /home/rm/sp_vision_tutorial_27/lecture4/src/install/turtlesim/share/turtlesim/images/humble.png
[17.571s] -- Installing: /home/rm/sp_vision_tutorial_27/lecture4/src/install/turtlesim/share/turtlesim/images/rolling.png
[17.571s] -- Installing: /home/rm/sp_vision_tutorial_27/lecture4/src/install/turtlesim/share/turtlesim/images/foxy.png
[17.571s] -- Installing: /home/rm/sp_vision_tutorial_27/lecture4/src/install/turtlesim/share/turtlesim/images/eloquent.png
[17.571s] -- Installing: /home/rm/sp_vision_tutorial_27/lecture4/src/install/turtlesim/share/turtlesim/images/ardent.png
[17.571s] -- Installing: /home/rm/sp_vision_tutorial_27/lecture4/src/install/turtlesim/share/turtlesim/images/dashing.png
[17.571s] -- Installing: /home/rm/sp_vision_tutorial_27/lecture4/src/install/turtlesim/share/turtlesim/images/bouncy.png
[17.572s] -- Installing: /home/rm/sp_vision_tutorial_27/lecture4/src/install/turtlesim/share/turtlesim/images/galactic.png
[17.572s] -- Installing: /home/rm/sp_vision_tutorial_27/lecture4/src/install/turtlesim/share/turtlesim/images/crystal.png
[17.572s] -- Installing: /home/rm/sp_vision_tutorial_27/lecture4/src/install/turtlesim/share/turtlesim/launch
[17.572s] -- Installing: /home/rm/sp_vision_tutorial_27/lecture4/src/install/turtlesim/share/turtlesim/launch/multisim.launch.py
[17.572s] -- Installing: /home/rm/sp_vision_tutorial_27/lecture4/src/install/turtlesim/share/ament_index/resource_index/package_run_dependencies/turtlesim
[17.572s] -- Installing: /home/rm/sp_vision_tutorial_27/lecture4/src/install/turtlesim/share/ament_index/resource_index/parent_prefix_path/turtlesim
[17.572s] -- Installing: /home/rm/sp_vision_tutorial_27/lecture4/src/install/turtlesim/share/turtlesim/environment/ament_prefix_path.sh
[17.572s] -- Installing: /home/rm/sp_vision_tutorial_27/lecture4/src/install/turtlesim/share/turtlesim/environment/ament_prefix_path.dsv
[17.572s] -- Installing: /home/rm/sp_vision_tutorial_27/lecture4/src/install/turtlesim/share/turtlesim/environment/path.sh
[17.572s] -- Installing: /home/rm/sp_vision_tutorial_27/lecture4/src/install/turtlesim/share/turtlesim/environment/path.dsv
[17.572s] -- Installing: /home/rm/sp_vision_tutorial_27/lecture4/src/install/turtlesim/share/turtlesim/local_setup.bash
[17.572s] -- Installing: /home/rm/sp_vision_tutorial_27/lecture4/src/install/turtlesim/share/turtlesim/local_setup.sh
[17.572s] -- Installing: /home/rm/sp_vision_tutorial_27/lecture4/src/install/turtlesim/share/turtlesim/local_setup.zsh
[17.572s] -- Installing: /home/rm/sp_vision_tutorial_27/lecture4/src/install/turtlesim/share/turtlesim/local_setup.dsv
[17.572s] -- Installing: /home/rm/sp_vision_tutorial_27/lecture4/src/install/turtlesim/share/turtlesim/package.dsv
[17.572s] -- Installing: /home/rm/sp_vision_tutorial_27/lecture4/src/install/turtlesim/share/ament_index/resource_index/packages/turtlesim
[17.572s] -- Installing: /home/rm/sp_vision_tutorial_27/lecture4/src/install/turtlesim/share/turtlesim/cmake/export_turtlesim__rosidl_generator_cExport.cmake
[17.572s] -- Installing: /home/rm/sp_vision_tutorial_27/lecture4/src/install/turtlesim/share/turtlesim/cmake/export_turtlesim__rosidl_generator_cExport-noconfig.cmake
[17.573s] -- Installing: /home/rm/sp_vision_tutorial_27/lecture4/src/install/turtlesim/share/turtlesim/cmake/export_turtlesim__rosidl_typesupport_fastrtps_cExport.cmake
[17.573s] -- Installing: /home/rm/sp_vision_tutorial_27/lecture4/src/install/turtlesim/share/turtlesim/cmake/export_turtlesim__rosidl_typesupport_fastrtps_cExport-noconfig.cmake
[17.573s] -- Installing: /home/rm/sp_vision_tutorial_27/lecture4/src/install/turtlesim/share/turtlesim/cmake/export_turtlesim__rosidl_generator_cppExport.cmake
[17.573s] -- Installing: /home/rm/sp_vision_tutorial_27/lecture4/src/install/turtlesim/share/turtlesim/cmake/export_turtlesim__rosidl_typesupport_fastrtps_cppExport.cmake
[17.573s] -- Installing: /home/rm/sp_vision_tutorial_27/lecture4/src/install/turtlesim/share/turtlesim/cmake/export_turtlesim__rosidl_typesupport_fastrtps_cppExport-noconfig.cmake
[17.573s] -- Installing: /home/rm/sp_vision_tutorial_27/lecture4/src/install/turtlesim/share/turtlesim/cmake/turtlesim__rosidl_typesupport_introspection_cExport.cmake
[17.573s] -- Installing: /home/rm/sp_vision_tutorial_27/lecture4/src/install/turtlesim/share/turtlesim/cmake/turtlesim__rosidl_typesupport_introspection_cExport-noconfig.cmake
[17.573s] -- Installing: /home/rm/sp_vision_tutorial_27/lecture4/src/install/turtlesim/share/turtlesim/cmake/turtlesim__rosidl_typesupport_cExport.cmake
[17.573s] -- Installing: /home/rm/sp_vision_tutorial_27/lecture4/src/install/turtlesim/share/turtlesim/cmake/turtlesim__rosidl_typesupport_cExport-noconfig.cmake
[17.573s] -- Installing: /home/rm/sp_vision_tutorial_27/lecture4/src/install/turtlesim/share/turtlesim/cmake/turtlesim__rosidl_typesupport_introspection_cppExport.cmake
[17.573s] -- Installing: /home/rm/sp_vision_tutorial_27/lecture4/src/install/turtlesim/share/turtlesim/cmake/turtlesim__rosidl_typesupport_introspection_cppExport-noconfig.cmake
[17.573s] -- Installing: /home/rm/sp_vision_tutorial_27/lecture4/src/install/turtlesim/share/turtlesim/cmake/turtlesim__rosidl_typesupport_cppExport.cmake
[17.573s] -- Installing: /home/rm/sp_vision_tutorial_27/lecture4/src/install/turtlesim/share/turtlesim/cmake/turtlesim__rosidl_typesupport_cppExport-noconfig.cmake
[17.573s] -- Installing: /home/rm/sp_vision_tutorial_27/lecture4/src/install/turtlesim/share/turtlesim/cmake/export_turtlesim__rosidl_generator_pyExport.cmake
[17.574s] -- Installing: /home/rm/sp_vision_tutorial_27/lecture4/src/install/turtlesim/share/turtlesim/cmake/export_turtlesim__rosidl_generator_pyExport-noconfig.cmake
[17.574s] -- Installing: /home/rm/sp_vision_tutorial_27/lecture4/src/install/turtlesim/share/turtlesim/cmake/rosidl_cmake-extras.cmake
[17.574s] -- Installing: /home/rm/sp_vision_tutorial_27/lecture4/src/install/turtlesim/share/turtlesim/cmake/ament_cmake_export_dependencies-extras.cmake
[17.574s] -- Installing: /home/rm/sp_vision_tutorial_27/lecture4/src/install/turtlesim/share/turtlesim/cmake/ament_cmake_export_include_directories-extras.cmake
[17.574s] -- Installing: /home/rm/sp_vision_tutorial_27/lecture4/src/install/turtlesim/share/turtlesim/cmake/ament_cmake_export_libraries-extras.cmake
[17.574s] -- Installing: /home/rm/sp_vision_tutorial_27/lecture4/src/install/turtlesim/share/turtlesim/cmake/ament_cmake_export_targets-extras.cmake
[17.574s] -- Installing: /home/rm/sp_vision_tutorial_27/lecture4/src/install/turtlesim/share/turtlesim/cmake/rosidl_cmake_export_typesupport_targets-extras.cmake
[17.574s] -- Installing: /home/rm/sp_vision_tutorial_27/lecture4/src/install/turtlesim/share/turtlesim/cmake/rosidl_cmake_export_typesupport_libraries-extras.cmake
[17.574s] -- Installing: /home/rm/sp_vision_tutorial_27/lecture4/src/install/turtlesim/share/turtlesim/cmake/rosidl_cmake_aggregate_target-extras.cmake
[17.574s] -- Installing: /home/rm/sp_vision_tutorial_27/lecture4/src/install/turtlesim/share/turtlesim/cmake/turtlesimConfig.cmake
[17.574s] -- Installing: /home/rm/sp_vision_tutorial_27/lecture4/src/install/turtlesim/share/turtlesim/cmake/turtlesimConfig-version.cmake
[17.574s] -- Installing: /home/rm/sp_vision_tutorial_27/lecture4/src/install/turtlesim/share/turtlesim/package.xml
[17.577s] Invoked command in '/home/rm/sp_vision_tutorial_27/lecture4/src/build/turtlesim' returned '0': CMAKE_PREFIX_PATH=/opt/ros/humble /usr/bin/cmake --install /home/rm/sp_vision_tutorial_27/lecture4/src/build/turtlesim
