[0.028s] Invoking command in '/home/rm/sp_vision_tutorial_27/build/qos_debugger': AMENT_PREFIX_PATH=/home/rm/sp_vision_tutorial_27/install/nav_hw_interfaces:${AMENT_PREFIX_PATH} CMAKE_PREFIX_PATH=/home/rm/sp_vision_tutorial_27/install/nav_hw_interfaces:/opt/ros/humble LD_LIBRARY_PATH=/home/rm/sp_vision_tutorial_27/install/nav_hw_interfaces/lib:/opt/MVS/lib/64:/opt/MVS/lib/32:/opt/ros/humble/opt/rviz_ogre_vendor/lib:/opt/ros/humble/lib/x86_64-linux-gnu:/opt/ros/humble/lib:/opt/MVS/lib/64:/opt/MVS/lib/32:/opt/MVS/lib/64:/opt/MVS/lib/32:/opt/MVS/lib/64:/opt/MVS/lib/32 PYTHONPATH=/home/rm/sp_vision_tutorial_27/install/nav_hw_interfaces/local/lib/python3.10/dist-packages:${PYTHONPATH} /usr/bin/cmake /home/rm/sp_vision_tutorial_27/lecture4/homework/src/qos_debugger -DCMAKE_INSTALL_PREFIX=/home/rm/sp_vision_tutorial_27/install/qos_debugger
[0.150s] -- The C compiler identification is GNU 11.4.0
[0.230s] -- The CXX compiler identification is GNU 11.4.0
[0.236s] -- Detecting C compiler ABI info
[0.378s] -- Detecting C compiler ABI info - done
[0.389s] -- Check for working C compiler: /usr/bin/cc - skipped
[0.389s] -- Detecting C compile features
[0.390s] -- Detecting C compile features - done
[0.397s] -- Detecting CXX compiler ABI info
[0.548s] -- Detecting CXX compiler ABI info - done
[0.554s] -- Check for working CXX compiler: /usr/bin/c++ - skipped
[0.554s] -- Detecting CXX compile features
[0.554s] -- Detecting CXX compile features - done
[0.556s] -- Found ament_cmake: 1.3.14 (/opt/ros/humble/share/ament_cmake/cmake)
[0.833s] -- Found Python3: /usr/bin/python3 (found version "3.10.12") found components: Interpreter 
[0.947s] -- Found rclcpp: 16.0.21 (/opt/ros/humble/share/rclcpp/cmake)
[0.995s] -- Found rosidl_generator_c: 3.1.9 (/opt/ros/humble/share/rosidl_generator_c/cmake)
[1.002s] -- Found rosidl_adapter: 3.1.9 (/opt/ros/humble/share/rosidl_adapter/cmake)
[1.013s] -- Found rosidl_generator_cpp: 3.1.9 (/opt/ros/humble/share/rosidl_generator_cpp/cmake)
[1.030s] -- Using all available rosidl_typesupport_c: rosidl_typesupport_fastrtps_c;rosidl_typesupport_introspection_c
[1.047s] -- Using all available rosidl_typesupport_cpp: rosidl_typesupport_fastrtps_cpp;rosidl_typesupport_introspection_cpp
[1.092s] -- Found rmw_implementation_cmake: 6.1.4 (/opt/ros/humble/share/rmw_implementation_cmake/cmake)
[1.098s] -- Found rmw_fastrtps_cpp: 6.2.10 (/opt/ros/humble/share/rmw_fastrtps_cpp/cmake)
[1.223s] -- Found OpenSSL: /usr/lib/x86_64-linux-gnu/libcrypto.so (found version "3.0.2")  
[1.242s] -- Found FastRTPS: /opt/ros/humble/include  
[1.279s] -- Using RMW implementation 'rmw_fastrtps_cpp' as default
[1.290s] -- Looking for pthread.h
[1.426s] -- Looking for pthread.h - found
[1.426s] -- Performing Test CMAKE_HAVE_LIBC_PTHREAD
[1.560s] -- Performing Test CMAKE_HAVE_LIBC_PTHREAD - Success
[1.561s] -- Found Threads: TRUE  
[1.619s] -- Found nav_hw_interfaces: 0.0.0 (/home/rm/sp_vision_tutorial_27/install/nav_hw_interfaces/share/nav_hw_interfaces/cmake)
[1.674s] -- Configuring done
[1.705s] -- Generating done
[1.713s] -- Build files have been written to: /home/rm/sp_vision_tutorial_27/build/qos_debugger
[1.726s] Invoked command in '/home/rm/sp_vision_tutorial_27/build/qos_debugger' returned '0': AMENT_PREFIX_PATH=/home/rm/sp_vision_tutorial_27/install/nav_hw_interfaces:${AMENT_PREFIX_PATH} CMAKE_PREFIX_PATH=/home/rm/sp_vision_tutorial_27/install/nav_hw_interfaces:/opt/ros/humble LD_LIBRARY_PATH=/home/rm/sp_vision_tutorial_27/install/nav_hw_interfaces/lib:/opt/MVS/lib/64:/opt/MVS/lib/32:/opt/ros/humble/opt/rviz_ogre_vendor/lib:/opt/ros/humble/lib/x86_64-linux-gnu:/opt/ros/humble/lib:/opt/MVS/lib/64:/opt/MVS/lib/32:/opt/MVS/lib/64:/opt/MVS/lib/32:/opt/MVS/lib/64:/opt/MVS/lib/32 PYTHONPATH=/home/rm/sp_vision_tutorial_27/install/nav_hw_interfaces/local/lib/python3.10/dist-packages:${PYTHONPATH} /usr/bin/cmake /home/rm/sp_vision_tutorial_27/lecture4/homework/src/qos_debugger -DCMAKE_INSTALL_PREFIX=/home/rm/sp_vision_tutorial_27/install/qos_debugger
[1.727s] Invoking command in '/home/rm/sp_vision_tutorial_27/build/qos_debugger': AMENT_PREFIX_PATH=/home/rm/sp_vision_tutorial_27/install/nav_hw_interfaces:${AMENT_PREFIX_PATH} CMAKE_PREFIX_PATH=/home/rm/sp_vision_tutorial_27/install/nav_hw_interfaces:/opt/ros/humble LD_LIBRARY_PATH=/home/rm/sp_vision_tutorial_27/install/nav_hw_interfaces/lib:/opt/MVS/lib/64:/opt/MVS/lib/32:/opt/ros/humble/opt/rviz_ogre_vendor/lib:/opt/ros/humble/lib/x86_64-linux-gnu:/opt/ros/humble/lib:/opt/MVS/lib/64:/opt/MVS/lib/32:/opt/MVS/lib/64:/opt/MVS/lib/32:/opt/MVS/lib/64:/opt/MVS/lib/32 PYTHONPATH=/home/rm/sp_vision_tutorial_27/install/nav_hw_interfaces/local/lib/python3.10/dist-packages:${PYTHONPATH} /usr/bin/cmake --build /home/rm/sp_vision_tutorial_27/build/qos_debugger -- -j8 -l8
[1.849s] [ 25%] [32mBuilding CXX object CMakeFiles/qos_debugger_pub.dir/src/qos_debugger_pub.cpp.o[0m
[1.861s] [ 50%] [32mBuilding CXX object CMakeFiles/qos_debugger_sub.dir/src/qos_debugger_sub.cpp.o[0m
[5.860s] [ 75%] [32m[1mLinking CXX executable qos_debugger_pub[0m
[6.035s] [ 75%] Built target qos_debugger_pub
[9.974s] [100%] [32m[1mLinking CXX executable qos_debugger_sub[0m
[10.248s] [100%] Built target qos_debugger_sub
[10.260s] Invoked command in '/home/rm/sp_vision_tutorial_27/build/qos_debugger' returned '0': AMENT_PREFIX_PATH=/home/rm/sp_vision_tutorial_27/install/nav_hw_interfaces:${AMENT_PREFIX_PATH} CMAKE_PREFIX_PATH=/home/rm/sp_vision_tutorial_27/install/nav_hw_interfaces:/opt/ros/humble LD_LIBRARY_PATH=/home/rm/sp_vision_tutorial_27/install/nav_hw_interfaces/lib:/opt/MVS/lib/64:/opt/MVS/lib/32:/opt/ros/humble/opt/rviz_ogre_vendor/lib:/opt/ros/humble/lib/x86_64-linux-gnu:/opt/ros/humble/lib:/opt/MVS/lib/64:/opt/MVS/lib/32:/opt/MVS/lib/64:/opt/MVS/lib/32:/opt/MVS/lib/64:/opt/MVS/lib/32 PYTHONPATH=/home/rm/sp_vision_tutorial_27/install/nav_hw_interfaces/local/lib/python3.10/dist-packages:${PYTHONPATH} /usr/bin/cmake --build /home/rm/sp_vision_tutorial_27/build/qos_debugger -- -j8 -l8
[10.262s] Invoking command in '/home/rm/sp_vision_tutorial_27/build/qos_debugger': AMENT_PREFIX_PATH=/home/rm/sp_vision_tutorial_27/install/nav_hw_interfaces:${AMENT_PREFIX_PATH} CMAKE_PREFIX_PATH=/home/rm/sp_vision_tutorial_27/install/nav_hw_interfaces:/opt/ros/humble LD_LIBRARY_PATH=/home/rm/sp_vision_tutorial_27/install/nav_hw_interfaces/lib:/opt/MVS/lib/64:/opt/MVS/lib/32:/opt/ros/humble/opt/rviz_ogre_vendor/lib:/opt/ros/humble/lib/x86_64-linux-gnu:/opt/ros/humble/lib:/opt/MVS/lib/64:/opt/MVS/lib/32:/opt/MVS/lib/64:/opt/MVS/lib/32:/opt/MVS/lib/64:/opt/MVS/lib/32 PYTHONPATH=/home/rm/sp_vision_tutorial_27/install/nav_hw_interfaces/local/lib/python3.10/dist-packages:${PYTHONPATH} /usr/bin/cmake --install /home/rm/sp_vision_tutorial_27/build/qos_debugger
[10.270s] -- Install configuration: ""
[10.270s] -- Installing: /home/rm/sp_vision_tutorial_27/install/qos_debugger/lib/qos_debugger/qos_debugger_pub
[10.270s] -- Set runtime path of "/home/rm/sp_vision_tutorial_27/install/qos_debugger/lib/qos_debugger/qos_debugger_pub" to ""
[10.270s] -- Installing: /home/rm/sp_vision_tutorial_27/install/qos_debugger/lib/qos_debugger/qos_debugger_sub
[10.273s] -- Set runtime path of "/home/rm/sp_vision_tutorial_27/install/qos_debugger/lib/qos_debugger/qos_debugger_sub" to ""
[10.273s] -- Installing: /home/rm/sp_vision_tutorial_27/install/qos_debugger/share/ament_index/resource_index/package_run_dependencies/qos_debugger
[10.273s] -- Installing: /home/rm/sp_vision_tutorial_27/install/qos_debugger/share/ament_index/resource_index/parent_prefix_path/qos_debugger
[10.273s] -- Installing: /home/rm/sp_vision_tutorial_27/install/qos_debugger/share/qos_debugger/environment/ament_prefix_path.sh
[10.273s] -- Installing: /home/rm/sp_vision_tutorial_27/install/qos_debugger/share/qos_debugger/environment/ament_prefix_path.dsv
[10.273s] -- Installing: /home/rm/sp_vision_tutorial_27/install/qos_debugger/share/qos_debugger/environment/path.sh
[10.273s] -- Installing: /home/rm/sp_vision_tutorial_27/install/qos_debugger/share/qos_debugger/environment/path.dsv
[10.273s] -- Installing: /home/rm/sp_vision_tutorial_27/install/qos_debugger/share/qos_debugger/local_setup.bash
[10.273s] -- Installing: /home/rm/sp_vision_tutorial_27/install/qos_debugger/share/qos_debugger/local_setup.sh
[10.273s] -- Installing: /home/rm/sp_vision_tutorial_27/install/qos_debugger/share/qos_debugger/local_setup.zsh
[10.273s] -- Installing: /home/rm/sp_vision_tutorial_27/install/qos_debugger/share/qos_debugger/local_setup.dsv
[10.273s] -- Installing: /home/rm/sp_vision_tutorial_27/install/qos_debugger/share/qos_debugger/package.dsv
[10.273s] -- Installing: /home/rm/sp_vision_tutorial_27/install/qos_debugger/share/ament_index/resource_index/packages/qos_debugger
[10.274s] -- Installing: /home/rm/sp_vision_tutorial_27/install/qos_debugger/share/qos_debugger/cmake/qos_debuggerConfig.cmake
[10.274s] -- Installing: /home/rm/sp_vision_tutorial_27/install/qos_debugger/share/qos_debugger/cmake/qos_debuggerConfig-version.cmake
[10.274s] -- Installing: /home/rm/sp_vision_tutorial_27/install/qos_debugger/share/qos_debugger/package.xml
[10.276s] Invoked command in '/home/rm/sp_vision_tutorial_27/build/qos_debugger' returned '0': AMENT_PREFIX_PATH=/home/rm/sp_vision_tutorial_27/install/nav_hw_interfaces:${AMENT_PREFIX_PATH} CMAKE_PREFIX_PATH=/home/rm/sp_vision_tutorial_27/install/nav_hw_interfaces:/opt/ros/humble LD_LIBRARY_PATH=/home/rm/sp_vision_tutorial_27/install/nav_hw_interfaces/lib:/opt/MVS/lib/64:/opt/MVS/lib/32:/opt/ros/humble/opt/rviz_ogre_vendor/lib:/opt/ros/humble/lib/x86_64-linux-gnu:/opt/ros/humble/lib:/opt/MVS/lib/64:/opt/MVS/lib/32:/opt/MVS/lib/64:/opt/MVS/lib/32:/opt/MVS/lib/64:/opt/MVS/lib/32 PYTHONPATH=/home/rm/sp_vision_tutorial_27/install/nav_hw_interfaces/local/lib/python3.10/dist-packages:${PYTHONPATH} /usr/bin/cmake --install /home/rm/sp_vision_tutorial_27/build/qos_debugger
