[0.152s] Invoking command in '/home/rm/sp_vision_tutorial_27/build/learning_pkg_c': CMAKE_PREFIX_PATH=/opt/ros/humble /usr/bin/cmake /home/rm/sp_vision_tutorial_27/lecture4/src/learning_pkg_c -DCMAKE_INSTALL_PREFIX=/home/rm/sp_vision_tutorial_27/install/learning_pkg_c
[0.195s] -- The C compiler identification is GNU 11.4.0
[0.236s] -- The CXX compiler identification is GNU 11.4.0
[0.244s] -- Detecting C compiler ABI info
[0.300s] -- Detecting C compiler ABI info - done
[0.310s] -- Check for working C compiler: /usr/bin/cc - skipped
[0.310s] -- Detecting C compile features
[0.310s] -- Detecting C compile features - done
[0.310s] -- Detecting CXX compiler ABI info
[0.391s] -- Detecting CXX compiler ABI info - done
[0.396s] -- Check for working CXX compiler: /usr/bin/c++ - skipped
[0.396s] -- Detecting CXX compile features
[0.397s] -- Detecting CXX compile features - done
[0.399s] -- Found ament_cmake: 1.3.14 (/opt/ros/humble/share/ament_cmake/cmake)
[0.531s] -- Found Python3: /usr/bin/python3 (found version "3.10.12") found components: Interpreter 
[0.662s] -- Found ament_lint_auto: 0.12.15 (/opt/ros/humble/share/ament_lint_auto/cmake)
[0.755s] -- Added test 'lint_cmake' to check CMake code style
[0.755s] -- Added test 'xmllint' to check XML markup files
[0.756s] -- Configuring done
[0.758s] -- Generating done
[0.759s] -- Build files have been written to: /home/rm/sp_vision_tutorial_27/build/learning_pkg_c
[0.766s] Invoked command in '/home/rm/sp_vision_tutorial_27/build/learning_pkg_c' returned '0': CMAKE_PREFIX_PATH=/opt/ros/humble /usr/bin/cmake /home/rm/sp_vision_tutorial_27/lecture4/src/learning_pkg_c -DCMAKE_INSTALL_PREFIX=/home/rm/sp_vision_tutorial_27/install/learning_pkg_c
[0.767s] Invoking command in '/home/rm/sp_vision_tutorial_27/build/learning_pkg_c': CMAKE_PREFIX_PATH=/opt/ros/humble /usr/bin/cmake --build /home/rm/sp_vision_tutorial_27/build/learning_pkg_c -- -j8 -l8
[0.829s] Invoked command in '/home/rm/sp_vision_tutorial_27/build/learning_pkg_c' returned '0': CMAKE_PREFIX_PATH=/opt/ros/humble /usr/bin/cmake --build /home/rm/sp_vision_tutorial_27/build/learning_pkg_c -- -j8 -l8
[0.847s] Invoking command in '/home/rm/sp_vision_tutorial_27/build/learning_pkg_c': CMAKE_PREFIX_PATH=/opt/ros/humble /usr/bin/cmake --install /home/rm/sp_vision_tutorial_27/build/learning_pkg_c
[1.187s] -- Install configuration: ""
[1.187s] -- Installing: /home/rm/sp_vision_tutorial_27/install/learning_pkg_c/share/ament_index/resource_index/package_run_dependencies/learning_pkg_c
[1.188s] -- Installing: /home/rm/sp_vision_tutorial_27/install/learning_pkg_c/share/ament_index/resource_index/parent_prefix_path/learning_pkg_c
[1.188s] -- Installing: /home/rm/sp_vision_tutorial_27/install/learning_pkg_c/share/learning_pkg_c/environment/ament_prefix_path.sh
[1.188s] -- Installing: /home/rm/sp_vision_tutorial_27/install/learning_pkg_c/share/learning_pkg_c/environment/ament_prefix_path.dsv
[1.188s] -- Installing: /home/rm/sp_vision_tutorial_27/install/learning_pkg_c/share/learning_pkg_c/environment/path.sh
[1.188s] -- Installing: /home/rm/sp_vision_tutorial_27/install/learning_pkg_c/share/learning_pkg_c/environment/path.dsv
[1.188s] -- Installing: /home/rm/sp_vision_tutorial_27/install/learning_pkg_c/share/learning_pkg_c/local_setup.bash
[1.188s] -- Installing: /home/rm/sp_vision_tutorial_27/install/learning_pkg_c/share/learning_pkg_c/local_setup.sh
[1.188s] -- Installing: /home/rm/sp_vision_tutorial_27/install/learning_pkg_c/share/learning_pkg_c/local_setup.zsh
[1.188s] -- Installing: /home/rm/sp_vision_tutorial_27/install/learning_pkg_c/share/learning_pkg_c/local_setup.dsv
[1.188s] -- Installing: /home/rm/sp_vision_tutorial_27/install/learning_pkg_c/share/learning_pkg_c/package.dsv
[1.188s] -- Installing: /home/rm/sp_vision_tutorial_27/install/learning_pkg_c/share/ament_index/resource_index/packages/learning_pkg_c
[1.188s] -- Installing: /home/rm/sp_vision_tutorial_27/install/learning_pkg_c/share/learning_pkg_c/cmake/learning_pkg_cConfig.cmake
[1.188s] -- Installing: /home/rm/sp_vision_tutorial_27/install/learning_pkg_c/share/learning_pkg_c/cmake/learning_pkg_cConfig-version.cmake
[1.188s] -- Installing: /home/rm/sp_vision_tutorial_27/install/learning_pkg_c/share/learning_pkg_c/package.xml
[1.188s] Invoked command in '/home/rm/sp_vision_tutorial_27/build/learning_pkg_c' returned '0': CMAKE_PREFIX_PATH=/opt/ros/humble /usr/bin/cmake --install /home/rm/sp_vision_tutorial_27/build/learning_pkg_c
