[0.669s] Invoking command in '/home/rm/sp_vision_tutorial_27/lecture4/src/learning_pkg_python': PYTHONPATH=/home/rm/sp_vision_tutorial_27/lecture4/build/learning_pkg_python/prefix_override:/usr/lib/python3/dist-packages/colcon_core/task/python/colcon_distutils_commands:/home/rm/sp_vision_tutorial_27/lecture4/install/learning_pkg_python/lib/python3.10/site-packages:${PYTHONPATH} /usr/bin/python3 -W ignore:setup.py install is deprecated -W ignore:easy_install command is deprecated setup.py egg_info --egg-base ../../build/learning_pkg_python build --build-base /home/rm/sp_vision_tutorial_27/lecture4/build/learning_pkg_python/build install --record /home/rm/sp_vision_tutorial_27/lecture4/build/learning_pkg_python/install.log --install-scripts $base/lib/learning_pkg_python --single-version-externally-managed install_data
[0.790s] running egg_info
[0.790s] writing ../../build/learning_pkg_python/learning_pkg_python.egg-info/PKG-INFO
[0.791s] writing dependency_links to ../../build/learning_pkg_python/learning_pkg_python.egg-info/dependency_links.txt
[0.791s] writing entry points to ../../build/learning_pkg_python/learning_pkg_python.egg-info/entry_points.txt
[0.791s] writing requirements to ../../build/learning_pkg_python/learning_pkg_python.egg-info/requires.txt
[0.791s] writing top-level names to ../../build/learning_pkg_python/learning_pkg_python.egg-info/top_level.txt
[0.792s] reading manifest file '../../build/learning_pkg_python/learning_pkg_python.egg-info/SOURCES.txt'
[0.792s] writing manifest file '../../build/learning_pkg_python/learning_pkg_python.egg-info/SOURCES.txt'
[0.793s] running build
[0.793s] running build_py
[0.793s] running install
[0.793s] running install_lib
[0.794s] running install_data
[0.794s] running install_egg_info
[0.795s] removing '/home/rm/sp_vision_tutorial_27/lecture4/install/learning_pkg_python/lib/python3.10/site-packages/learning_pkg_python-0.0.0-py3.10.egg-info' (and everything under it)
[0.795s] Copying ../../build/learning_pkg_python/learning_pkg_python.egg-info to /home/rm/sp_vision_tutorial_27/lecture4/install/learning_pkg_python/lib/python3.10/site-packages/learning_pkg_python-0.0.0-py3.10.egg-info
[0.795s] running install_scripts
[0.809s] writing list of installed files to '/home/rm/sp_vision_tutorial_27/lecture4/build/learning_pkg_python/install.log'
[0.825s] Invoked command in '/home/rm/sp_vision_tutorial_27/lecture4/src/learning_pkg_python' returned '0': PYTHONPATH=/home/rm/sp_vision_tutorial_27/lecture4/build/learning_pkg_python/prefix_override:/usr/lib/python3/dist-packages/colcon_core/task/python/colcon_distutils_commands:/home/rm/sp_vision_tutorial_27/lecture4/install/learning_pkg_python/lib/python3.10/site-packages:${PYTHONPATH} /usr/bin/python3 -W ignore:setup.py install is deprecated -W ignore:easy_install command is deprecated setup.py egg_info --egg-base ../../build/learning_pkg_python build --build-base /home/rm/sp_vision_tutorial_27/lecture4/build/learning_pkg_python/build install --record /home/rm/sp_vision_tutorial_27/lecture4/build/learning_pkg_python/install.log --install-scripts $base/lib/learning_pkg_python --single-version-externally-managed install_data
