[0.025s] Invoking command in '/home/rm/sp_vision_tutorial_27/lecture4/build/topic_learning_pub': CMAKE_PREFIX_PATH=/opt/ros/humble /usr/bin/cmake /home/rm/sp_vision_tutorial_27/lecture4/src/ep2/topic_learning_pub -DCMAKE_INSTALL_PREFIX=/home/rm/sp_vision_tutorial_27/lecture4/install/topic_learning_pub
[0.298s] -- The C compiler identification is GNU 11.4.0
[0.298s] -- The CXX compiler identification is GNU 11.4.0
[0.298s] -- Detecting C compiler ABI info
[0.298s] -- Detecting C compiler ABI info - done
[0.298s] -- Check for working C compiler: /usr/bin/cc - skipped
[0.298s] -- Detecting C compile features
[0.298s] -- Detecting C compile features - done
[0.298s] -- Detecting CXX compiler ABI info
[0.298s] -- Detecting CXX compiler ABI info - done
[0.298s] -- Check for working CXX compiler: /usr/bin/c++ - skipped
[0.299s] -- Detecting CXX compile features
[0.299s] -- Detecting CXX compile features - done
[0.299s] -- Found ament_cmake: 1.3.14 (/opt/ros/humble/share/ament_cmake/cmake)
[0.347s] -- Found Python3: /usr/bin/python3 (found version "3.10.12") found components: Interpreter 
[0.405s] -- Found rclcpp: 16.0.21 (/opt/ros/humble/share/rclcpp/cmake)
[0.459s] -- Found rosidl_generator_c: 3.1.9 (/opt/ros/humble/share/rosidl_generator_c/cmake)
[0.462s] -- Found rosidl_adapter: 3.1.9 (/opt/ros/humble/share/rosidl_adapter/cmake)
[0.468s] -- Found rosidl_generator_cpp: 3.1.9 (/opt/ros/humble/share/rosidl_generator_cpp/cmake)
[0.485s] -- Using all available rosidl_typesupport_c: rosidl_typesupport_fastrtps_c;rosidl_typesupport_introspection_c
[0.485s] -- Using all available rosidl_typesupport_cpp: rosidl_typesupport_fastrtps_cpp;rosidl_typesupport_introspection_cpp
[0.532s] -- Found rmw_implementation_cmake: 6.1.4 (/opt/ros/humble/share/rmw_implementation_cmake/cmake)
[0.532s] -- Found rmw_fastrtps_cpp: 6.2.10 (/opt/ros/humble/share/rmw_fastrtps_cpp/cmake)
[0.617s] -- Found OpenSSL: /usr/lib/x86_64-linux-gnu/libcrypto.so (found version "3.0.2")  
[0.633s] -- Found FastRTPS: /opt/ros/humble/include  
[0.659s] -- Using RMW implementation 'rmw_fastrtps_cpp' as default
[0.663s] -- Looking for pthread.h
[0.736s] -- Looking for pthread.h - found
[0.738s] -- Performing Test CMAKE_HAVE_LIBC_PTHREAD
[0.809s] -- Performing Test CMAKE_HAVE_LIBC_PTHREAD - Success
[0.809s] -- Found Threads: TRUE  
[0.840s] -- Found ament_lint_auto: 0.12.15 (/opt/ros/humble/share/ament_lint_auto/cmake)
[0.886s] -- Added test 'cppcheck' to perform static code analysis on C / C++ code
[0.887s] -- Configured cppcheck include dirs: 
[0.887s] -- Configured cppcheck exclude dirs and/or files: 
[0.887s] -- Added test 'lint_cmake' to check CMake code style
[0.888s] -- Added test 'uncrustify' to check C / C++ code style
[0.888s] -- Configured uncrustify additional arguments: 
[0.888s] -- Added test 'xmllint' to check XML markup files
[0.889s] -- Configuring done
[0.899s] -- Generating done
[0.903s] -- Build files have been written to: /home/rm/sp_vision_tutorial_27/lecture4/build/topic_learning_pub
[0.914s] Invoked command in '/home/rm/sp_vision_tutorial_27/lecture4/build/topic_learning_pub' returned '0': CMAKE_PREFIX_PATH=/opt/ros/humble /usr/bin/cmake /home/rm/sp_vision_tutorial_27/lecture4/src/ep2/topic_learning_pub -DCMAKE_INSTALL_PREFIX=/home/rm/sp_vision_tutorial_27/lecture4/install/topic_learning_pub
[0.914s] Invoking command in '/home/rm/sp_vision_tutorial_27/lecture4/build/topic_learning_pub': CMAKE_PREFIX_PATH=/opt/ros/humble /usr/bin/cmake --build /home/rm/sp_vision_tutorial_27/lecture4/build/topic_learning_pub -- -j8 -l8
[0.956s] [ 25%] [32mBuilding CXX object CMakeFiles/publisher_node.dir/src/publisher_node.cpp.o[0m
[0.957s] [ 50%] [32mBuilding CXX object CMakeFiles/qos_publisher.dir/src/qos_publisher.cpp.o[0m
[5.052s] [ 75%] [32m[1mLinking CXX executable publisher_node[0m
[5.359s] [ 75%] Built target publisher_node
[5.441s] [100%] [32m[1mLinking CXX executable qos_publisher[0m
[5.704s] [100%] Built target qos_publisher
[5.741s] Invoked command in '/home/rm/sp_vision_tutorial_27/lecture4/build/topic_learning_pub' returned '0': CMAKE_PREFIX_PATH=/opt/ros/humble /usr/bin/cmake --build /home/rm/sp_vision_tutorial_27/lecture4/build/topic_learning_pub -- -j8 -l8
[5.741s] Invoking command in '/home/rm/sp_vision_tutorial_27/lecture4/build/topic_learning_pub': CMAKE_PREFIX_PATH=/opt/ros/humble /usr/bin/cmake --install /home/rm/sp_vision_tutorial_27/lecture4/build/topic_learning_pub
[5.766s] -- Install configuration: ""
[5.766s] -- Installing: /home/rm/sp_vision_tutorial_27/lecture4/install/topic_learning_pub/lib/topic_learning_pub/publisher_node
[5.766s] -- Set runtime path of "/home/rm/sp_vision_tutorial_27/lecture4/install/topic_learning_pub/lib/topic_learning_pub/publisher_node" to ""
[5.766s] -- Installing: /home/rm/sp_vision_tutorial_27/lecture4/install/topic_learning_pub/lib/topic_learning_pub/qos_publisher
[5.766s] -- Set runtime path of "/home/rm/sp_vision_tutorial_27/lecture4/install/topic_learning_pub/lib/topic_learning_pub/qos_publisher" to ""
[5.766s] -- Installing: /home/rm/sp_vision_tutorial_27/lecture4/install/topic_learning_pub/share/ament_index/resource_index/package_run_dependencies/topic_learning_pub
[5.766s] -- Installing: /home/rm/sp_vision_tutorial_27/lecture4/install/topic_learning_pub/share/ament_index/resource_index/parent_prefix_path/topic_learning_pub
[5.766s] -- Installing: /home/rm/sp_vision_tutorial_27/lecture4/install/topic_learning_pub/share/topic_learning_pub/environment/ament_prefix_path.sh
[5.766s] -- Installing: /home/rm/sp_vision_tutorial_27/lecture4/install/topic_learning_pub/share/topic_learning_pub/environment/ament_prefix_path.dsv
[5.766s] -- Installing: /home/rm/sp_vision_tutorial_27/lecture4/install/topic_learning_pub/share/topic_learning_pub/environment/path.sh
[5.766s] -- Installing: /home/rm/sp_vision_tutorial_27/lecture4/install/topic_learning_pub/share/topic_learning_pub/environment/path.dsv
[5.766s] -- Installing: /home/rm/sp_vision_tutorial_27/lecture4/install/topic_learning_pub/share/topic_learning_pub/local_setup.bash
[5.766s] -- Installing: /home/rm/sp_vision_tutorial_27/lecture4/install/topic_learning_pub/share/topic_learning_pub/local_setup.sh
[5.766s] -- Installing: /home/rm/sp_vision_tutorial_27/lecture4/install/topic_learning_pub/share/topic_learning_pub/local_setup.zsh
[5.766s] -- Installing: /home/rm/sp_vision_tutorial_27/lecture4/install/topic_learning_pub/share/topic_learning_pub/local_setup.dsv
[5.766s] -- Installing: /home/rm/sp_vision_tutorial_27/lecture4/install/topic_learning_pub/share/topic_learning_pub/package.dsv
[5.766s] -- Installing: /home/rm/sp_vision_tutorial_27/lecture4/install/topic_learning_pub/share/ament_index/resource_index/packages/topic_learning_pub
[5.766s] -- Installing: /home/rm/sp_vision_tutorial_27/lecture4/install/topic_learning_pub/share/topic_learning_pub/cmake/topic_learning_pubConfig.cmake
[5.766s] -- Installing: /home/rm/sp_vision_tutorial_27/lecture4/install/topic_learning_pub/share/topic_learning_pub/cmake/topic_learning_pubConfig-version.cmake
[5.766s] -- Installing: /home/rm/sp_vision_tutorial_27/lecture4/install/topic_learning_pub/share/topic_learning_pub/package.xml
[5.789s] Invoked command in '/home/rm/sp_vision_tutorial_27/lecture4/build/topic_learning_pub' returned '0': CMAKE_PREFIX_PATH=/opt/ros/humble /usr/bin/cmake --install /home/rm/sp_vision_tutorial_27/lecture4/build/topic_learning_pub
