-- The C compiler identification is GNU 11.4.0
-- The CXX compiler identification is GNU 11.4.0
-- Detecting C compiler ABI info
-- Detecting C compiler ABI info - done
-- Check for working C compiler: /usr/bin/cc - skipped
-- Detecting C compile features
-- Detecting C compile features - done
-- Detecting CXX compiler ABI info
-- Detecting CXX compiler ABI info - done
-- Check for working CXX compiler: /usr/bin/c++ - skipped
-- Detecting CXX compile features
-- Detecting CXX compile features - done
-- Found ament_cmake: 1.3.14 (/opt/ros/humble/share/ament_cmake/cmake)
-- Found Python3: /usr/bin/python3 (found version "3.10.12") found components: Interpreter 
-- Found ament_lint_auto: 0.12.15 (/opt/ros/humble/share/ament_lint_auto/cmake)
-- Added test 'lint_cmake' to check CMake code style
-- Added test 'xmllint' to check XML markup files
-- Configuring done
-- Generating done
-- Build files have been written to: /home/rm/sp_vision_tutorial_27/lecture4/src/build/learning_pkg_c
-- Install configuration: ""
-- Installing: /home/rm/sp_vision_tutorial_27/lecture4/src/install/learning_pkg_c/share/ament_index/resource_index/package_run_dependencies/learning_pkg_c
-- Installing: /home/rm/sp_vision_tutorial_27/lecture4/src/install/learning_pkg_c/share/ament_index/resource_index/parent_prefix_path/learning_pkg_c
-- Installing: /home/rm/sp_vision_tutorial_27/lecture4/src/install/learning_pkg_c/share/learning_pkg_c/environment/ament_prefix_path.sh
-- Installing: /home/rm/sp_vision_tutorial_27/lecture4/src/install/learning_pkg_c/share/learning_pkg_c/environment/ament_prefix_path.dsv
-- Installing: /home/rm/sp_vision_tutorial_27/lecture4/src/install/learning_pkg_c/share/learning_pkg_c/environment/path.sh
-- Installing: /home/rm/sp_vision_tutorial_27/lecture4/src/install/learning_pkg_c/share/learning_pkg_c/environment/path.dsv
-- Installing: /home/rm/sp_vision_tutorial_27/lecture4/src/install/learning_pkg_c/share/learning_pkg_c/local_setup.bash
-- Installing: /home/rm/sp_vision_tutorial_27/lecture4/src/install/learning_pkg_c/share/learning_pkg_c/local_setup.sh
-- Installing: /home/rm/sp_vision_tutorial_27/lecture4/src/install/learning_pkg_c/share/learning_pkg_c/local_setup.zsh
-- Installing: /home/rm/sp_vision_tutorial_27/lecture4/src/install/learning_pkg_c/share/learning_pkg_c/local_setup.dsv
-- Installing: /home/rm/sp_vision_tutorial_27/lecture4/src/install/learning_pkg_c/share/learning_pkg_c/package.dsv
-- Installing: /home/rm/sp_vision_tutorial_27/lecture4/src/install/learning_pkg_c/share/ament_index/resource_index/packages/learning_pkg_c
-- Installing: /home/rm/sp_vision_tutorial_27/lecture4/src/install/learning_pkg_c/share/learning_pkg_c/cmake/learning_pkg_cConfig.cmake
-- Installing: /home/rm/sp_vision_tutorial_27/lecture4/src/install/learning_pkg_c/share/learning_pkg_c/cmake/learning_pkg_cConfig-version.cmake
-- Installing: /home/rm/sp_vision_tutorial_27/lecture4/src/install/learning_pkg_c/share/learning_pkg_c/package.xml
