[0.153s] Invoking command in '/home/rm/sp_vision_tutorial_27/lecture4/src/build/learning_pkg_c': CMAKE_PREFIX_PATH=/opt/ros/humble /usr/bin/cmake /home/rm/sp_vision_tutorial_27/lecture4/src/learning_pkg_c -DCMAKE_INSTALL_PREFIX=/home/rm/sp_vision_tutorial_27/lecture4/src/install/learning_pkg_c
[0.296s] -- The C compiler identification is GNU 11.4.0
[0.296s] -- The CXX compiler identification is GNU 11.4.0
[0.296s] -- Detecting C compiler ABI info
[0.352s] -- Detecting C compiler ABI info - done
[0.355s] -- Check for working C compiler: /usr/bin/cc - skipped
[0.355s] -- Detecting C compile features
[0.355s] -- Detecting C compile features - done
[0.357s] -- Detecting CXX compiler ABI info
[0.433s] -- Detecting CXX compiler ABI info - done
[0.437s] -- Check for working CXX compiler: /usr/bin/c++ - skipped
[0.437s] -- Detecting CXX compile features
[0.437s] -- Detecting CXX compile features - done
[0.442s] -- Found ament_cmake: 1.3.14 (/opt/ros/humble/share/ament_cmake/cmake)
[0.565s] -- Found Python3: /usr/bin/python3 (found version "3.10.12") found components: Interpreter 
[0.638s] -- Found ament_lint_auto: 0.12.15 (/opt/ros/humble/share/ament_lint_auto/cmake)
[0.704s] -- Added test 'lint_cmake' to check CMake code style
[0.708s] -- Added test 'xmllint' to check XML markup files
[0.721s] -- Configuring done
[0.721s] -- Generating done
[0.721s] -- Build files have been written to: /home/rm/sp_vision_tutorial_27/lecture4/src/build/learning_pkg_c
[0.737s] Invoked command in '/home/rm/sp_vision_tutorial_27/lecture4/src/build/learning_pkg_c' returned '0': CMAKE_PREFIX_PATH=/opt/ros/humble /usr/bin/cmake /home/rm/sp_vision_tutorial_27/lecture4/src/learning_pkg_c -DCMAKE_INSTALL_PREFIX=/home/rm/sp_vision_tutorial_27/lecture4/src/install/learning_pkg_c
[0.737s] Invoking command in '/home/rm/sp_vision_tutorial_27/lecture4/src/build/learning_pkg_c': CMAKE_PREFIX_PATH=/opt/ros/humble /usr/bin/cmake --build /home/rm/sp_vision_tutorial_27/lecture4/src/build/learning_pkg_c -- -j8 -l8
[0.792s] Invoked command in '/home/rm/sp_vision_tutorial_27/lecture4/src/build/learning_pkg_c' returned '0': CMAKE_PREFIX_PATH=/opt/ros/humble /usr/bin/cmake --build /home/rm/sp_vision_tutorial_27/lecture4/src/build/learning_pkg_c -- -j8 -l8
[0.800s] Invoking command in '/home/rm/sp_vision_tutorial_27/lecture4/src/build/learning_pkg_c': CMAKE_PREFIX_PATH=/opt/ros/humble /usr/bin/cmake --install /home/rm/sp_vision_tutorial_27/lecture4/src/build/learning_pkg_c
[0.808s] -- Install configuration: ""
[0.808s] -- Installing: /home/rm/sp_vision_tutorial_27/lecture4/src/install/learning_pkg_c/share/ament_index/resource_index/package_run_dependencies/learning_pkg_c
[0.808s] -- Installing: /home/rm/sp_vision_tutorial_27/lecture4/src/install/learning_pkg_c/share/ament_index/resource_index/parent_prefix_path/learning_pkg_c
[0.808s] -- Installing: /home/rm/sp_vision_tutorial_27/lecture4/src/install/learning_pkg_c/share/learning_pkg_c/environment/ament_prefix_path.sh
[0.808s] -- Installing: /home/rm/sp_vision_tutorial_27/lecture4/src/install/learning_pkg_c/share/learning_pkg_c/environment/ament_prefix_path.dsv
[0.808s] -- Installing: /home/rm/sp_vision_tutorial_27/lecture4/src/install/learning_pkg_c/share/learning_pkg_c/environment/path.sh
[0.808s] -- Installing: /home/rm/sp_vision_tutorial_27/lecture4/src/install/learning_pkg_c/share/learning_pkg_c/environment/path.dsv
[0.808s] -- Installing: /home/rm/sp_vision_tutorial_27/lecture4/src/install/learning_pkg_c/share/learning_pkg_c/local_setup.bash
[0.808s] -- Installing: /home/rm/sp_vision_tutorial_27/lecture4/src/install/learning_pkg_c/share/learning_pkg_c/local_setup.sh
[0.808s] -- Installing: /home/rm/sp_vision_tutorial_27/lecture4/src/install/learning_pkg_c/share/learning_pkg_c/local_setup.zsh
[0.808s] -- Installing: /home/rm/sp_vision_tutorial_27/lecture4/src/install/learning_pkg_c/share/learning_pkg_c/local_setup.dsv
[0.808s] -- Installing: /home/rm/sp_vision_tutorial_27/lecture4/src/install/learning_pkg_c/share/learning_pkg_c/package.dsv
[0.808s] -- Installing: /home/rm/sp_vision_tutorial_27/lecture4/src/install/learning_pkg_c/share/ament_index/resource_index/packages/learning_pkg_c
[0.809s] -- Installing: /home/rm/sp_vision_tutorial_27/lecture4/src/install/learning_pkg_c/share/learning_pkg_c/cmake/learning_pkg_cConfig.cmake
[0.809s] -- Installing: /home/rm/sp_vision_tutorial_27/lecture4/src/install/learning_pkg_c/share/learning_pkg_c/cmake/learning_pkg_cConfig-version.cmake
[0.809s] -- Installing: /home/rm/sp_vision_tutorial_27/lecture4/src/install/learning_pkg_c/share/learning_pkg_c/package.xml
[0.810s] Invoked command in '/home/rm/sp_vision_tutorial_27/lecture4/src/build/learning_pkg_c' returned '0': CMAKE_PREFIX_PATH=/opt/ros/humble /usr/bin/cmake --install /home/rm/sp_vision_tutorial_27/lecture4/src/build/learning_pkg_c
