-- The CXX compiler identification is GNU 11.4.0
-- Detecting CXX compiler ABI info
-- Detecting CXX compiler ABI info - done
-- Check for working CXX compiler: /usr/bin/c++ - skipped
-- Detecting CXX compile features
-- Detecting CXX compile features - done
-- Found OpenCV: /usr (found suitable version "4.5.4", minimum required is "4") found components: core imgproc highgui 
-- Looking for C++ include pthread.h
-- Looking for C++ include pthread.h - found
-- Performing Test CMAKE_HAVE_LIBC_PTHREAD
-- Performing Test CMAKE_HAVE_LIBC_PTHREAD - Success
-- Found Threads: TRUE  
-- Configuring done
-- Generating done
-- Build files have been written to: /home/rm/sp_vision_tutorial_27/build/modern_cpp_opencv_lesson
[  8%] [32mBuilding CXX object cmake/ex2/CMakeFiles/ex2.dir/main.cpp.o[0m
[ 16%] [32mBuilding CXX object cmake/ex1/CMakeFiles/ex1.dir/main.cpp.o[0m
[ 41%] [32mBuilding CXX object cmake/demos/CMakeFiles/lifetime.dir/lifetime.cpp.o[0m
[ 41%] [32mBuilding CXX object cmake/ex3/CMakeFiles/ex3.dir/main.cpp.o[0m
[ 41%] [32mBuilding CXX object cmake/ex4/CMakeFiles/ex4.dir/main.cpp.o[0m
[ 50%] [32mBuilding CXX object cmake/demos/CMakeFiles/lambda.dir/lambda.cpp.o[0m
[01m[K/home/rm/sp_vision_tutorial_27/lecture3/ex1/main.cpp:[m[K In function ‘[01m[Kint main()[m[K’:
[01m[K/home/rm/sp_vision_tutorial_27/lecture3/ex1/main.cpp:6:7:[m[K [01;35m[Kwarning: [m[Kunused variable ‘[01m[Kx[m[K’ [[01;35m[K]8;;https://gcc.gnu.org/onlinedocs/gcc/Warning-Options.html#index-Wunused-variable-Wunused-variable]8;;[m[K]
    6 |   int [01;35m[Kx[m[K = 42;
      |       [01;35m[K^[m[K
[ 58%] [32m[1mLinking CXX executable ../../ex2[0m
[ 66%] [32m[1mLinking CXX executable ../../lifetime[0m
[ 75%] [32m[1mLinking CXX executable ../../lambda[0m
[ 83%] [32m[1mLinking CXX executable ../../ex1[0m
[ 83%] Built target ex2
[ 91%] [32m[1mLinking CXX executable ../../ex4[0m
[ 91%] Built target lifetime
[ 91%] Built target ex1
[ 91%] Built target lambda
[ 91%] Built target ex4
[100%] [32m[1mLinking CXX executable ../../ex3[0m
[100%] Built target ex3
