[0.030s] Invoking command in '/home/rm/sp_vision_tutorial_27/lecture4/build/qos_debugger': AMENT_PREFIX_PATH=/home/rm/sp_vision_tutorial_27/lecture4/install/nav_hw_interfaces:${AMENT_PREFIX_PATH} CMAKE_PREFIX_PATH=/home/rm/sp_vision_tutorial_27/lecture4/install/nav_hw_interfaces:/opt/ros/humble LD_LIBRARY_PATH=/home/rm/sp_vision_tutorial_27/lecture4/install/nav_hw_interfaces/lib:/opt/MVS/lib/64:/opt/MVS/lib/32:/opt/ros/humble/opt/rviz_ogre_vendor/lib:/opt/ros/humble/lib/x86_64-linux-gnu:/opt/ros/humble/lib:/opt/MVS/lib/64:/opt/MVS/lib/32:/opt/MVS/lib/64:/opt/MVS/lib/32:/opt/MVS/lib/64:/opt/MVS/lib/32 PYTHONPATH=/home/rm/sp_vision_tutorial_27/lecture4/install/nav_hw_interfaces/local/lib/python3.10/dist-packages:${PYTHONPATH} /usr/bin/cmake /home/rm/sp_vision_tutorial_27/lecture4/homework/src/qos_debugger -DCMAKE_INSTALL_PREFIX=/home/rm/sp_vision_tutorial_27/lecture4/install/qos_debugger
[0.149s] -- The C compiler identification is GNU 11.4.0
[0.239s] -- The CXX compiler identification is GNU 11.4.0
[0.255s] -- Detecting C compiler ABI info
[0.392s] -- Detecting C compiler ABI info - done
[0.398s] -- Check for working C compiler: /usr/bin/cc - skipped
[0.398s] -- Detecting C compile features
[0.399s] -- Detecting C compile features - done
[0.406s] -- Detecting CXX compiler ABI info
[0.542s] -- Detecting CXX compiler ABI info - done
[0.550s] -- Check for working CXX compiler: /usr/bin/c++ - skipped
[0.550s] -- Detecting CXX compile features
[0.555s] -- Detecting CXX compile features - done
[0.563s] -- Found ament_cmake: 1.3.14 (/opt/ros/humble/share/ament_cmake/cmake)
[0.799s] -- Found Python3: /usr/bin/python3 (found version "3.10.12") found components: Interpreter 
[0.934s] -- Found rclcpp: 16.0.21 (/opt/ros/humble/share/rclcpp/cmake)
[0.976s] -- Found rosidl_generator_c: 3.1.9 (/opt/ros/humble/share/rosidl_generator_c/cmake)
[0.976s] -- Found rosidl_adapter: 3.1.9 (/opt/ros/humble/share/rosidl_adapter/cmake)
[0.980s] -- Found rosidl_generator_cpp: 3.1.9 (/opt/ros/humble/share/rosidl_generator_cpp/cmake)
[0.993s] -- Using all available rosidl_typesupport_c: rosidl_typesupport_fastrtps_c;rosidl_typesupport_introspection_c
[0.994s] -- Using all available rosidl_typesupport_cpp: rosidl_typesupport_fastrtps_cpp;rosidl_typesupport_introspection_cpp
[1.017s] -- Found rmw_implementation_cmake: 6.1.4 (/opt/ros/humble/share/rmw_implementation_cmake/cmake)
[1.018s] -- Found rmw_fastrtps_cpp: 6.2.10 (/opt/ros/humble/share/rmw_fastrtps_cpp/cmake)
[1.172s] -- Found OpenSSL: /usr/lib/x86_64-linux-gnu/libcrypto.so (found version "3.0.2")  
[1.208s] -- Found FastRTPS: /opt/ros/humble/include  
[1.259s] -- Using RMW implementation 'rmw_fastrtps_cpp' as default
[1.271s] -- Looking for pthread.h
[1.425s] -- Looking for pthread.h - found
[1.425s] -- Performing Test CMAKE_HAVE_LIBC_PTHREAD
[1.563s] -- Performing Test CMAKE_HAVE_LIBC_PTHREAD - Success
[1.564s] -- Found Threads: TRUE  
[1.648s] -- Found nav_hw_interfaces: 0.0.0 (/home/rm/sp_vision_tutorial_27/lecture4/install/nav_hw_interfaces/share/nav_hw_interfaces/cmake)
[1.740s] -- Configuring done
[1.763s] -- Generating done
[1.769s] -- Build files have been written to: /home/rm/sp_vision_tutorial_27/lecture4/build/qos_debugger
[1.781s] Invoked command in '/home/rm/sp_vision_tutorial_27/lecture4/build/qos_debugger' returned '0': AMENT_PREFIX_PATH=/home/rm/sp_vision_tutorial_27/lecture4/install/nav_hw_interfaces:${AMENT_PREFIX_PATH} CMAKE_PREFIX_PATH=/home/rm/sp_vision_tutorial_27/lecture4/install/nav_hw_interfaces:/opt/ros/humble LD_LIBRARY_PATH=/home/rm/sp_vision_tutorial_27/lecture4/install/nav_hw_interfaces/lib:/opt/MVS/lib/64:/opt/MVS/lib/32:/opt/ros/humble/opt/rviz_ogre_vendor/lib:/opt/ros/humble/lib/x86_64-linux-gnu:/opt/ros/humble/lib:/opt/MVS/lib/64:/opt/MVS/lib/32:/opt/MVS/lib/64:/opt/MVS/lib/32:/opt/MVS/lib/64:/opt/MVS/lib/32 PYTHONPATH=/home/rm/sp_vision_tutorial_27/lecture4/install/nav_hw_interfaces/local/lib/python3.10/dist-packages:${PYTHONPATH} /usr/bin/cmake /home/rm/sp_vision_tutorial_27/lecture4/homework/src/qos_debugger -DCMAKE_INSTALL_PREFIX=/home/rm/sp_vision_tutorial_27/lecture4/install/qos_debugger
[1.785s] Invoking command in '/home/rm/sp_vision_tutorial_27/lecture4/build/qos_debugger': AMENT_PREFIX_PATH=/home/rm/sp_vision_tutorial_27/lecture4/install/nav_hw_interfaces:${AMENT_PREFIX_PATH} CMAKE_PREFIX_PATH=/home/rm/sp_vision_tutorial_27/lecture4/install/nav_hw_interfaces:/opt/ros/humble LD_LIBRARY_PATH=/home/rm/sp_vision_tutorial_27/lecture4/install/nav_hw_interfaces/lib:/opt/MVS/lib/64:/opt/MVS/lib/32:/opt/ros/humble/opt/rviz_ogre_vendor/lib:/opt/ros/humble/lib/x86_64-linux-gnu:/opt/ros/humble/lib:/opt/MVS/lib/64:/opt/MVS/lib/32:/opt/MVS/lib/64:/opt/MVS/lib/32:/opt/MVS/lib/64:/opt/MVS/lib/32 PYTHONPATH=/home/rm/sp_vision_tutorial_27/lecture4/install/nav_hw_interfaces/local/lib/python3.10/dist-packages:${PYTHONPATH} /usr/bin/cmake --build /home/rm/sp_vision_tutorial_27/lecture4/build/qos_debugger -- -j8 -l8
[1.898s] [ 25%] [32mBuilding CXX object CMakeFiles/qos_debugger_pub.dir/src/qos_debugger_pub.cpp.o[0m
[1.925s] [ 50%] [32mBuilding CXX object CMakeFiles/qos_debugger_sub.dir/src/qos_debugger_sub.cpp.o[0m
[6.404s] [ 75%] [32m[1mLinking CXX executable qos_debugger_pub[0m
[6.697s] [ 75%] Built target qos_debugger_pub
[9.143s] [100%] [32m[1mLinking CXX executable qos_debugger_sub[0m
[9.395s] [100%] Built target qos_debugger_sub
[9.403s] Invoked command in '/home/rm/sp_vision_tutorial_27/lecture4/build/qos_debugger' returned '0': AMENT_PREFIX_PATH=/home/rm/sp_vision_tutorial_27/lecture4/install/nav_hw_interfaces:${AMENT_PREFIX_PATH} CMAKE_PREFIX_PATH=/home/rm/sp_vision_tutorial_27/lecture4/install/nav_hw_interfaces:/opt/ros/humble LD_LIBRARY_PATH=/home/rm/sp_vision_tutorial_27/lecture4/install/nav_hw_interfaces/lib:/opt/MVS/lib/64:/opt/MVS/lib/32:/opt/ros/humble/opt/rviz_ogre_vendor/lib:/opt/ros/humble/lib/x86_64-linux-gnu:/opt/ros/humble/lib:/opt/MVS/lib/64:/opt/MVS/lib/32:/opt/MVS/lib/64:/opt/MVS/lib/32:/opt/MVS/lib/64:/opt/MVS/lib/32 PYTHONPATH=/home/rm/sp_vision_tutorial_27/lecture4/install/nav_hw_interfaces/local/lib/python3.10/dist-packages:${PYTHONPATH} /usr/bin/cmake --build /home/rm/sp_vision_tutorial_27/lecture4/build/qos_debugger -- -j8 -l8
[9.403s] Invoking command in '/home/rm/sp_vision_tutorial_27/lecture4/build/qos_debugger': AMENT_PREFIX_PATH=/home/rm/sp_vision_tutorial_27/lecture4/install/nav_hw_interfaces:${AMENT_PREFIX_PATH} CMAKE_PREFIX_PATH=/home/rm/sp_vision_tutorial_27/lecture4/install/nav_hw_interfaces:/opt/ros/humble LD_LIBRARY_PATH=/home/rm/sp_vision_tutorial_27/lecture4/install/nav_hw_interfaces/lib:/opt/MVS/lib/64:/opt/MVS/lib/32:/opt/ros/humble/opt/rviz_ogre_vendor/lib:/opt/ros/humble/lib/x86_64-linux-gnu:/opt/ros/humble/lib:/opt/MVS/lib/64:/opt/MVS/lib/32:/opt/MVS/lib/64:/opt/MVS/lib/32:/opt/MVS/lib/64:/opt/MVS/lib/32 PYTHONPATH=/home/rm/sp_vision_tutorial_27/lecture4/install/nav_hw_interfaces/local/lib/python3.10/dist-packages:${PYTHONPATH} /usr/bin/cmake --install /home/rm/sp_vision_tutorial_27/lecture4/build/qos_debugger
[9.408s] -- Install configuration: ""
[9.409s] -- Installing: /home/rm/sp_vision_tutorial_27/lecture4/install/qos_debugger/lib/qos_debugger/qos_debugger_pub
[9.409s] -- Set runtime path of "/home/rm/sp_vision_tutorial_27/lecture4/install/qos_debugger/lib/qos_debugger/qos_debugger_pub" to ""
[9.409s] -- Installing: /home/rm/sp_vision_tutorial_27/lecture4/install/qos_debugger/lib/qos_debugger/qos_debugger_sub
[9.411s] -- Set runtime path of "/home/rm/sp_vision_tutorial_27/lecture4/install/qos_debugger/lib/qos_debugger/qos_debugger_sub" to ""
[9.411s] -- Installing: /home/rm/sp_vision_tutorial_27/lecture4/install/qos_debugger/share/ament_index/resource_index/package_run_dependencies/qos_debugger
[9.411s] -- Installing: /home/rm/sp_vision_tutorial_27/lecture4/install/qos_debugger/share/ament_index/resource_index/parent_prefix_path/qos_debugger
[9.412s] -- Installing: /home/rm/sp_vision_tutorial_27/lecture4/install/qos_debugger/share/qos_debugger/environment/ament_prefix_path.sh
[9.412s] -- Installing: /home/rm/sp_vision_tutorial_27/lecture4/install/qos_debugger/share/qos_debugger/environment/ament_prefix_path.dsv
[9.412s] -- Installing: /home/rm/sp_vision_tutorial_27/lecture4/install/qos_debugger/share/qos_debugger/environment/path.sh
[9.412s] -- Installing: /home/rm/sp_vision_tutorial_27/lecture4/install/qos_debugger/share/qos_debugger/environment/path.dsv
[9.412s] -- Installing: /home/rm/sp_vision_tutorial_27/lecture4/install/qos_debugger/share/qos_debugger/local_setup.bash
[9.412s] -- Installing: /home/rm/sp_vision_tutorial_27/lecture4/install/qos_debugger/share/qos_debugger/local_setup.sh
[9.412s] -- Installing: /home/rm/sp_vision_tutorial_27/lecture4/install/qos_debugger/share/qos_debugger/local_setup.zsh
[9.412s] -- Installing: /home/rm/sp_vision_tutorial_27/lecture4/install/qos_debugger/share/qos_debugger/local_setup.dsv
[9.412s] -- Installing: /home/rm/sp_vision_tutorial_27/lecture4/install/qos_debugger/share/qos_debugger/package.dsv
[9.412s] -- Installing: /home/rm/sp_vision_tutorial_27/lecture4/install/qos_debugger/share/ament_index/resource_index/packages/qos_debugger
[9.412s] -- Installing: /home/rm/sp_vision_tutorial_27/lecture4/install/qos_debugger/share/qos_debugger/cmake/qos_debuggerConfig.cmake
[9.412s] -- Installing: /home/rm/sp_vision_tutorial_27/lecture4/install/qos_debugger/share/qos_debugger/cmake/qos_debuggerConfig-version.cmake
[9.412s] -- Installing: /home/rm/sp_vision_tutorial_27/lecture4/install/qos_debugger/share/qos_debugger/package.xml
[9.415s] Invoked command in '/home/rm/sp_vision_tutorial_27/lecture4/build/qos_debugger' returned '0': AMENT_PREFIX_PATH=/home/rm/sp_vision_tutorial_27/lecture4/install/nav_hw_interfaces:${AMENT_PREFIX_PATH} CMAKE_PREFIX_PATH=/home/rm/sp_vision_tutorial_27/lecture4/install/nav_hw_interfaces:/opt/ros/humble LD_LIBRARY_PATH=/home/rm/sp_vision_tutorial_27/lecture4/install/nav_hw_interfaces/lib:/opt/MVS/lib/64:/opt/MVS/lib/32:/opt/ros/humble/opt/rviz_ogre_vendor/lib:/opt/ros/humble/lib/x86_64-linux-gnu:/opt/ros/humble/lib:/opt/MVS/lib/64:/opt/MVS/lib/32:/opt/MVS/lib/64:/opt/MVS/lib/32:/opt/MVS/lib/64:/opt/MVS/lib/32 PYTHONPATH=/home/rm/sp_vision_tutorial_27/lecture4/install/nav_hw_interfaces/local/lib/python3.10/dist-packages:${PYTHONPATH} /usr/bin/cmake --install /home/rm/sp_vision_tutorial_27/lecture4/build/qos_debugger
